10-12 17:28:11.286  1624  1996 I InputReader: Touch event's action is 0x1 (id=3, t=0) [pCnt=1, s=] when=262976.574166
10-12 17:28:11.286  1624  1995 I InputDispatcher: Delivering touch to (2918): action: 0x1, f=0x0, d=0, '1c5cc3 ', t=1 
10-12 17:28:11.288  2918  2918 W BaseDragLayer: findActiveController return false mTouchDispatchState = 9
10-12 17:28:11.288  2918  2918 I ViewRootImpl@1b999d5[LauncherActivity]: ViewPostIme pointer 1
10-12 17:28:11.288  2918  2918 W BaseDragLayer: findActiveController return false mTouchDispatchState = 0
10-12 17:28:11.289  1624  1624 D AS.AudioService: onReceive close all
10-12 17:28:11.289  2918  2918 I RecentsViewCallbacksImpl: addDismissedTaskAnimations
10-12 17:28:11.289  2918  2918 I RecentsViewCallbacksImpl: addDismissedTaskAnimations
10-12 17:28:11.289  2918  2918 I RecentsViewCallbacksImpl: addDismissedTaskAnimations
10-12 17:28:11.289  2918  2918 I RecentsViewCallbacksImpl: addDismissedTaskAnimations
10-12 17:28:11.290  2918  2918 I RecentsViewCallbacksImpl: addDismissedTaskAnimations
10-12 17:28:11.291  1275  1541 V APM_AudioPolicyManager: setAudioPolicyConfig: l_recovery_restarting=true
10-12 17:28:11.293  1275  1541 V APM_AudioPolicyManager: resetByRecovery: keys [l_clients_inactive=4197], result []
10-12 17:28:11.294  1275  1541 D SecAudioParamFlinger: AudioFlinger::setParameter g_recovery_restarting restartMode:true
10-12 17:28:11.295  1172  1885 V sec_audio_hw: sec_dev_set_parameters : l_recovery_restarting=true
10-12 17:28:11.296  1172  1885 D audio_hw_primary: device-adev_set_parameters: enter
10-12 17:28:11.296  1172  1885 D audio_hw_primary: device-adev_set_parameters: param (l_recovery_restarting=true)
10-12 17:28:11.296  1172  1885 I audio_hw_primary_odm: odm_adev_set_parameters: enter with key(l_recovery_restarting=true)
10-12 17:28:11.296  1172  1885 V audio_hw_primary: device-adev_set_parameters: exit (l_recovery_restarting=true)
10-12 17:28:11.297  1172  1885 I Audio_a2dpsink_hw: adev_set_parameters: kevpairs=[l_recovery_restarting=true]
10-12 17:28:11.344  1624  2235 D SemNscXgbMsL1: Probability - Cloud gaming: [0.034027085]
10-12 17:28:11.345  1624  2235 D SemNscXgbMsL1: Probability - Real time: [0.87018734]
10-12 17:28:11.345  1624  2235 D SemNscXgbMsL1: Probability - Non real time: [0.44134352]
10-12 17:28:11.345  1624  2235 D SemNscXgbMsL1: 1 sample inference time: 0.346693 msecs
10-12 17:28:11.345  1624  2235 D SemNscXgbL2Rt: L2 RT 1 sample inference time: 0.656039 msecs
10-12 17:28:11.346  1624  2235 D SemNscXgbL2Nrt: L2 NRT 1 sample inference time: 0.664308 msecs
10-12 17:28:11.515  1624  3825 D SemWifiUsabilityStatsMonitor: onWifiUsabilityStats - seqNum 62217, isSameBssidAndFreq true
10-12 17:28:11.516  1624  2237 I SemWifiLinkQualityMonitor: Link Qos Query: 0.148 ms / 54.235 Mbps (144 / 0.029 / 1.750)
10-12 17:28:11.516  2374  2374 D NetworkController.WifiSignalController: notifyListener: visible=true, connected=true, inetCondition=1, isDefault=true, wifiTestReported=true, receivedInetCondition=-1, hideDuringMobileSwitching=false
10-12 17:28:11.539  1624  1624 I GestureDetector: handleMessage TAP
10-12 17:28:11.539  1624  1765 I GestureDetector: handleMessage TAP
10-12 17:28:11.602  2918  2918 I RecentsView: runOnPageScrollsInitialized() called with: callback = [com.android.launcher3.j5@7415dc9]
10-12 17:28:11.602  2918  2918 I RecentsView: pageScrollsInitialized: false
10-12 17:28:11.602  2918  2918 I RecentsView: runOnPageScrollsInitialized() called with: callback = [com.android.launcher3.j5@3de5cce]
10-12 17:28:11.602  2918  2918 I RecentsView: pageScrollsInitialized: false
10-12 17:28:11.602  2918  2918 I RecentsView: runOnPageScrollsInitialized() called with: callback = [com.android.launcher3.j5@b4877ef]
10-12 17:28:11.602  2918  2918 I RecentsView: pageScrollsInitialized: false
10-12 17:28:11.602  2918  2918 I RecentsView: runOnPageScrollsInitialized() called with: callback = [com.android.launcher3.j5@44012fc]
10-12 17:28:11.602  2918  2918 I RecentsView: pageScrollsInitialized: false
10-12 17:28:11.602  2918  2918 I HsClearAllManager: alpha value: [1.0, 1.0, 1.0, 0.0, 1.0]
10-12 17:28:11.602  2918  2918 I RecentsView: runOnPageScrollsInitialized() called with: callback = [com.android.launcher3.j5@ff90d85]
10-12 17:28:11.603  2918  2918 I RecentsView: pageScrollsInitialized: false
10-12 17:28:11.603  2918  2918 I DecorView: notifyKeepScreenOnChanged: keepScreenOn=false
10-12 17:28:11.603  2918  2918 I StateManager: goToState Normal delay : 0
10-12 17:28:11.603  2918  2918 I StateManager: goToStateAnimated mStateChanged is True
10-12 17:28:11.603  2918  2918 I StateManager: createAnimationToNewWorkspaceInternal : Normal
10-12 17:28:11.603  2918  2918 I AppsTransitionController: setStateWithAnimation - toState : Normal
10-12 17:28:11.603  2918  2918 I HomeStateTransitionController: workspace child count: 2
10-12 17:28:11.604  2918  2918 I PartialBlurUtils: finishExitingPageEdit
10-12 17:28:11.604  2918  2918 I PartialBlurUtils: finishExitingPageEdit
10-12 17:28:11.604  2918  2918 I CapturePreview: notifyCaptureIfNecessary
10-12 17:28:11.604  2918  2918 I CapturePreview: sendMessageForCapture
10-12 17:28:11.605  2918  2918 I SuggestedAppsAnimationCreator: createAnimator: show = false
10-12 17:28:11.605  2918  2918 I SuggestedAppsAnimationCreator: initProperties: alpha = 1.0
10-12 17:28:11.605  2918  2918 I SuggestedAppsAnimationCreator: cancelAnimator
10-12 17:28:11.605  2918  2918 I FolderTransitionController: setStateWithAnimation : Normal
10-12 17:28:11.605  2918  2918 I FolderTransitionController: setFolderProperty : Normal,Overview,Normal
10-12 17:28:11.605  2918  2918 I PageEditTransitionController: setStateWithAnimation - from : Overview to : Normal
10-12 17:28:11.605  2918  2918 I StateManager: goToStateAnimated to Normal
10-12 17:28:11.606  2918  2918 I ViewRootImpl@1b999d5[LauncherActivity]: performTraversals params={(0,0)(fillxfill) sim={adjust=nothing} layoutInDisplayCutoutMode=shortEdges ty=BASE_APPLICATION fmt=TRANSPARENT wanim=0x10302f4
10-12 17:28:11.606  2918  2918 I ViewRootImpl@1b999d5[LauncherActivity]:   fl=81910100
10-12 17:28:11.606  2918  2918 I ViewRootImpl@1b999d5[LauncherActivity]:   pfl=1e020040
10-12 17:28:11.606  2918  2918 I ViewRootImpl@1b999d5[LauncherActivity]:   vsysui=1700
10-12 17:28:11.606  2918  2918 I ViewRootImpl@1b999d5[LauncherActivity]:   bhv=SHOW_TRANSIENT_BARS_BY_SWIPE
10-12 17:28:11.606  2918  2918 I ViewRootImpl@1b999d5[LauncherActivity]:   fitSides= screenDimDuration=200000 naviIconColor=0}
10-12 17:28:11.606  2918  2918 I ViewRootImpl@1b999d5[LauncherActivity]: performTraversals mFirst=false windowShouldResize=false viewVisibilityChanged=false mForceNextWindowRelayout=false params={(0,0)(fillxfill) sim={adjust=nothing} layoutInDisplayCutoutMode=shortEdges ty=BASE_APPLICATION fmt=TRANSPARENT wanim=0x10302f4
10-12 17:28:11.606  2918  2918 I ViewRootImpl@1b999d5[LauncherActivity]:   fl=81910100
10-12 17:28:11.606  2918  2918 I ViewRootImpl@1b999d5[LauncherActivity]:   pfl=1e020040
10-12 17:28:11.606  2918  2918 I ViewRootImpl@1b999d5[LauncherActivity]:   vsysui=1700
10-12 17:28:11.606  2918  2918 I ViewRootImpl@1b999d5[LauncherActivity]:   bhv=SHOW_TRANSIENT_BARS_BY_SWIPE
10-12 17:28:11.606  2918  2918 I ViewRootImpl@1b999d5[LauncherActivity]:   fitSides= screenDimDuration=200000 naviIconColor=0}
10-12 17:28:11.607  1624  4104 V WindowManager: Relayout Window{1c5cc3 u0 com.sec.android.app.launcher/com.sec.android.app.launcher.activities.LauncherActivity}: viewVisibility=0 req=1080x2400 d0
10-12 17:28:11.613  1624  4104 V WindowManager: Relayout hash=1c5cc3, pid=2918, syncId=-1: mAttrs={(0,0)(fillxfill) sim={adjust=nothing} layoutInDisplayCutoutMode=shortEdges ty=BASE_APPLICATION fmt=TRANSPARENT wanim=0x10302f4
10-12 17:28:11.613  1624  4104 V WindowManager:   fl=81910100
10-12 17:28:11.613  1624  4104 V WindowManager:   pfl=1e020040
10-12 17:28:11.613  1624  4104 V WindowManager:   vsysui=1700
10-12 17:28:11.613  1624  4104 V WindowManager:   bhv=SHOW_TRANSIENT_BARS_BY_SWIPE
10-12 17:28:11.613  1624  4104 V WindowManager:   fitSides= screenDimDuration=200000 naviIconColor=0}
10-12 17:28:11.614  2918  2918 I ViewRootImpl@1b999d5[LauncherActivity]: updateBlastSurfaceIfNeeded mBlastBufferQueue=0xb40000730d8d7d10 isSameSurfaceControl=true
10-12 17:28:11.614  2918  2918 I BLASTBufferQueue: update, w= 1080 h= 2400 mName = ViewRootImpl@1b999d5[LauncherActivity] mNativeObject= 0xb40000730d8d7d10 sc.mNativeObject= 0xb40000729d875e10 format= -2 caller= android.view.ViewRootImpl.updateBlastSurfaceIfNeeded:2898 android.view.ViewRootImpl.relayoutWindow:9847 android.view.ViewRootImpl.performTraversals:3884 android.view.ViewRootImpl.doTraversal:3116 android.view.ViewRootImpl$TraversalRunnable.run:10885 android.view.Choreographer$CallbackRecord.run:1301 
10-12 17:28:11.614  2918  2918 I ViewRootImpl@1b999d5[LauncherActivity]: Relayout returned: old=(0,0,1080,2400) new=(0,0,1080,2400) req=(1080,2400)0 dur=8 res=0x0 s={true 0xb40000739da62110} ch=false seqId=0
10-12 17:28:11.614  2918  2918 I RecentsView: pageScrollsInitialized: false
10-12 17:28:11.616  2918  2918 W SearchLauncherServiceMover: isMoving : false
10-12 17:28:11.616  2918  2918 I SPayUpdater: CurrentStage is not Home, can't show spayHandler
10-12 17:28:11.616  2918  2918 I StateManager: onAnimationStart state : Normal
10-12 17:28:11.616  2918  2918 I StateManager: onStateTransitionStart mState = Normal
10-12 17:28:11.617  2918  2918 I Launcher: onStateSetEnd for widget host, state : Normal
10-12 17:28:11.617  2918  2918 W LauncherAppWidgetHost: setShouldListenFlag, mFlags:7 flag:resume on:true isFront:false
10-12 17:28:11.617  2918  2918 I BaseActivity: addActivityFlags, flags : 64
10-12 17:28:11.617  2918  2918 I RecentsView: setOverviewStateEnabled false
10-12 17:28:11.617  2918  2918 I RecentsOrientedState: current RecentsOrientedState: [this=RecentsOrientedState@18444887 mOrientationHandler=PortraitPagedViewHandler@251027780 mDisplayRotation=0 mTouchRotation=0 mRecentsActivityRotation=0 mRecentsRotation=0 isRecentsActivityRotationAllowed=false mSystemRotation=false mStateId=45440 mFlags=291]
10-12 17:28:11.617  2918  2918 I WhiteBgColorNotifier: changeWhiteBgSystemUIColor type = 4 supportWhiteBg : true forced : false mStatusBarColorIsDark true mNavigationBarColorIsDark true
10-12 17:28:11.617  2918  2918 I WhiteBgColorNotifier: changeWhiteBgSystemUIColor type = 5 supportWhiteBg : true forced : false mStatusBarColorIsDark true mNavigationBarColorIsDark true
10-12 17:28:11.618  2918  2918 I ViewRootImpl@1b999d5[LauncherActivity]: performTraversals params={(0,0)(fillxfill) sim={adjust=nothing} layoutInDisplayCutoutMode=shortEdges ty=BASE_APPLICATION fmt=TRANSPARENT wanim=0x10302f4
10-12 17:28:11.618  2918  2918 I ViewRootImpl@1b999d5[LauncherActivity]:   fl=81910100
10-12 17:28:11.618  2918  2918 I ViewRootImpl@1b999d5[LauncherActivity]:   pfl=1e020040
10-12 17:28:11.618  2918  2918 I ViewRootImpl@1b999d5[LauncherActivity]:   vsysui=1700
10-12 17:28:11.618  2918  2918 I ViewRootImpl@1b999d5[LauncherActivity]:   apr=LIGHT_STATUS_BARS LIGHT_NAVIGATION_BARS
10-12 17:28:11.618  2918  2918 I ViewRootImpl@1b999d5[LauncherActivity]:   bhv=SHOW_TRANSIENT_BARS_BY_SWIPE
10-12 17:28:11.618  2918  2918 I ViewRootImpl@1b999d5[LauncherActivity]:   fitSides= screenDimDuration=200000 naviIconColor=0}
10-12 17:28:11.619  2918  2918 I ViewRootImpl@1b999d5[LauncherActivity]: performTraversals mFirst=false windowShouldResize=false viewVisibilityChanged=false mForceNextWindowRelayout=false params={(0,0)(fillxfill) sim={adjust=nothing} layoutInDisplayCutoutMode=shortEdges ty=BASE_APPLICATION fmt=TRANSPARENT wanim=0x10302f4
10-12 17:28:11.619  2918  2918 I ViewRootImpl@1b999d5[LauncherActivity]:   fl=81910100
10-12 17:28:11.619  2918  2918 I ViewRootImpl@1b999d5[LauncherActivity]:   pfl=1e020040
10-12 17:28:11.619  2918  2918 I ViewRootImpl@1b999d5[LauncherActivity]:   vsysui=1700
10-12 17:28:11.619  2918  2918 I ViewRootImpl@1b999d5[LauncherActivity]:   apr=LIGHT_STATUS_BARS LIGHT_NAVIGATION_BARS
10-12 17:28:11.619  2918  2918 I ViewRootImpl@1b999d5[LauncherActivity]:   bhv=SHOW_TRANSIENT_BARS_BY_SWIPE
10-12 17:28:11.619  2918  2918 I ViewRootImpl@1b999d5[LauncherActivity]:   fitSides= screenDimDuration=200000 naviIconColor=0}
10-12 17:28:11.620  1624  4104 V WindowManager: Relayout Window{1c5cc3 u0 com.sec.android.app.launcher/com.sec.android.app.launcher.activities.LauncherActivity}: viewVisibility=0 req=1080x2400 d0
10-12 17:28:11.620  1624  4104 D WindowManager: updateSystemBarAttributes: displayId=0, win=Window{1c5cc3 u0 com.sec.android.app.launcher/com.sec.android.app.launcher.activities.LauncherActivity}, navColorWin=Window{1c5cc3 u0 com.sec.android.app.launcher/com.sec.android.app.launcher.activities.LauncherActivity}, focusedCanBeNavColorWin=false, behavior=2, appearance=24, statusBarAppearanceRegions=[AppearanceRegion{LIGHT_STATUS_BARS bounds=[0,0][1080,2400]}], requestedVisibilities=ITYPE_STATUS_BAR: visible, ITYPE_NAVIGATION_BAR: visible, ITYPE_CLIMATE_BAR: visible, ITYPE_EXTRA_NAVIGATION_BAR: visible, ITYPE_LOCAL_NAVIGATION_BAR_1: visible, ITYPE_LOCAL_NAVIGATION_BAR_2: visible, from=com.android.server.wm.DisplayPolicy.finishPostLayoutPolicyLw:2527 com.android.server.wm.DisplayContent.applySurfaceChangesTransaction:5713 com.android.server.wm.RootWindowContainer.applySurfaceChangesTransaction:1234 
10-12 17:28:11.621  2374  2374 D SamsungLightBarControlHelper: onStatusBarAppearanceChanged() -  sbModeChanged:false, statusBarMode:MODE_TRANSPARENT, barState:SHADE, isKeyguardShowing:false, navbarColorManagedByIme:false, stackAppearancesChanged:true, (AppearanceRegion{LIGHT_STATUS_BARS bounds=[0,0][1080,2400]}, ), packageName:com.sec.android.app.launcher
10-12 17:28:11.621  2374  2374 D NavigationBar: onSystemBarAttributesChanged() -  displayId:0, appearance:24, packageName: com.sec.android.app.launcher (APPEARANCE_LIGHT_STATUS_BARS APPEARANCE_LIGHT_NAVIGATION_BARS ), navbarColorManagedByIme:false
10-12 17:28:11.622  2374  2374 D SamsungLightBarControlHelper: updateNavigation(Black button) isLightBar:false, hasLightBarNavigationBarFlag:true, packageName:com.sec.android.app.launcher, DirectReplying:false, NavBarColorManagerdByIme:false, ForceDarkForScrim:false, QsCustomizing:false, PanelHasWhiteBg:true
10-12 17:28:11.622  1624  4104 V WindowManager: Relayout hash=1c5cc3, pid=2918, syncId=-1: mAttrs={(0,0)(fillxfill) sim={adjust=nothing} layoutInDisplayCutoutMode=shortEdges ty=BASE_APPLICATION fmt=TRANSPARENT wanim=0x10302f4
10-12 17:28:11.622  1624  4104 V WindowManager:   fl=81910100
10-12 17:28:11.622  1624  4104 V WindowManager:   pfl=1e020040
10-12 17:28:11.622  1624  4104 V WindowManager:   vsysui=1700
10-12 17:28:11.622  1624  4104 V WindowManager:   apr=LIGHT_STATUS_BARS LIGHT_NAVIGATION_BARS
10-12 17:28:11.622  1624  4104 V WindowManager:   bhv=SHOW_TRANSIENT_BARS_BY_SWIPE
10-12 17:28:11.622  1624  4104 V WindowManager:   fitSides= screenDimDuration=200000 naviIconColor=0}
10-12 17:28:11.622  2374  2374 D SamsungLightBarControlHelper: updateStatus(BLACK icon) NumStacks:1, StatusBarMode:MODE_TRANSPARENT, lightBarBounds:[Rect(0, 0 - 1080, 2400)], StatusBarState:SHADE, packageName:com.sec.android.app.launcher, isWhiteKeyguardStatusBarBySettings:false
10-12 17:28:11.623  2918  2918 I ViewRootImpl@1b999d5[LauncherActivity]: updateBlastSurfaceIfNeeded mBlastBufferQueue=0xb40000730d8d7d10 isSameSurfaceControl=true
10-12 17:28:11.623  2918  2918 I BLASTBufferQueue: update, w= 1080 h= 2400 mName = ViewRootImpl@1b999d5[LauncherActivity] mNativeObject= 0xb40000730d8d7d10 sc.mNativeObject= 0xb40000729d8bca60 format= -2 caller= android.view.ViewRootImpl.updateBlastSurfaceIfNeeded:2898 android.view.ViewRootImpl.relayoutWindow:9847 android.view.ViewRootImpl.performTraversals:3884 android.view.ViewRootImpl.doTraversal:3116 android.view.ViewRootImpl$TraversalRunnable.run:10885 android.view.Choreographer$CallbackRecord.run:1301 
10-12 17:28:11.623  2918  2918 I ViewRootImpl@1b999d5[LauncherActivity]: Relayout returned: old=(0,0,1080,2400) new=(0,0,1080,2400) req=(1080,2400)0 dur=4 res=0x0 s={true 0xb40000739da62110} ch=false seqId=0
10-12 17:28:11.634  1281  1281 D SurfaceFlinger: GPIS:: requestGPIS
10-12 17:28:11.640  2918  2918 I WallpaperBlurController: dispatchTransactionSurface: mCurrentBlur = 138
10-12 17:28:11.648  2374  2374 I ViewRootImpl@43d51e6[NotificationShade]: performTraversals mFirst=false windowShouldResize=false viewVisibilityChanged=false mForceNextWindowRelayout=false params={(0,0)(fillxfill) gr=TOP CENTER_VERTICAL sim={adjust=resize} layoutInDisplayCutoutMode=always ty=NOTIFICATION_SHADE fmt=TRANSLUCENT
10-12 17:28:11.648  2374  2374 I ViewRootImpl@43d51e6[NotificationShade]:   fl=81840048
10-12 17:28:11.648  2374  2374 I ViewRootImpl@43d51e6[NotificationShade]:   pfl=1b000000
10-12 17:28:11.648  2374  2374 I ViewRootImpl@43d51e6[NotificationShade]:   vsysui=2000
10-12 17:28:11.648  2374  2374 I ViewRootImpl@43d51e6[NotificationShade]:   apr=LIGHT_STATUS_BARS
10-12 17:28:11.648  2374  2374 I ViewRootImpl@43d51e6[NotificationShade]:   bhv=SHOW_TRANSIENT_BARS_BY_SWIPE
10-12 17:28:11.648  2374  2374 I ViewRootImpl@43d51e6[NotificationShade]:  dimAmount=0.0 naviIconColor=0
10-12 17:28:11.648  2374  2374 I ViewRootImpl@43d51e6[NotificationShade]:   sfl=40000}
10-12 17:28:11.649  1624  4104 V WindowManager: Relayout Window{c25a5a0 u0 NotificationShade}: viewVisibility=4 req=1080x2400 d0
10-12 17:28:11.651  2918  2918 I WallpaperBlurController: dispatchTransactionSurface: mCurrentBlur = 127
10-12 17:28:11.651  1624  4104 V WindowManager: Relayout hash=c25a5a0, pid=2374, syncId=-1: mAttrs={(0,0)(fillxfill) gr=TOP CENTER_VERTICAL sim={adjust=resize} layoutInDisplayCutoutMode=always ty=NOTIFICATION_SHADE fmt=TRANSLUCENT
10-12 17:28:11.651  1624  4104 V WindowManager:   fl=81840048
10-12 17:28:11.651  1624  4104 V WindowManager:   pfl=1b000000
10-12 17:28:11.651  1624  4104 V WindowManager:   vsysui=2000
10-12 17:28:11.651  1624  4104 V WindowManager:   apr=LIGHT_STATUS_BARS
10-12 17:28:11.651  1624  4104 V WindowManager:   bhv=SHOW_TRANSIENT_BARS_BY_SWIPE
10-12 17:28:11.651  1624  4104 V WindowManager:  dimAmount=0.0 naviIconColor=0
10-12 17:28:11.651  1624  4104 V WindowManager:   sfl=40000}
10-12 17:28:11.655  2374  2374 I ViewRootImpl@43d51e6[NotificationShade]: Relayout returned: old=(0,0,1080,2400) new=(0,0,1080,2400) req=(1080,2400)4 dur=7 res=0x0 s={false 0x0} ch=false seqId=44
10-12 17:28:11.657  2374  2374 I FaceWidgetPositionAlgorithm: getClockContainerHeight() supplier = 309, bottom margin = 0, real height = 381
10-12 17:28:11.657  2374  2374 I FaceWidgetPositionAlgorithm: getClockContainerHeight() supplier = 309, bottom margin = 72, real height = 381
10-12 17:28:11.657  2374  2374 I FaceWidgetPositionAlgorithm: getMediaContainerHeight() height = 0 container Visibility = 8, isValid = true, mIsDozing = false, fraction = 1.0, source = 0, target = 0
10-12 17:28:11.657  2374  2374 I FaceWidgetPositionAlgorithm: getMediaContainerHeight() supplier = 0
10-12 17:28:11.667  1281  1281 D Layer   : [SEC_SF_EFFECTS] setBlurRegions ## {radius=138u, cornerRadii=[0.000000, 0.000000, 0.000000, 0.000000], alpha=2.756863, rect=[0, 0, 1080, 2400]
10-12 17:28:11.668  2918  2918 I WallpaperBlurController: dispatchTransactionSurface: mCurrentBlur = 117
10-12 17:28:11.684  1281  1281 D Layer   : [SEC_SF_EFFECTS] setBlurRegions ## {radius=127u, cornerRadii=[0.000000, 0.000000, 0.000000, 0.000000], alpha=2.537255, rect=[0, 0, 1080, 2400]
10-12 17:28:11.684  2918  2918 I WallpaperBlurController: dispatchTransactionSurface: mCurrentBlur = 106
10-12 17:28:11.700  1281  1281 D Layer   : [SEC_SF_EFFECTS] setBlurRegions ## {radius=117u, cornerRadii=[0.000000, 0.000000, 0.000000, 0.000000], alpha=2.337255, rect=[0, 0, 1080, 2400]
10-12 17:28:11.701  2918  2918 I WallpaperBlurController: dispatchTransactionSurface: mCurrentBlur = 94
10-12 17:28:11.713  1442  3247 I CameraService: onUidStateChanged: uid=10326, procState is changed. (16 -> 18)
10-12 17:28:11.713  1624  1767 I ActivityManager: Killing 22873:com.kakao.talk/u0a326 (adj 900): remove task
10-12 17:28:11.714  1624  1767 I ActivityManager: Killing 23080:com.google.android.webview:sandboxed_process0:org.chromium.content.app.SandboxedProcessService0:0/u0a326i674 (adj 920): remove task
10-12 17:28:11.714  1624  1767 D ActivityManager: [SD] user menu kill listen remove action name:com.kakao.talk uid:10326
10-12 17:28:11.714  1624  1767 D ActivityManager: [SD] user menu kill listen remove action name:com.kakao.talk uid:10326
10-12 17:28:11.715  1624  3322 D FreecessController: UFZ : com.kakao.talk(22873)
10-12 17:28:11.716  1624  1767 I ActivityManager: Killing 23999:com.sec.android.app.myfiles/u0a119 (adj 900): remove task
10-12 17:28:11.717  1624  4104 W ActivityTaskManager: Request to remove task ignored for non-existent task 9052
10-12 17:28:11.717  1624  1767 D ActivityManager: [SD] user menu kill listen remove action name:com.sec.android.app.myfiles uid:10119
10-12 17:28:11.717  1281  1281 D Layer   : [SEC_SF_EFFECTS] setBlurRegions ## {radius=106u, cornerRadii=[0.000000, 0.000000, 0.000000, 0.000000], alpha=2.117647, rect=[0, 0, 1080, 2400]
10-12 17:28:11.717  2918  2918 I WallpaperBlurController: dispatchTransactionSurface: mCurrentBlur = 84
10-12 17:28:11.723  1624  1767 I ActivityManager: Killing 25492:com.android.settings/1000 (adj 900): remove task
10-12 17:28:11.723  1624  1767 D ActivityManager: [SD] user menu kill listen remove action name:com.android.settings uid:1000
10-12 17:28:11.729  1624  3336 W LocationManagerService: onFreezeStateChanged, uid[10326]=false
10-12 17:28:11.730  1624  3322 D FreecessController: UFZ : com.kakao.talk(0), reason: Signal
10-12 17:28:11.730  1624  3322 D FreecessController: com.kakao.talk(state: Initial -> Freezeable, Reason: Signal)
10-12 17:28:11.730  1624  3336 I PowerManagerService: [PWL] SetWakeLockEnableDisable uid = 10326 , disable= false
10-12 17:28:11.730  1624  3336 I PowerManagerService: [PWL] can not change uid =  10326
10-12 17:28:11.731  1624  1775 W BroadcastQueue: Skipping deliver [background] BroadcastRecord{992adc7 u-1 android.intent.action.BATTERY_CHANGED} to ReceiverList{a568560 22873 com.kakao.talk/10326/u0 remote:f696563}: process gone or crashing
10-12 17:28:11.731  1624  1775 W BroadcastQueue: Skipping deliver [foreground] BroadcastRecord{350cff4 u-1 android.intent.action.CLOSE_SYSTEM_DIALOGS} to ReceiverList{822c47c 22873 com.kakao.talk/10326/u0 remote:228ff6f}: process gone or crashing
10-12 17:28:11.731  1624  4122 E TaskPersister: File error accessing recents directory (directory doesn't exist?).
10-12 17:28:11.732  1624  4122 E TaskPersister: File error accessing recents directory (directory doesn't exist?).
10-12 17:28:11.734  1281  1281 D Layer   : [SEC_SF_EFFECTS] setBlurRegions ## {radius=94u, cornerRadii=[0.000000, 0.000000, 0.000000, 0.000000], alpha=1.878431, rect=[0, 0, 1080, 2400]
10-12 17:28:11.734  2918  2918 I WallpaperBlurController: dispatchTransactionSurface: mCurrentBlur = 73
10-12 17:28:11.750  1281  1281 D Layer   : [SEC_SF_EFFECTS] setBlurRegions ## {radius=84u, cornerRadii=[0.000000, 0.000000, 0.000000, 0.000000], alpha=1.678431, rect=[0, 0, 1080, 2400]
10-12 17:28:11.751  2918  2918 I WallpaperBlurController: dispatchTransactionSurface: mCurrentBlur = 62
10-12 17:28:11.757  1624  1777 I libprocessgroup: Successfully killed process cgroup uid 10326 pid 22873 in 42ms
10-12 17:28:11.765  1181  1181 I android.hardware.health@2.1-service-samsung: updateLrpSysfs: write: 342
10-12 17:28:11.766  1624  2003 D BatteryService: Sending ACTION_BATTERY_CHANGED: level:60, status:2, health:2, ac:false, usb:true, wireless:false, pogo:false, misc:0x20000, charge_type:1, charger_type:0, voltage:3883, temperature:329, online:4, current_avg:183, ps:false, hvc:false, capacity:280000, current_event:0x0, current_now:105, mcc:0, mcv:0, cc:2175600, present:true, scale:100, technology:Li-ion
10-12 17:28:11.766  1624  1983 D MotionRecognitionService: [SAR]  onReceive : ACTION_BATTERY_CHANGED, Plugged: 2
10-12 17:28:11.767  1624  2275 I DeviceBatteryInfoService: action: android.intent.action.BATTERY_CHANGED
10-12 17:28:11.767  1624  2275 I DeviceBatteryInfoService: phone battery level: 60
10-12 17:28:11.767  1624  2275 I DeviceBatteryInfoService: phone battery status: 2
10-12 17:28:11.767  1281  1281 D Layer   : [SEC_SF_EFFECTS] setBlurRegions ## {radius=73u, cornerRadii=[0.000000, 0.000000, 0.000000, 0.000000], alpha=1.458824, rect=[0, 0, 1080, 2400]
10-12 17:28:11.768  2918  2918 I WallpaperBlurController: dispatchTransactionSurface: mCurrentBlur = 50
10-12 17:28:11.770  1624  1624 D PhoneWindowManagerExt: ACTION_BATTERY_CHANGED - Level=60, status=2
10-12 17:28:11.770  1624  1624 D AdaptiveBrightnessLongtermModelBuilder: Received android.intent.action.BATTERY_CHANGED
10-12 17:28:11.770  1624  1624 D SemWifiApBroadcastReceiver: Received : android.intent.action.BATTERY_CHANGED
10-12 17:28:11.771  1624  1775 W BroadcastQueue: Skipping deliver [background] BroadcastRecord{d822992 u-1 android.intent.action.BATTERY_CHANGED} to ReceiverList{a568560 22873 com.kakao.talk/10326/u0 remote:f696563}: process gone or crashing
10-12 17:28:11.771  2357  2357 D SemBigDataInfoController: Intent: android.intent.action.BATTERY_CHANGED
10-12 17:28:11.773 23901 23901 I [SCPMV2][SystemMonitorReceiver]: onReceive: android.intent.action.BATTERY_CHANGED
10-12 17:28:11.775  2374  2374 I AODBatteryManager: updateBatteryData: ACTION_BATTERY_CHANGED
10-12 17:28:11.776  2374  2374 I AODBatteryManager: saveBatteryData : AOD BatteryData [mBatteryLevel=60, mBatteryStatus=CHARGING, mBatteryPlugType=USB, mBatteryPlugged=true, mRemainingChargeTime=10060000, mBatteryChargingType=1, mBatteryChargerType=NORMAL, mBatteryOnline=USB, mBatterySwellingMode=NONE, mBatteryProtectMode=false]
10-12 17:28:11.776  2374  2374 I PowerUI : mBootCompleted = true |  mFullyConnected = true
10-12 17:28:11.776  2374  2374 I PowerUI : BATTERY_HEALTH_CHECK extraHealth=2 mBatteryMiscEvent=131072
10-12 17:28:11.776  2374  2374 W PowerUI : Plug reason
10-12 17:28:11.776  2374  2374 W PowerUI : Skip charging animation - by plug status
10-12 17:28:11.776  2374  2374 D PowerUI : priorPlugType = 2 mPlugType = 2 priorBatteryStatus = 2 mBatteryStatus = 2
10-12 17:28:11.776  2374  2374 W PowerUI : Plug reason
10-12 17:28:11.776  2374  2374 W PowerUI : Skip charging sound - by plug status
10-12 17:28:11.776  2374  2374 I PowerUI : oldMisalign : false, curMisalign : false
10-12 17:28:11.776  2374 27313 D SecPowerUI.Notification: dismissing low battery warning: level=60
10-12 17:28:11.776  2374 27313 D SecPowerUI.Notification: updateNotification mWarning=false mPlaySound=false
10-12 17:28:11.776  2374 27313 D SecPowerUI.Notification: SecBatteryStatsSnapshot{batteryLevel=60, currentBatteryMode=1, chargingTime=10060000, chargingType=11, batteryHealth=2, automaticTestMode=false, isHiccupState=false}
10-12 17:28:11.777  2374 27313 D SecPowerUI.Notification: 1. restoreScreenTimeOut - saved_value : :
10-12 17:28:11.777  2374 27313 E SecPowerUI.Notification: no saved value, so we do nothing !!
10-12 17:28:11.777  2374  2374 D SecPowerUI.Notification: showChargingNotice oldChargingType : 11 / currentChargingType : 11, oldChargingTime : 10060000 / mChargingTime : 10060000
10-12 17:28:11.777  2374  2374 D SecPowerUI.Notification: There is no change about charging status, so return!
10-12 17:28:11.777  2374  2374 D PowerUI : Battery swelling mode - priorBatterySwellingMode = 0 mBatterySwellingMode = 0 mBatteryStatus = 2
10-12 17:28:11.777  2374  2374 I PowerUI : mBatteryMiscEvent = 131072
10-12 17:28:11.777  2374  2374 D SamsungBatteryMeterDrawable: onBatteryLevelChanged isSomethingChanged: false
10-12 17:28:11.777  2374  2374 D SamsungBatteryMeterDrawable: onBatteryLevelChanged isSomethingChanged: false
10-12 17:28:11.778  2374  2374 D SamsungBatteryMeterDrawable: onBatteryLevelChanged isSomethingChanged: false
10-12 17:28:11.778  2374  2374 D SamsungBatteryMeterDrawable: onBatteryLevelChanged isSomethingChanged: false
10-12 17:28:11.778  2374  2374 D KeyguardUpdateMonitor: received broadcast android.intent.action.BATTERY_CHANGED
10-12 17:28:11.778  2374  2374 D KeyguardUpdateMonitor: handleBatteryUpdate
10-12 17:28:11.783  1202 29291 W C2BqBuffer: last successful dequeue was 45142506821 us ago, 403220 consecutive failures
10-12 17:28:11.784  1281  1281 D Layer   : [SEC_SF_EFFECTS] setBlurRegions ## {radius=62u, cornerRadii=[0.000000, 0.000000, 0.000000, 0.000000], alpha=1.239216, rect=[0, 0, 1080, 2400]
10-12 17:28:11.784  2918  2918 I WallpaperBlurController: dispatchTransactionSurface: mCurrentBlur = 41
10-12 17:28:11.789  1624  2829 D CoreBackPreview: Window{7c825db u0 com.ktmusic.geniemusic/com.ktmusic.geniemusic.home.v5.MainActivity}: Setting back callback null
10-12 17:28:11.789  1332  1332 I MSHandlerLifeCycle: removeMultiSplitHandler: no exist. decor=DecorView@613ee2a[MainActivity]
10-12 17:28:11.794  1332  2313 D CCodecBuffers: [c2.android.aac.decoder#719:1D-Input.Impl[N]] codec released a buffer owned by client (index 0)
10-12 17:28:11.796  1332  1596 D OpenGLRenderer: setSurface called with nullptr
10-12 17:28:11.796  1332  1332 I ViewRootImpl@2da5edc[MainActivity]: dispatchDetachedFromWindow
10-12 17:28:11.796  1624  2829 D InputTransport: Input channel destroyed: '7c825db', fd=805
10-12 17:28:11.796  1624  2829 W InputManager-JNI: Input channel object '7c825db com.ktmusic.geniemusic/com.ktmusic.geniemusic.home.v5.MainActivity (client)' was disposed without first being removed with the input manager!
10-12 17:28:11.796  1624  2829 D InputTransport: Input channel destroyed: '7c825db', fd=856
10-12 17:28:11.797  1624  2829 V WindowManager: Remove Window{7c825db u0 com.ktmusic.geniemusic/com.ktmusic.geniemusic.home.v5.MainActivity}: mSurfaceController=null mAnimatingExit=false mRemoveOnExit=false mHasSurface=false surfaceShowing=false animating=false app-animation=false mWillReplaceWindow=false mDisplayFrozen=false callers=com.android.server.wm.WindowState.removeIfPossible:3041 com.android.server.wm.WindowManagerService.removeWindow:2282 com.android.server.wm.Session.remove:236 android.view.IWindowSession$Stub.onTransact:743 com.android.server.wm.Session.onTransact:188 android.os.Binder.execTransactInternal:1321 
10-12 17:28:11.797  1624  2829 D RestrictionPolicy: isScreenCaptureEnabled : ret=true userId=0
10-12 17:28:11.797  1332  2313 D CCodecBuffers: [c2.android.aac.decoder#719:1D-Input.Impl[N]] codec released a buffer owned by client (index 2)
10-12 17:28:11.797  1624  2829 V WindowManager: Nulling last startingData
10-12 17:28:11.799 30692 30692 I Zygote  : Process 23080 exited due to signal 9 (Killed)
10-12 17:28:11.799  1332  1332 D InputTransport: Input channel destroyed: '7c825db', fd=251
10-12 17:28:11.800  1624  1774 W UsageStatsService: Unexpected activity event reported! (com.ktmusic.geniemusic/com.ktmusic.geniemusic.home.v5.MainActivity event : 23 instanceId : 216023411)
10-12 17:28:11.800  1281  1281 D Layer   : [SEC_SF_EFFECTS] setBlurRegions ## {radius=50u, cornerRadii=[0.000000, 0.000000, 0.000000, 0.000000], alpha=1.000000, rect=[0, 0, 1080, 2400]
10-12 17:28:11.801  1281  1281 I Layer   : id=154699 removeFromCurrentState 7c825db com.ktmusic.geniemusic/com.ktmusic.geniemusic.home.v5.MainActivity#154699 (130)
10-12 17:28:11.801  1281  1281 I SurfaceFlinger: id=154699 Removed 7c825db com.ktmusic.geniemusic/com.ktmusic.geniemusic.home.v5.MainActivity#154699 (130)
10-12 17:28:11.801  2918  2918 I WallpaperBlurController: dispatchTransactionSurface: mCurrentBlur = 29
10-12 17:28:11.801  1281  1281 I Layer   : id=154699 Destroyed 7c825db com.ktmusic.geniemusic/com.ktmusic.geniemusic.home.v5.MainActivity#154699
10-12 17:28:11.801  1281  2047 I SurfaceFlinger: id=154698 Removed ce502ad ActivityRecordInputSink com.ktmusic.geniemusic/.home.v5.MainActivity#154698 (129)
10-12 17:28:11.808  1624  1668 W ActivityManager: Scheduling restart of crashed service com.kakao.talk/org.chromium.content.app.SandboxedProcessService0:0 in 1000ms for connection
10-12 17:28:11.809  1624  2829 D CoreBackPreview: Window{fa7b7ae u0 com.ktmusic.geniemusic/com.ktmusic.geniemusic.renewalmedia.playlist.PlayListActivity}: Setting back callback null
10-12 17:28:11.811  1332  1332 I MSHandlerLifeCycle: removeMultiSplitHandler: no exist. decor=DecorView@b6f0813[PlayListActivity]
10-12 17:28:11.812  1624  1785 D BatteryExternalStatsWorker: update stats : remove-uid (1)
10-12 17:28:11.814  1442  3247 I CameraService: onUidStateChanged: uid=10326, procState is changed. (18 -> 19)
10-12 17:28:11.815  1332  1596 D OpenGLRenderer: setSurface called with nullptr
10-12 17:28:11.815  1332  1332 I ViewRootImpl@c39c350[PlayListActivity]: dispatchDetachedFromWindow
10-12 17:28:11.816  1624  1668 D InputTransport: Input channel destroyed: 'fa7b7ae', fd=857
10-12 17:28:11.816  1624  1668 W InputManager-JNI: Input channel object 'fa7b7ae com.ktmusic.geniemusic/com.ktmusic.geniemusic.renewalmedia.playlist.PlayListActivity (client)' was disposed without first being removed with the input manager!
10-12 17:28:11.816  1624  1668 D InputTransport: Input channel destroyed: 'fa7b7ae', fd=865
10-12 17:28:11.816  1624  1668 V WindowManager: Remove Window{fa7b7ae u0 com.ktmusic.geniemusic/com.ktmusic.geniemusic.renewalmedia.playlist.PlayListActivity}: mSurfaceController=null mAnimatingExit=false mRemoveOnExit=false mHasSurface=false surfaceShowing=false animating=false app-animation=false mWillReplaceWindow=false mDisplayFrozen=false callers=com.android.server.wm.WindowState.removeIfPossible:3041 com.android.server.wm.WindowManagerService.removeWindow:2282 com.android.server.wm.Session.remove:236 android.view.IWindowSession$Stub.onTransact:743 com.android.server.wm.Session.onTransact:188 android.os.Binder.execTransactInternal:1321 
10-12 17:28:11.816  1624  1668 D RestrictionPolicy: isScreenCaptureEnabled : ret=true userId=0
10-12 17:28:11.816  1624  1668 V WindowManager: Nulling last startingData
10-12 17:28:11.817  1281  1281 D Layer   : [SEC_SF_EFFECTS] setBlurRegions ## {radius=41u, cornerRadii=[0.000000, 0.000000, 0.000000, 0.000000], alpha=0.819608, rect=[0, 0, 1080, 2400]
10-12 17:28:11.817  1281  1281 I Layer   : id=154697 removeFromCurrentState ActivityRecord{32109e2 u0 com.ktmusic.geniemusic/.home.v5.MainActivity} t9040}#154697 (129)
10-12 17:28:11.817  1281  1281 I Layer   : id=154698 removeFromCurrentState ce502ad ActivityRecordInputSink com.ktmusic.geniemusic/.home.v5.MainActivity#154698 (129)
10-12 17:28:11.817  1281  1281 I SurfaceFlinger: id=154697 Removed ActivityRecord{32109e2 u0 com.ktmusic.geniemusic/.home.v5.MainActivity} t9040}#154697 (129)
10-12 17:28:11.817  1281  1281 I Layer   : id=154697 Destroyed ActivityRecord{32109e2 u0 com.ktmusic.geniemusic/.home.v5.MainActivity} t9040}#154697
10-12 17:28:11.817  1281  1281 I Layer   : id=154698 Destroyed ce502ad ActivityRecordInputSink com.ktmusic.geniemusic/.home.v5.MainActivity#154698
10-12 17:28:11.817  2918  2918 I WallpaperBlurController: dispatchTransactionSurface: mCurrentBlur = 18
10-12 17:28:11.819  1332  1332 D InputTransport: Input channel destroyed: 'fa7b7ae', fd=264
10-12 17:28:11.821  1281  2048 I SurfaceFlinger: id=154722 Removed 8014db2 ActivityRecordInputSink com.ktmusic.geniemusic/.renewalmedia.playlist.PlayListActivity#154722 (127)
10-12 17:28:11.821  1281  1320 I SurfaceFlinger: id=155187 createSurf flag=24004, Task=9040#155187
10-12 17:28:11.821  2918 16826 I RecentModel: onTaskStackChangedBackground
10-12 17:28:11.824  1624  1774 W UsageStatsService: Unexpected activity event reported! (com.ktmusic.geniemusic/com.ktmusic.geniemusic.renewalmedia.playlist.PlayListActivity event : 23 instanceId : 63309952)
10-12 17:28:11.826  1624  4104 D InputMethodManagerService: removeClient
10-12 17:28:11.826  1624  4104 D InputTransport: Input channel destroyed: 'ClientS', fd=988
10-12 17:28:11.827  1624  2447 I WindowManager: WIN DEATH: Window{b7d8c3a u0 com.sec.android.app.myfiles/com.sec.android.app.myfiles.external.ui.MainActivity}
10-12 17:28:11.827  1163  1163 I Zygote  : Process 23999 exited due to signal 9 (Killed)
10-12 17:28:11.827  1624  1785 D BatteryExternalStatsWorker: Update CPU state
10-12 17:28:11.827  1624  2447 D InputTransport: Input channel destroyed: 'b7d8c3a', fd=964
10-12 17:28:11.827  1624  2447 W InputManager-JNI: Input channel object 'b7d8c3a com.sec.android.app.myfiles/com.sec.android.app.myfiles.external.ui.MainActivity (client)' was disposed without first being removed with the input manager!
10-12 17:28:11.828  1624  2447 D InputTransport: Input channel destroyed: 'b7d8c3a', fd=972
10-12 17:28:11.828  1624  1785 D BatteryExternalStatsWorker: mStats lock released
10-12 17:28:11.828  1624  1785 D BatteryExternalStatsWorker: done updateExternalStatsLocked
10-12 17:28:11.828  1624  2447 V WindowManager: Remove Window{b7d8c3a u0 com.sec.android.app.myfiles/com.sec.android.app.myfiles.external.ui.MainActivity}: mSurfaceController=null mAnimatingExit=false mRemoveOnExit=false mHasSurface=false surfaceShowing=false animating=false app-animation=false mWillReplaceWindow=false mDisplayFrozen=false callers=com.android.server.wm.WindowState.-$$Nest$mremoveIfPossible:0 com.android.server.wm.WindowState$DeathRecipient.binderDied:3808 android.os.IBinder$DeathRecipient.binderDied:323 android.os.BinderProxy.sendDeathNotice:781 <bottom of call stack> <bottom of call stack> 
10-12 17:28:11.828  1624  2447 D RestrictionPolicy: isScreenCaptureEnabled : ret=true userId=0
10-12 17:28:11.828  1624  2447 V WindowManager: Nulling last startingData
10-12 17:28:11.832  1281  2047 I SurfaceFlinger: id=154899 Removed 9024bbe ActivityRecordInputSink com.sec.android.app.myfiles/.external.ui.MainActivity#154899 (128)
10-12 17:28:11.832  1281  2047 I SurfaceFlinger: id=155188 createSurf flag=24004, Task=9043#155188
10-12 17:28:11.834  1624  1767 W ActivityManager: setHasOverlayUi called on unknown pid: 23999
10-12 17:28:11.834  1281  1281 D Layer   : [SEC_SF_EFFECTS] setBlurRegions ## {radius=29u, cornerRadii=[0.000000, 0.000000, 0.000000, 0.000000], alpha=0.576471, rect=[0, 0, 1080, 2400]
10-12 17:28:11.834  1281  1281 I Layer   : id=154718 removeFromCurrentState fa7b7ae com.ktmusic.geniemusic/com.ktmusic.geniemusic.renewalmedia.playlist.PlayListActivity#154718 (129)
10-12 17:28:11.834  1281  1281 I Layer   : id=154717 removeFromCurrentState ActivityRecord{7e68103 u0 com.ktmusic.geniemusic/.renewalmedia.playlist.PlayListActivity} t9040}#154717 (129)
10-12 17:28:11.834  1281  1281 I Layer   : id=154722 removeFromCurrentState 8014db2 ActivityRecordInputSink com.ktmusic.geniemusic/.renewalmedia.playlist.PlayListActivity#154722 (129)
10-12 17:28:11.834  1281  1281 I Layer   : id=154683 removeFromCurrentState Task=9040#154683 (129)
10-12 17:28:11.834  1281  1281 I Layer   : id=155187 removeFromCurrentState Task=9040#155187 (129)
10-12 17:28:11.834  1281  1281 I Layer   : id=154900 removeFromCurrentState b7d8c3a com.sec.android.app.myfiles/com.sec.android.app.myfiles.external.ui.MainActivity#154900 (129)
10-12 17:28:11.834  2918  2918 I WallpaperBlurController: dispatchTransactionSurface: mCurrentBlur = 8
10-12 17:28:11.834  1281  1281 I Layer   : id=154893 removeFromCurrentState ActivityRecord{c02541f u0 com.sec.android.app.myfiles/.external.ui.MainActivity} t9043}#154893 (129)
10-12 17:28:11.834  1281  1281 I Layer   : id=154899 removeFromCurrentState 9024bbe ActivityRecordInputSink com.sec.android.app.myfiles/.external.ui.MainActivity#154899 (129)
10-12 17:28:11.834  1281  1281 I Layer   : id=154892 removeFromCurrentState Task=9043#154892 (129)
10-12 17:28:11.834  1281  1281 I Layer   : id=155188 removeFromCurrentState Task=9043#155188 (129)
10-12 17:28:11.834  1281  1281 I SurfaceFlinger: id=154893 Removed ActivityRecord{c02541f u0 com.sec.android.app.myfiles/.external.ui.MainActivity} t9043}#154893 (129)
10-12 17:28:11.834  1281  1281 I SurfaceFlinger: id=154900 Removed b7d8c3a com.sec.android.app.myfiles/com.sec.android.app.myfiles.external.ui.MainActivity#154900 (129)
10-12 17:28:11.834  1281  1281 I SurfaceFlinger: id=155187 Removed Task=9040#155187 (129)
10-12 17:28:11.834  1281  1281 I SurfaceFlinger: id=154718 Removed fa7b7ae com.ktmusic.geniemusic/com.ktmusic.geniemusic.renewalmedia.playlist.PlayListActivity#154718 (129)
10-12 17:28:11.834  1281  1281 I SurfaceFlinger: id=154717 Removed ActivityRecord{7e68103 u0 com.ktmusic.geniemusic/.renewalmedia.playlist.PlayListActivity} t9040}#154717 (129)
10-12 17:28:11.834  1281  1281 I Layer   : id=155187 Destroyed Task=9040#155187
10-12 17:28:11.834  1624  1774 W UsageStatsService: Unexpected activity event reported! (com.sec.android.app.myfiles/com.sec.android.app.myfiles.external.ui.MainActivity event : 23 instanceId : 17382709)
10-12 17:28:11.834  1281  1281 I Layer   : id=154900 Destroyed b7d8c3a com.sec.android.app.myfiles/com.sec.android.app.myfiles.external.ui.MainActivity#154900
10-12 17:28:11.835  1281  1281 I Layer   : id=154718 Destroyed fa7b7ae com.ktmusic.geniemusic/com.ktmusic.geniemusic.renewalmedia.playlist.PlayListActivity#154718
10-12 17:28:11.835  1281  1281 I Layer   : id=154717 Destroyed ActivityRecord{7e68103 u0 com.ktmusic.geniemusic/.renewalmedia.playlist.PlayListActivity} t9040}#154717
10-12 17:28:11.835  1281  1281 I Layer   : id=154722 Destroyed 8014db2 ActivityRecordInputSink com.ktmusic.geniemusic/.renewalmedia.playlist.PlayListActivity#154722
10-12 17:28:11.835  1281  1281 I Layer   : id=154893 Destroyed ActivityRecord{c02541f u0 com.sec.android.app.myfiles/.external.ui.MainActivity} t9043}#154893
10-12 17:28:11.835  1281  1281 I Layer   : id=154899 Destroyed 9024bbe ActivityRecordInputSink com.sec.android.app.myfiles/.external.ui.MainActivity#154899
10-12 17:28:11.835  1281  2048 I SurfaceFlinger: id=155188 Removed Task=9043#155188 (122)
10-12 17:28:11.837  2918  2918 I RecentsView: onTaskRemoved() taskId : 9040
10-12 17:28:11.837  2918  2918 I TopTaskTracker: onTaskRemoved : taskId = 9040
10-12 17:28:11.837  2918  2918 I RecentsView: onTaskRemoved() taskId : 9040
10-12 17:28:11.837  2918  2918 I TopTaskTracker: onTaskRemoved : taskId = 9040
10-12 17:28:11.838  2918  2918 I RecentsView: onTaskRemoved() taskId : 9043
10-12 17:28:11.838  2918  2918 I TopTaskTracker: onTaskRemoved : taskId = 9043
10-12 17:28:11.838  2918  2918 I RecentsView: onTaskRemoved() taskId : 9043
10-12 17:28:11.838  2918  2918 I TopTaskTracker: onTaskRemoved : taskId = 9043
10-12 17:28:11.846  1624  2235 D SemNscXgbMsL1: Probability - Cloud gaming: [0.022010928]
10-12 17:28:11.846  1624  2235 D SemNscXgbMsL1: Probability - Real time: [0.81192714]
10-12 17:28:11.846  1624  2235 D SemNscXgbMsL1: Probability - Non real time: [0.5886074]
10-12 17:28:11.846  1624  2235 D SemNscXgbMsL1: 1 sample inference time: 0.233308 msecs
10-12 17:28:11.847  1624  2235 D SemNscXgbL2Rt: L2 RT 1 sample inference time: 0.448577 msecs
10-12 17:28:11.847  1624  2235 D SemNscXgbL2Nrt: L2 NRT 1 sample inference time: 0.469269 msecs
10-12 17:28:11.851  1281  1281 D Layer   : [SEC_SF_EFFECTS] setBlurRegions ## {radius=18u, cornerRadii=[0.000000, 0.000000, 0.000000, 0.000000], alpha=0.356863, rect=[0, 0, 1080, 2400]
10-12 17:28:11.851  1281  1281 I Layer   : id=155188 Destroyed Task=9043#155188
10-12 17:28:11.851  2918  2918 I WallpaperBlurController: dispatchTransactionSurface: mCurrentBlur = 0
10-12 17:28:11.852  2918  2918 I SearchBarManager: alpha value: [1.0, 0.0, 1.0, 1.0, 1.0]
10-12 17:28:11.852  2918  2918 I SuggestedAppsManager: alpha value: [1.0, 0.0, 1.0, 1.0, 1.0]
10-12 17:28:11.852  2918  2918 I HsClearAllManager: alpha value: [1.0, 0.0, 1.0, 0.0, 1.0]
10-12 17:28:11.852  2918  2918 I HandOffManager: alpha value: [1.0, 0.0, 1.0, 1.0, 1.0, 0.0, 1.0]
10-12 17:28:11.852  2918  2918 I FgsManager: alpha value: [1.0, 0.0, 1.0, 1.0, 1.0]
10-12 17:28:11.863  1624  2512 D InputMethodManagerService: removeClient
10-12 17:28:11.863  1624  2512 D InputTransport: Input channel destroyed: 'ClientS', fd=1005
10-12 17:28:11.864  1624  2197 I WindowManager: WIN DEATH: Window{c2110c0 u0 com.android.settings/com.android.settings.applications.InstalledAppDetails}
10-12 17:28:11.864  1624  2197 D InputTransport: Input channel destroyed: 'c2110c0', fd=920
10-12 17:28:11.864  1624  2197 W InputManager-JNI: Input channel object 'c2110c0 com.android.settings/com.android.settings.applications.InstalledAppDetails (client)' was disposed without first being removed with the input manager!
10-12 17:28:11.864  1624  2197 D InputTransport: Input channel destroyed: 'c2110c0', fd=989
10-12 17:28:11.864  1624  2197 V WindowManager: Remove Window{c2110c0 u0 com.android.settings/com.android.settings.applications.InstalledAppDetails}: mSurfaceController=null mAnimatingExit=false mRemoveOnExit=false mHasSurface=false surfaceShowing=false animating=false app-animation=false mWillReplaceWindow=false mDisplayFrozen=false callers=com.android.server.wm.WindowState.-$$Nest$mremoveIfPossible:0 com.android.server.wm.WindowState$DeathRecipient.binderDied:3808 android.os.IBinder$DeathRecipient.binderDied:323 android.os.BinderProxy.sendDeathNotice:781 <bottom of call stack> <bottom of call stack> 
10-12 17:28:11.864  1163  1163 I Zygote  : Process 25492 exited due to signal 9 (Killed)
10-12 17:28:11.864  1624  2197 D RestrictionPolicy: isScreenCaptureEnabled : ret=true userId=0
10-12 17:28:11.864  1624  2197 V WindowManager: Nulling last startingData
10-12 17:28:11.867  1281  1281 D Layer   : [SEC_SF_EFFECTS] setBlurRegions ## {radius=8u, cornerRadii=[0.000000, 0.000000, 0.000000, 0.000000], alpha=0.156863, rect=[0, 0, 1080, 2400]
10-12 17:28:11.867  1281  1281 I Layer   : id=155172 removeFromCurrentState c2110c0 com.android.settings/com.android.settings.applications.InstalledAppDetails#155172 (121)
10-12 17:28:11.867  1281  1281 I SurfaceFlinger: id=155172 Removed c2110c0 com.android.settings/com.android.settings.applications.InstalledAppDetails#155172 (121)
10-12 17:28:11.868  1281  1281 I Layer   : id=155172 Destroyed c2110c0 com.android.settings/com.android.settings.applications.InstalledAppDetails#155172
10-12 17:28:11.869  1281  2048 I SurfaceFlinger: id=155171 Removed e933799 ActivityRecordInputSink com.android.settings/.applications.InstalledAppDetailsTop#155171 (120)
10-12 17:28:11.872  1281  1320 I SurfaceFlinger: id=155189 createSurf flag=24004, Task=9053#155189
10-12 17:28:11.875  1624  1767 W ActivityManager: setHasOverlayUi called on unknown pid: 25492
10-12 17:28:11.876  1624  1774 W UsageStatsService: Unexpected activity event reported! (com.android.settings/com.android.settings.applications.InstalledAppDetailsTop event : 23 instanceId : 128176908)
10-12 17:28:11.877  2918  2918 I RecentsView: onTaskRemoved() taskId : 9053
10-12 17:28:11.877  2918  2918 I TopTaskTracker: onTaskRemoved : taskId = 9053
10-12 17:28:11.877  2918  2918 I RecentsView: onTaskRemoved() taskId : 9053
10-12 17:28:11.877  2918  2918 I TopTaskTracker: onTaskRemoved : taskId = 9053
10-12 17:28:11.884  1281  1281 D Layer   : [SEC_SF_EFFECTS] setBlurRegions ## com.sec.android.app.launcher/com.sec.android.app.launcher.activities.LauncherActivity$_2918#155179 regionSize=0
10-12 17:28:11.884  1281  1281 I Layer   : id=155162 removeFromCurrentState ActivityRecord{8f57a5e u0 com.android.settings/.applications.InstalledAppDetails} t9053}#155162 (121)
10-12 17:28:11.884  1281  1281 I Layer   : id=155171 removeFromCurrentState e933799 ActivityRecordInputSink com.android.settings/.applications.InstalledAppDetailsTop#155171 (121)
10-12 17:28:11.884  1281  1281 I Layer   : id=155161 removeFromCurrentState Task=9053#155161 (121)
10-12 17:28:11.884  1281  1281 I Layer   : id=155189 removeFromCurrentState Task=9053#155189 (121)
10-12 17:28:11.884  1281  1281 I SurfaceFlinger: id=155162 Removed ActivityRecord{8f57a5e u0 com.android.settings/.applications.InstalledAppDetails} t9053}#155162 (121)
10-12 17:28:11.884  1281  1281 I SurfaceFlinger: id=155189 Removed Task=9053#155189 (121)
10-12 17:28:11.884  1281  1281 I Layer   : id=155189 Destroyed Task=9053#155189
10-12 17:28:11.885  1281  1281 I Layer   : id=155162 Destroyed ActivityRecord{8f57a5e u0 com.android.settings/.applications.InstalledAppDetails} t9053}#155162
10-12 17:28:11.885  1281  1281 I Layer   : id=155171 Destroyed e933799 ActivityRecordInputSink com.android.settings/.applications.InstalledAppDetailsTop#155171
10-12 17:28:11.980  1624  2177 D ConnectivityService: releasing NetworkRequest [ REQUEST id=19356, [ Capabilities: INTERNET&NOT_RESTRICTED&TRUSTED&NOT_VCN_MANAGED Uid: 10326 RequestorUid: 10326 RequestorPkg: com.kakao.talk UnderlyingNetworks: Null] ] (release request)
10-12 17:28:11.980  1624  4248 D InputMethodManagerService: removeClient
10-12 17:28:11.981  1624  4248 D InputTransport: Input channel destroyed: 'ClientS', fd=951
10-12 17:28:11.981  1624  2177 D ConnectivityService:  Removing from current network [178 WIFI], leaving 160 requests.
10-12 17:28:11.981  1624  2177 D ConnectivityService: releasing NetworkRequest [ REQUEST id=19360, [ Capabilities: INTERNET&NOT_RESTRICTED&TRUSTED&NOT_VCN_MANAGED Uid: 10326 RequestorUid: 10326 RequestorPkg: com.kakao.talk UnderlyingNetworks: Null] ] (release request)
10-12 17:28:11.981  1624  2177 D ConnectivityService:  Removing from current network [178 WIFI], leaving 159 requests.
10-12 17:28:11.981  1624  2447 D AutofillSession: handling death of Token{bbed224 ActivityRecord{dab9ab7 u0 com.kakao.talk/.activity.browser.InAppBrowserActivity} t9041 f}}} when saving=false
10-12 17:28:11.981  1624  2177 D ConnectivityService: releasing NetworkRequest [ REQUEST id=19358, [ Capabilities: INTERNET&NOT_RESTRICTED&TRUSTED&NOT_VCN_MANAGED Uid: 10326 RequestorUid: 10326 RequestorPkg: com.kakao.talk UnderlyingNetworks: Null] ] (release request)
