10-12 17:28:04.835  2374  2374 V KeyguardUpdateMonitor: action android.intent.action.SERVICE_STATE serviceState={mVoiceRegState=0(IN_SERVICE), mDataRegState=0(IN_SERVICE), mChannelNumber=3050, duplexMode()=1, mCellBandwidths=[20000], mOperatorAlphaLong=LG U+, mOperatorAlphaShort=LG U+, isManualNetworkSelection=false(automatic), getRilVoiceRadioTechnology=14(LTE), getRilDataRadioTechnology=14(LTE), mCssIndicator=unsupported, mNetworkId=*1, mSystemId=*1, mCdmaRoamingIndicator=-1, mCdmaDefaultRoamingIndicator=-1, VoiceRegType=0, Snap=0, MobileData=IN_SERVICE, MobileDataRoamingType=home, MobileDataRat=LTE, PsOnly=true, FemtocellInd=0, SprDisplayRoam=false, OptRadioTech=0, MsimSubmode=0, IsVoiceCallAvailable=true, mIsEmergencyOnly=false, isUsingCarrierAggregation=true, mArfcnRsrpBoost=0, mNetworkRegistrationInfos=[NetworkRegistrationInfo{ domain=CS transportType=WWAN registrationState=HOME roamingType=NOT_ROAMING accessNetworkTechnology=LTE rejectCause=0 emergencyEnabled=false availableServices=[VOICE,SMS,VIDEO] cellIdentity=CellIdentityLte:{ mCi=5*****61 mPci=299 mTac=8**9 mEarfcn=3050 mBands=[7] mBandwidth=2147483647 mMcc=450 mMnc=06 mAlphaLong=LG U+ mAlphaShort=LG U+ mAdditionalPlmns={} mCsgInfo=null} voiceSpecificInfo=VoiceSpecificRegistrationInfo { mCssSupported=false mRoamingIndicator=0 mSystemIsInPrl=0 mDefaultRoamingIndicator=0} dataSpecificInfo=null nrState=**** rRplmn=45006 isUsingCarrierAggregation=false}, NetworkRegistrationInfo{ domain=PS transportType=WWAN registrationState=HOME roamingType=NOT_ROAMING accessNetworkTechnology=LTE rejectCause=0 emergencyEnabled=false availableServices=[DATA] cellIdentity=CellIdentityLte:{ mCi=5*****61 mPci=299 mTac=8**9 mEarfcn=3050 mBands=[7] mBandwidth=2147483647 mMcc=450 mMnc=06 mAlphaLong=LG U+ mAlphaShort=LG U+ mAdditionalPlmns={} mCsgInfo=null} voiceSpecificInfo=null dataSpecificInfo=android.telephony.DataSpecificRegistrationInfo :{ maxDataCalls = 16 isDcNrRestricted = false isNrAvailable = true isEnDcAvailable = true LteVopsSupportInfo :  mVopsSupport = 2 mEmcBearerSupport = 2 } nrState=**** rRplmn=45006 isUsingCarrierAggregation=true}], mNrFrequencyRange=0, mOperatorAlphaLongRaw=LG U+, mOperatorAlphaShortRaw=LG U+, mIsDataRoamingFromRegistration=false, mIsIwlanPreferred=false} subId=1
10-12 17:28:04.835  1624  1775 W BroadcastQueue: Permission Denial: broadcasting Intent { act=android.intent.action.SERVICE_STATE flg=0x1000010 (has extras) } from android (pid=2357, uid=1001) to com.samsung.android.mcfds/com.samsung.android.ce.ContextEngineReceiver requires com.samsung.android.ce.permission.START_SERVICE_CE
10-12 17:28:04.835  2374  2374 D KeyguardUpdateMonitor: handleServiceStateChange(subId=1, serviceState={mVoiceRegState=0(IN_SERVICE), mDataRegState=0(IN_SERVICE), mChannelNumber=3050, duplexMode()=1, mCellBandwidths=[20000], mOperatorAlphaLong=LG U+, mOperatorAlphaShort=LG U+, isManualNetworkSelection=false(automatic), getRilVoiceRadioTechnology=14(LTE), getRilDataRadioTechnology=14(LTE), mCssIndicator=unsupported, mNetworkId=*1, mSystemId=*1, mCdmaRoamingIndicator=-1, mCdmaDefaultRoamingIndicator=-1, VoiceRegType=0, Snap=0, MobileData=IN_SERVICE, MobileDataRoamingType=home, MobileDataRat=LTE, PsOnly=true, FemtocellInd=0, SprDisplayRoam=false, OptRadioTech=0, MsimSubmode=0, IsVoiceCallAvailable=true, mIsEmergencyOnly=false, isUsingCarrierAggregation=true, mArfcnRsrpBoost=0, mNetworkRegistrationInfos=[NetworkRegistrationInfo{ domain=CS transportType=WWAN registrationState=HOME roamingType=NOT_ROAMING accessNetworkTechnology=LTE rejectCause=0 emergencyEnabled=false availableServices=[VOICE,SMS,VIDEO] cellIdentity=CellIdentityLte:{ mCi=5*****61 mPci=299 mTac=8**9 mEarfcn=3050 mBands=[7] mBandwidth=2147483647 mMcc=450 mMnc=06 mAlphaLong=LG U+ mAlphaShort=LG U+ mAdditionalPlmns={} mCsgInfo=null} voiceSpecificInfo=VoiceSpecificRegistrationInfo { mCssSupported=false mRoamingIndicator=0 mSystemIsInPrl=0 mDefaultRoamingIndicator=0} dataSpecificInfo=null nrState=**** rRplmn=45006 isUsingCarrierAggregation=false}, NetworkRegistrationInfo{ domain=PS transportType=WWAN registrationState=HOME roamingType=NOT_ROAMING accessNetworkTechnology=LTE rejectCause=0 emergencyEnabled=false availableServices=[DATA] cellIdentity=CellIdentityLte:{ mCi=5*****61 mPci=299 mTac=8**9 mEarfcn=3050 mBands=[7] mBandwidth=2147483647 mMcc=450 mMnc=06 mAlphaLong=LG U+ mAlphaShort=LG U+ mAdditionalPlmns={} mCsgInfo=null} voiceSpecificInfo=null dataSpecificInfo=android.telephony.DataSpecificRegistrationInfo :{ maxDataCalls = 16 isDcNrRestricted = false isNrAvailable = true isEnDcAvailable = true LteVopsSupportInfo :  mVopsSupport = 2 mEmcBearerSupport = 2 } nrState=**** rRplmn=45006 isUsingCarrierAggregation=true}], mNrFrequencyRange=0, mOperatorAlphaLongRaw=LG U+, mOperatorAlphaShortRaw=LG U+, mIsDataRoamingFromRegistration=false, mIsIwlanPreferred=false}
10-12 17:28:04.835  2374  2374 D CarrierTextController: onRefreshCarrierInfo(), mTelephonyCapable: true
10-12 17:28:04.835  2374  2374 D CarrierTextController: updateCarrierText(): 1
10-12 17:28:04.835  2374  2374 D CarrierTextController: Handling (subId=1): 5 LG U+
10-12 17:28:04.835  2374  2374 D CarrierTextController: carrierTextForSimState = LG U+
10-12 17:28:04.836  2374  2374 D CarrierTextController: SIM ready and in service: subId=1, ss={mVoiceRegState=0(IN_SERVICE), mDataRegState=0(IN_SERVICE), mChannelNumber=3050, duplexMode()=1, mCellBandwidths=[20000], mOperatorAlphaLong=LG U+, mOperatorAlphaShort=LG U+, isManualNetworkSelection=false(automatic), getRilVoiceRadioTechnology=14(LTE), getRilDataRadioTechnology=14(LTE), mCssIndicator=unsupported, mNetworkId=*1, mSystemId=*1, mCdmaRoamingIndicator=-1, mCdmaDefaultRoamingIndicator=-1, VoiceRegType=0, Snap=0, MobileData=IN_SERVICE, MobileDataRoamingType=home, MobileDataRat=LTE, PsOnly=true, FemtocellInd=0, SprDisplayRoam=false, OptRadioTech=0, MsimSubmode=0, IsVoiceCallAvailable=true, mIsEmergencyOnly=false, isUsingCarrierAggregation=true, mArfcnRsrpBoost=0, mNetworkRegistrationInfos=[NetworkRegistrationInfo{ domain=CS transportType=WWAN registrationState=HOME roamingType=NOT_ROAMING accessNetworkTechnology=LTE rejectCause=0 emergencyEnabled=false availableServices=[VOICE,SMS,VIDEO] cellIdentity=CellIdentityLte:{ mCi=5*****61 mPci=299 mTac=8**9 mEarfcn=3050 mBands=[7] mBandwidth=2147483647 mMcc=450 mMnc=06 mAlphaLong=LG U+ mAlphaShort=LG U+ mAdditionalPlmns={} mCsgInfo=null} voiceSpecificInfo=VoiceSpecificRegistrationInfo { mCssSupported=false mRoamingIndicator=0 mSystemIsInPrl=0 mDefaultRoamingIndicator=0} dataSpecificInfo=null nrState=**** rRplmn=45006 isUsingCarrierAggregation=false}, NetworkRegistrationInfo{ domain=PS transportType=WWAN registrationState=HOME roamingType=NOT_ROAMING accessNetworkTechnology=LTE rejectCause=0 emergencyEnabled=false availableServices=[DATA] cellIdentity=CellIdentityLte:{ mCi=5*****61 mPci=299 mTac=8**9 mEarfcn=3050 mBands=[7] mBandwidth=2147483647 mMcc=450 mMnc=06 mAlphaLong=LG U+ mAlphaShort=LG U+ mAdditionalPlmns={} mCsgInfo=null} voiceSpecificInfo=null dataSpecificInfo=android.telephony.DataSpecificRegistrationInfo :{ maxDataCalls = 16 isDcNrRestricted = false isNrAvailable = true isEnDcAvailable = true LteVopsSupportInfo :  mVopsSupport = 2 mEmcBearerSupport = 2 } nrState=**** rRplmn=45006 isUsingCarrierAggregation=true}], mNrFrequencyRange=0, mOperatorAlphaLongRaw=LG U+, mOperatorAlphaShortRaw=LG U+, mIsDataRoamingFromRegistration=false, mIsIwlanPreferred=false}
10-12 17:28:04.836  2374  2374 D CarrierTextController: setText : LG U+
10-12 17:28:04.836  2374  2374 D FaceWidgetPagesController: onRefreshCarrierInfo()
10-12 17:28:04.836  2374  2374 D FaceWidgetClockRoamManager: isNetworkRoamingState id=1
10-12 17:28:04.836  2374  2374 D FaceWidgetClockRoamManager: isNetworkRoamingState false
10-12 17:28:04.836  2374  2374 D FaceWidgetClockRoamManager: onRefreshCarrierInfo(pre, now): false, false
10-12 17:28:04.836  2374  2374 D FaceWidgetClockPage: onRefreshCarrierInfo : isChanged false mIsRoaming false
10-12 17:28:04.837  1624  2235 D SemNscXgbMsL1: Probability - Cloud gaming: [0.008956017]
10-12 17:28:04.838  1624  2235 D SemNscXgbMsL1: Probability - Real time: [0.56930214]
10-12 17:28:04.838  2788  2943 I ImsIconManager<0>: Volte/RCS RegistrationIcon: turned off.
10-12 17:28:04.838  1624  2235 D SemNscXgbMsL1: Probability - Non real time: [0.59889024]
10-12 17:28:04.838  1624  2235 D SemNscXgbMsL1: 1 sample inference time: 1.113462 msecs
10-12 17:28:04.838  1624  1775 W BroadcastQueue: Appop Denial: receiving Intent { act=android.intent.action.SERVICE_STATE flg=0x1000010 (has extras) } to ProcessRecord{338003d 1624:system/1000} (pid=1624, uid=1000) excludes appop android:read_phone_state due to sender android (uid 1001)
10-12 17:28:04.838  2374  2500 D NetworkController: ServiceState from intent slotId=0
10-12 17:28:04.838  1624  4271 W ContextImpl: Calling a method in the system process without a qualified user: android.app.ContextImpl.sendBroadcastMultiplePermissions:1335 android.content.Context.sendBroadcastMultiplePermissions:2276 com.android.server.TelephonyRegistry.broadcastServiceStateChanged:3141 com.android.server.TelephonyRegistry.notifyServiceStateForPhoneId:1630 com.android.internal.telephony.ITelephonyRegistry$Stub.onTransact:499 
10-12 17:28:04.838  1624  1775 W BroadcastQueue: Appop Denial: receiving Intent { act=android.intent.action.SERVICE_STATE flg=0x1000010 (has extras) } to ProcessRecord{540e20e 2374:com.android.systemui/u0a40} (pid=2374, uid=10040) excludes appop android:read_phone_state due to sender android (uid 1001)
10-12 17:28:04.838  2788  2943 I ImsIconManager<0>: checkKORVolteIcon : SIM card is LGT, return false
10-12 17:28:04.839  2788  2943 I ImsIconManager<0>: getRegiRat [13], getCurrentNetwork [13]
10-12 17:28:04.839  2788  2943 I ImsIconManager<0>: updateRegistrationIcon: VoLTE [show: false, regi: true] VoWiFi [show: false, regi: false] RCS [show: false, regi: true] CROSS SIM [regi: false] (SUSPENDED: false)
10-12 17:28:04.839  2788  2943 I SimManager: getRilSimOperator: ETC
10-12 17:28:04.839  1624  1775 W BroadcastQueue: Appop Denial: receiving Intent { act=android.intent.action.SERVICE_STATE flg=0x1000010 (has extras) } to ProcessRecord{b560ee6 2357:com.android.phone/1001} (pid=2357, uid=1001) excludes appop android:read_phone_state due to sender android (uid 1001)
10-12 17:28:04.839  2788  2943 I ImsIconManager<0>: needShowNoCTCVoLTEIcon: false
10-12 17:28:04.839  2788  2943 I ImsIconManager<0>: isRcsIconVisible: true
10-12 17:28:04.839  2788  2943 I GeolocationCon: handleMessage : what = SERVICE_STATE_CHANGED
10-12 17:28:04.839  1624  1775 W BroadcastQueue: Appop Denial: receiving Intent { act=android.intent.action.SERVICE_STATE flg=0x1000010 (has extras) } to ProcessRecord{b560ee6 2357:com.android.phone/1001} (pid=2357, uid=1001) excludes appop android:read_phone_state due to sender android (uid 1001)
10-12 17:28:04.839  2788  2943 I GeolocationCon: matchTimingReqLocation ,match=0, timing=4
10-12 17:28:04.839  2788  2943 I GeolocationCon: matchTimingReqLocation ,match=0, timing=4
10-12 17:28:04.839  2788  2943 I GeolocationCon: matchTimingReqLocation ,match=0, timing=4
10-12 17:28:04.839  1624  1775 W BroadcastQueue: Appop Denial: receiving Intent { act=android.intent.action.SERVICE_STATE flg=0x1000010 (has extras) } to ProcessRecord{338003d 1624:system/1000} (pid=1624, uid=1000) excludes appop android:read_phone_state due to sender android (uid 1001)
10-12 17:28:04.839  2788  2943 I GeolocationCon: profile is null
10-12 17:28:04.839  1624  1775 W BroadcastQueue: Permission Denial: receiving Intent { act=android.intent.action.SERVICE_STATE flg=0x1000010 (has extras) } to com.google.android.cellbroadcastreceiver/com.android.cellbroadcastreceiver.CellBroadcastReceiver requires android.permission.ACCESS_FINE_LOCATION due to sender android (uid 1001)
10-12 17:28:04.839  2788  2943 I GeolocationCon<0>: onNetworkCountryIsoChanged: mCountryIso = kr, iso = kr
10-12 17:28:04.840  1624  4271 W ContextImpl: Calling a method in the system process without a qualified user: android.app.ContextImpl.sendBroadcastMultiplePermissions:1335 android.content.Context.sendBroadcastMultiplePermissions:2276 com.android.server.TelephonyRegistry.broadcastServiceStateChanged:3145 com.android.server.TelephonyRegistry.notifyServiceStateForPhoneId:1630 com.android.internal.telephony.ITelephonyRegistry$Stub.onTransact:499 
10-12 17:28:04.840  1624  2235 D SemNscXgbL2Rt: L2 RT 1 sample inference time: 2.304616 msecs
10-12 17:28:04.840  1624  1775 W BroadcastQueue: Appop Denial: receiving Intent { act=android.intent.action.SERVICE_STATE flg=0x1000010 (has extras) } to ProcessRecord{338003d 1624:system/1000} (pid=1624, uid=1000) excludes appop android:fine_location due to sender android (uid 1001)
10-12 17:28:04.841  1624  1775 W BroadcastQueue: Appop Denial: receiving Intent { act=android.intent.action.SERVICE_STATE flg=0x1000010 (has extras) } to ProcessRecord{540e20e 2374:com.android.systemui/u0a40} (pid=2374, uid=10040) excludes appop android:fine_location due to sender android (uid 1001)
10-12 17:28:04.841  1624  1775 W BroadcastQueue: Appop Denial: receiving Intent { act=android.intent.action.SERVICE_STATE flg=0x1000010 (has extras) } to ProcessRecord{b560ee6 2357:com.android.phone/1001} (pid=2357, uid=1001) excludes appop android:fine_location due to sender android (uid 1001)
10-12 17:28:04.841  1624  1775 W BroadcastQueue: Appop Denial: receiving Intent { act=android.intent.action.SERVICE_STATE flg=0x1000010 (has extras) } to ProcessRecord{b560ee6 2357:com.android.phone/1001} (pid=2357, uid=1001) excludes appop android:fine_location due to sender android (uid 1001)
10-12 17:28:04.841  1624  1775 W BroadcastQueue: Appop Denial: receiving Intent { act=android.intent.action.SERVICE_STATE flg=0x1000010 (has extras) } to ProcessRecord{338003d 1624:system/1000} (pid=1624, uid=1000) excludes appop android:fine_location due to sender android (uid 1001)
10-12 17:28:04.841  1624  1775 W BroadcastQueue: Appop Denial: receiving Intent { act=android.intent.action.SERVICE_STATE flg=0x1000010 (has extras) } to ProcessRecord{338003d 1624:system/1000} (pid=1624, uid=1000) excludes appop android:read_phone_state due to sender android (uid 1001)
10-12 17:28:04.841  1624  1775 W BroadcastQueue: Appop Denial: receiving Intent { act=android.intent.action.SERVICE_STATE flg=0x1000010 (has extras) } to ProcessRecord{540e20e 2374:com.android.systemui/u0a40} (pid=2374, uid=10040) excludes appop android:read_phone_state due to sender android (uid 1001)
10-12 17:28:04.841  1624  1775 W BroadcastQueue: Appop Denial: receiving Intent { act=android.intent.action.SERVICE_STATE flg=0x1000010 (has extras) } to ProcessRecord{b560ee6 2357:com.android.phone/1001} (pid=2357, uid=1001) excludes appop android:read_phone_state due to sender android (uid 1001)
10-12 17:28:04.842  1624  1775 W BroadcastQueue: Appop Denial: receiving Intent { act=android.intent.action.SERVICE_STATE flg=0x1000010 (has extras) } to ProcessRecord{b560ee6 2357:com.android.phone/1001} (pid=2357, uid=1001) excludes appop android:read_phone_state due to sender android (uid 1001)
10-12 17:28:04.842  1624  1775 W BroadcastQueue: Appop Denial: receiving Intent { act=android.intent.action.SERVICE_STATE flg=0x1000010 (has extras) } to ProcessRecord{338003d 1624:system/1000} (pid=1624, uid=1000) excludes appop android:read_phone_state due to sender android (uid 1001)
10-12 17:28:04.842  1624  1775 W BroadcastQueue: Permission Denial: broadcasting Intent { act=android.intent.action.SERVICE_STATE flg=0x1000010 (has extras) } from android (pid=2357, uid=1001) to com.samsung.android.mcfds/com.samsung.android.ce.ContextEngineReceiver requires com.samsung.android.ce.permission.START_SERVICE_CE
10-12 17:28:04.842  1624  2177 D ConnectivityService: [101 CELLULAR] EVENT_NETWORK_INFO_CHANGED, going from CONNECTED to CONNECTED
10-12 17:28:04.843  1624  1775 W BroadcastQueue: Permission Denial: receiving Intent { act=android.intent.action.SERVICE_STATE flg=0x1000010 (has extras) } to com.google.android.cellbroadcastreceiver/com.android.cellbroadcastreceiver.CellBroadcastReceiver requires android.permission.READ_PHONE_STATE due to sender android (uid 1001)
10-12 17:28:04.843  1624  1775 W BroadcastQueue: Permission Denial: broadcasting Intent { act=android.intent.action.SERVICE_STATE flg=0x1000010 (has extras) } from android (pid=2357, uid=1001) to com.samsung.android.mcfds/com.samsung.android.ce.ContextEngineReceiver requires com.samsung.android.ce.permission.START_SERVICE_CE
10-12 17:28:04.844  1624  2235 D SemNscXgbL2Nrt: L2 NRT 1 sample inference time: 3.419154 msecs
10-12 17:28:04.844  1624  2235 I SemWifiServiceDetector: NSD results: [1, 1, 1, 0, 1, 1, 1, 1, 0] Traff. type 2 Thr 56
10-12 17:28:04.846  1624  2238 D SemWifiOptimizer: enable=1 state=0x10 prev=0x10 new=0x10 force=0 mode=0
10-12 17:28:04.848  1624  2229 V SemCellularStateManager: notifyCellularStateChanged : sendCommandUpdateCellularCapabilities called
10-12 17:28:04.848  1624  2229 D SemSupplicantStaIfaceHalHidlImpl: updateCellularCapabilities called
10-12 17:28:04.849  2374  2500 D MobileStatusTracker(0/1): onSignalStrengthsChanged level=3, vendorLevel=4
10-12 17:28:04.849 20992 20992 D CellBroadcastReceiver: onReceive Intent { act=android.intent.action.SERVICE_STATE flg=0x1000010 cmp=com.google.android.cellbroadcastreceiver/com.android.cellbroadcastreceiver.CellBroadcastReceiver (has extras) }
10-12 17:28:04.849  2357  2357 I Telephony: TelecomAccountRegistry$AccountEntry: isRttCurrentlySupported -- regular acct,, hasVoiceAvailability: true, isRttSupported: false, alwaysAllowWhileRoaming: false, isRoaming: false, isOnWfc: false
10-12 17:28:04.849  2357  2357 V PhoneGlobals: handleServiceStateChanged
10-12 17:28:04.849  2357  2357 D NotificationMgr: updateNetworkSelection, Use Samsung codes instead of AOSP codes
10-12 17:28:04.849  2357  2357 V PhoneGlobals: subId=1, mDefaultDataSubId=1, ss roaming=false
10-12 17:28:04.849  2357  2357 V PhoneGlobals: updateDataRoamingStatus
10-12 17:28:04.850  2374  2500 D MobileSignalTransitionManager: updateSignalOneLevelPerSec state transition=false prev=IN_SERVICE, cur=IN_SERVICE
10-12 17:28:04.850  2374  2500 D MobileSignalTransitionManager: updateSignalOneLevelPerSec 4 -> 4 in service
10-12 17:28:04.850  2357  2357 V PhoneGlobals: dataAllowed=false, reasons=Data disallowed reasons: DATA_DISABLED
10-12 17:28:04.850 20992 20992 D CellBroadcastReceiver: onServiceStateChanged, ss: 0
10-12 17:28:04.850 20992 20992 D CellBroadcastReceiver: networkOperator: 45006
10-12 17:28:04.851  2374  2500 D MobileSignalController(0/1): notifyListener: enabled=true, connected=true, dataConnected=false, networkType=NR/NR_NSA is5gAvailable=false (5G_Available_KT), emergencyOnly=false, roaming=false, isDefault=false, dataActivity=, level=4, ca=false, mmWave=false, disabledDataIcon=false, simCard=LGT
10-12 17:28:04.851  2374  2500 D NetworkController: SignalStrength from intent slotId=0
10-12 17:28:04.851 20992 20992 D CellBroadcastReceiver: update supported roaming operator as 
10-12 17:28:04.852  1624  2878 W BroadcastQueue: Permission Denial: broadcasting Intent { act=android.intent.action.SERVICE_STATE flg=0x1000010 (has extras) } from android (pid=2357, uid=1001) to com.samsung.android.mcfds/com.samsung.android.ce.ContextEngineReceiver requires com.samsung.android.ce.permission.START_SERVICE_CE
10-12 17:28:04.855  1624  2177 D ConnectivityService: Update of LinkProperties for [101 CELLULAR]; created=146637; firstConnected=146637
10-12 17:28:04.855  1624  2177 D Nat464Xlat: clatd running, updating NAI for v4-rmnet0
10-12 17:28:04.857  1624  2177 D ConnectivityService: notifyType CALLBACK_IP_CHANGED for [101 CELLULAR]
10-12 17:28:04.859  2788  2902 I PdnController<0>: onLinkPropertiesChanged: network 101 lp {InterfaceName: rmnet0 LinkAddresses: [ 2001:4430:a090:2be9::6a9:c932/64 ] DnsAddresses: [ /2001:4430:5:601:2::1,/2001:4430:4:601::1 ] PcscfAddresses: [ /2001:4430:4:207::10 ] Domains: null MTU: 1400 TcpBufferSizes: 4096,6291456,12582912,4096,1048576,2097152 Routes: [ ::/0 -> fe80::2 rmnet0 mtu 1400,2001:4430:a090:2be9::/64 -> :: rmnet0 mtu 0 ] Nat64Prefix: 2001:4430:8000:10::/96 Stacked: [[ {InterfaceName: v4-rmnet0 LinkAddresses: [ 192.0.0.4/32 ] DnsAddresses: [ ] Domains: null MTU: 0 Routes: [ 0.0.0.0/0 -> 192.0.0.4 v4-rmnet0 mtu 0 ]} ]]} old {InterfaceName: rmnet0 LinkAddresses: [ 2001:4430:a090:2be9::6a9:c932/64 ] DnsAddresses: [ /2001:4430:5:601:2::1,/2001:4430:4:601::1 ] PcscfAddresses: [ /2001:4430:4:207::10 ] Domains: null MTU: 1400 TcpBufferSizes: 2097152,4194304,8388608,1048576,3145728,4194304 Routes: [ ::/0 -> fe80::2 rmnet0 mtu 1400,2001:4430:a090:2be9::/64 -> :: rmnet0 mtu 0 ] Nat64Prefix: 2001:4430:8000:10::/96 Stacked: [[ {InterfaceName: v4-rmnet0 LinkAddresses: [ 192.0.0.4/32 ] DnsAddresses: [ ] Domains: null MTU: 0 Routes: [ 0.0.0.0/0 -> 192.0.0.4 v4-rmnet0 mtu 0 ]} ]]}
10-12 17:28:04.859  2788  2943 I PdnController: handleMessage: what 111
10-12 17:28:04.859  2788  2943 I PdnController: onLinkPropertiesChanged: networkType=11, linkProperties={InterfaceName: rmnet0 LinkAddresses: [ 2001:4430:a090:2be9::6a9:c932/64 ] DnsAddresses: [ /2001:4430:5:601:2::1,/2001:4430:4:601::1 ] PcscfAddresses: [ /2001:4430:4:207::10 ] Domains: null MTU: 1400 TcpBufferSizes: 4096,6291456,12582912,4096,1048576,2097152 Routes: [ ::/0 -> fe80::2 rmnet0 mtu 1400,2001:4430:a090:2be9::/64 -> :: rmnet0 mtu 0 ] Nat64Prefix: 2001:4430:8000:10::/96 Stacked: [[ {InterfaceName: v4-rmnet0 LinkAddresses: [ 192.0.0.4/32 ] DnsAddresses: [ ] Domains: null MTU: 0 Routes: [ 0.0.0.0/0 -> 192.0.0.4 v4-rmnet0 mtu 0 ]} ]]}
10-12 17:28:04.862  1624  2177 D ConnectivityService: notifyType CALLBACK_CAP_CHANGED for [101 CELLULAR]
10-12 17:28:04.864  2788  2902 I PdnController<0>: onCapabilitiesChanged: network 101 networkCapabilities [ Transports: CELLULAR Capabilities: IMS&NOT_METERED&TRUSTED&NOT_VPN&VALIDATED&NOT_ROAMING&FOREGROUND&NOT_CONGESTED&NOT_SUSPENDED&NOT_VCN_MANAGED LinkUpBandwidth>=7633Kbps LinkDnBandwidth>=61742Kbps Specifier: <TelephonyNetworkSpecifier [mSubId = 1]> AdminUids: [10394] SubscriptionIds: {1} UnderlyingNetworks: Null]
10-12 17:28:05.243  1548  2298 I bauth_FPBAuthService: pcf : 0x1012, 0 ,3 ,0 ,0 ,0 ,0, 7.0.0.0
10-12 17:28:05.243  1548  2298 I bauth_FPBAuthService: thread id : 3, preenroll_flag : 0, nd cnt : 0, cso : 0, et : 0
10-12 17:28:05.243  1548  2298 I bauth_FPBAuthService: FPBAuthService, 11511
10-12 17:28:05.346  1624  2235 D SemNscXgbMsL1: Probability - Cloud gaming: [0.004244603]
10-12 17:28:05.347  1624  2235 D SemNscXgbMsL1: Probability - Real time: [0.85013497]
10-12 17:28:05.347  1624  2235 D SemNscXgbMsL1: Probability - Non real time: [0.85138214]
10-12 17:28:05.347  1624  2235 D SemNscXgbMsL1: 1 sample inference time: 0.7675 msecs
10-12 17:28:05.349  1624  2235 D SemNscXgbL2Rt: L2 RT 1 sample inference time: 1.53177 msecs
10-12 17:28:05.350  1624  2235 D SemNscXgbL2Nrt: L2 NRT 1 sample inference time: 1.495807 msecs
10-12 17:28:05.412  1624  3825 D SemWifiUsabilityStatsMonitor: onWifiUsabilityStats - seqNum 62215, isSameBssidAndFreq true
10-12 17:28:05.415  1624  2237 I SemWifiLinkQualityMonitor: Link Qos query: inf. ms / 0 Mbps
10-12 17:28:05.416  2374  2374 D NetworkController.WifiSignalController: notifyListener: visible=true, connected=true, inetCondition=1, isDefault=true, wifiTestReported=true, receivedInetCondition=-1, hideDuringMobileSwitching=false
10-12 17:28:05.431  1281  1374 I VSyncReactor: Current= 60, TransitioningTo= 60, hwcPeriod= 60, Distance= 0
10-12 17:28:05.851  1624  2235 D SemNscXgbMsL1: Probability - Cloud gaming: [0.005820335]
10-12 17:28:05.851  1624  2235 D SemNscXgbMsL1: Probability - Real time: [0.8161334]
10-12 17:28:05.851  1624  2235 D SemNscXgbMsL1: Probability - Non real time: [0.8121141]
10-12 17:28:05.851  1624  2235 D SemNscXgbMsL1: 1 sample inference time: 0.776884 msecs
10-12 17:28:05.853  1624  2235 D SemNscXgbL2Rt: L2 RT 1 sample inference time: 1.601308 msecs
10-12 17:28:05.855  1624  2235 D SemNscXgbL2Nrt: L2 NRT 1 sample inference time: 1.508423 msecs
10-12 17:28:06.243  1548  2298 I bauth_FPBAuthService: pcf : 0x1012, 0 ,3 ,0 ,0 ,0 ,0, 7.0.0.0
10-12 17:28:06.244  1548  2298 I bauth_FPBAuthService: thread id : 3, preenroll_flag : 0, nd cnt : 0, cso : 0, et : 0
10-12 17:28:06.244  1548  2298 I bauth_FPBAuthService: FPBAuthService, 11511
10-12 17:28:06.330   669   669 D io_stats: !@   8,0 r 35318286 894751876 w 11105249 142389104 d 3237959 154847032 f 0 0 iot 18270380 0 th 0 0 0 pt 0 inp 0 0 262971.618
10-12 17:28:06.331   669   669 D io_stats: !@ Read_top(KB): .gms.persistent(15149) 152 sait.sohservice(20678) 32
10-12 17:28:06.331   669   669 D io_stats: !@ Write_top(KB): kworker/u16:2(9138) 64 .sec.imsservice(2788) 8
10-12 17:28:06.356  1624  2235 D SemNscXgbMsL1: Probability - Cloud gaming: [0.011000988]
10-12 17:28:06.357  1624  2235 D SemNscXgbMsL1: Probability - Real time: [0.85875005]
10-12 17:28:06.357  1624  2235 D SemNscXgbMsL1: Probability - Non real time: [0.8389812]
10-12 17:28:06.357  1624  2235 D SemNscXgbMsL1: 1 sample inference time: 0.868846 msecs
10-12 17:28:06.358  1624  2235 D SemNscXgbL2Rt: L2 RT 1 sample inference time: 1.271384 msecs
10-12 17:28:06.360  1624  2235 D SemNscXgbL2Nrt: L2 NRT 1 sample inference time: 1.149308 msecs
10-12 17:28:06.364 25492 25497 W ndroid.settings: Cleared Reference was only reachable from finalizer (only reported once)
10-12 17:28:06.373 25492 25499 W System  : A resource failed to call close. 
10-12 17:28:06.539  2374  2374 D SecPowerUI.Notification: showChargingNotice oldChargingType : 11 / currentChargingType : 11, oldChargingTime : 10060000 / mChargingTime : 10060000
10-12 17:28:06.539  2374  2374 D SecPowerUI.Notification: There is no change about charging status, so return!
10-12 17:28:06.632  1281  1374 I VSyncReactor: Current= 60, TransitioningTo= 60, hwcPeriod= 60, Distance= 0
10-12 17:28:06.758  1202 29291 W C2BqBuffer: last successful dequeue was 45137482711 us ago, 403175 consecutive failures
10-12 17:28:06.860  1624  2235 D SemNscXgbMsL1: Probability - Cloud gaming: [0.035577472]
10-12 17:28:06.861  1624  2235 D SemNscXgbMsL1: Probability - Real time: [0.707805]
10-12 17:28:06.861  1624  2235 D SemNscXgbMsL1: Probability - Non real time: [0.3469741]
10-12 17:28:06.861  1624  2235 D SemNscXgbMsL1: 1 sample inference time: 1.218961 msecs
10-12 17:28:06.863  1624  2235 D SemNscXgbL2Rt: L2 RT 1 sample inference time: 1.706077 msecs
10-12 17:28:06.865  1624  2235 D SemNscXgbL2Nrt: L2 NRT 1 sample inference time: 1.88177 msecs
10-12 17:28:06.958 15149 21442 I NearbyMediums: No BLE Fast/GATT advertisements found in the latest cycle.
10-12 17:28:06.958 15149 21442 I NearbyMediums: Current Tracked Scanning Clients are : {NearbyConnections.EnvironmentMonitor, NearbyConnections.TxAdvertisement}
10-12 17:28:07.046  1185  1185 I Sensors : batch(19) - light_cct_sensor try to batching with 200000000
10-12 17:28:07.049  1185  1185 I Sensors : LightCCT_Sensor old sensor_state 278528, new sensor_state : 283695475081216 en : 1
10-12 17:28:07.054  1185  1185 I Sensors : enable:: light_cct_sensor(19)
10-12 17:28:07.055  1624  2682 D SensorManager: registerListener :: 33, TMD4912 Light CCT, 200000, 0, com.samsung.android.displaysolution.EyeComfortSolutionService$2@d622f9a
10-12 17:28:07.095  1185  1928 I Sensors : lux = 88, CCT = 0, r = 1922, g = 212, b = 2480, c = 296, atime = 1320, again = 1024, lux_raw = 88, brightness = 37, time = 445215175994001
10-12 17:28:07.098  1624  2682 D SensorService: Calling activate off 33
10-12 17:28:07.099  1185  1185 I Sensors : LightCCT_Sensor old sensor_state 278528, new sensor_state : 283691180113920 en : 0
10-12 17:28:07.104  1185  1185 I Sensors : disable:: light_cct_sensor(19)
10-12 17:28:07.105  1624  2682 D SensorManager: unregisterListener :: com.samsung.android.displaysolution.EyeComfortSolutionService$2@d622f9a
10-12 17:28:07.128  1264  1431 I EDEN    : [Exynos][EDEN][v1.6.20][SERVICE] processAliveMointorMain:190: Try to check pid=(1206)...
10-12 17:28:07.244  1548  2298 I bauth_FPBAuthService: pcf : 0x1012, 0 ,3 ,0 ,0 ,0 ,0, 7.0.0.0
10-12 17:28:07.244  1548  2298 I bauth_FPBAuthService: thread id : 3, preenroll_flag : 0, nd cnt : 0, cso : 0, et : 0
10-12 17:28:07.245  1548  2298 I bauth_FPBAuthService: FPBAuthService, 11511
10-12 17:28:07.784  1332  2313 D CCodecBuffers: [c2.android.aac.decoder#719:1D-Input.Impl[N]] codec released a buffer owned by client (index 2)
10-12 17:28:07.841  1624  2235 D SemNscXgbMsL1: Probability - Cloud gaming: [0.058631673]
10-12 17:28:07.842  1624  2235 D SemNscXgbMsL1: Probability - Real time: [0.2973811]
10-12 17:28:07.842  1624  2235 D SemNscXgbMsL1: Probability - Non real time: [0.72208166]
10-12 17:28:07.842  1624  2235 D SemNscXgbMsL1: 1 sample inference time: 1.1195 msecs
10-12 17:28:07.844  1624  2235 D SemNscXgbL2Rt: L2 RT 1 sample inference time: 1.8895 msecs
10-12 17:28:07.846  1624  2235 D SemNscXgbL2Nrt: L2 NRT 1 sample inference time: 1.724769 msecs
10-12 17:28:08.008  1332 24562 D BufferPoolAccessor2.0: bufferpool2 0xb4000072fd8ca0a8 : 4(32768 size) total buffers - 4(32768 size) used buffers - 1/6 (recycle/alloc) - 5/5357 (fetch/transfer)
10-12 17:28:08.245  1548  2298 I bauth_FPBAuthService: pcf : 0x1012, 0 ,3 ,0 ,0 ,0 ,0, 7.0.0.0
10-12 17:28:08.245  1548  2298 I bauth_FPBAuthService: thread id : 3, preenroll_flag : 0, nd cnt : 0, cso : 0, et : 0
10-12 17:28:08.245  1548  2298 I bauth_FPBAuthService: FPBAuthService, 11511
10-12 17:28:08.331   669   669 D io_stats: !@   8,0 r 35318290 894751892 w 11105253 142389120 d 3237959 154847032 f 0 0 iot 18270396 0 th 0 0 0 pt 0 inp 0 0 262973.619
10-12 17:28:08.346  1624  2235 D SemNscXgbMsL1: Probability - Cloud gaming: [0.011261879]
10-12 17:28:08.347  1624  2235 D SemNscXgbMsL1: Probability - Real time: [0.92062104]
10-12 17:28:08.347  1624  2235 D SemNscXgbMsL1: Probability - Non real time: [0.5897753]
10-12 17:28:08.347  1624  2235 D SemNscXgbMsL1: 1 sample inference time: 0.678193 msecs
10-12 17:28:08.348  1624  2235 D SemNscXgbL2Rt: L2 RT 1 sample inference time: 1.513961 msecs
10-12 17:28:08.350  1624  2235 D SemNscXgbL2Nrt: L2 NRT 1 sample inference time: 1.581385 msecs
10-12 17:28:08.466  1624  3825 D SemWifiUsabilityStatsMonitor: onWifiUsabilityStats - seqNum 62216, isSameBssidAndFreq true
10-12 17:28:08.470  1624  2237 I SemWifiLinkQualityMonitor: Link Qos Query: 0.148 ms / 54.057 Mbps (144 / 0.029 / 1.750)
10-12 17:28:08.470  2374  2374 D NetworkController.WifiSignalController: notifyListener: visible=true, connected=true, inetCondition=1, isDefault=true, wifiTestReported=true, receivedInetCondition=-1, hideDuringMobileSwitching=false
10-12 17:28:08.481  1281  1374 I VSyncReactor: Current= 60, TransitioningTo= 60, hwcPeriod= 60, Distance= 0
10-12 17:28:08.666  1624  2229 V SemCellularStateManager: notifyCellularStateChanged : sendCommandUpdateCellularCapabilities called
10-12 17:28:08.666  1624  2229 D SemSupplicantStaIfaceHalHidlImpl: updateCellularCapabilities called
10-12 17:28:08.667  2374  2500 D MobileStatusTracker(0/1): onSignalStrengthsChanged level=2, vendorLevel=4
10-12 17:28:08.668  2374  2500 D MobileSignalTransitionManager: updateSignalOneLevelPerSec state transition=false prev=IN_SERVICE, cur=IN_SERVICE
10-12 17:28:08.668  2374  2500 D MobileSignalTransitionManager: updateSignalOneLevelPerSec 4 -> 4 in service
10-12 17:28:08.669  2374  2500 D MobileSignalController(0/1): notifyListener: enabled=true, connected=true, dataConnected=false, networkType=NR/NR_NSA is5gAvailable=false (5G_Available_KT), emergencyOnly=false, roaming=false, isDefault=false, dataActivity=, level=4, ca=false, mmWave=false, disabledDataIcon=false, simCard=LGT
10-12 17:28:08.672  2374  2500 D NetworkController: SignalStrength from intent slotId=0
10-12 17:28:08.851  1624  2235 D SemNscXgbMsL1: Probability - Cloud gaming: [0.070932336]
10-12 17:28:08.852  1624  1996 D InputReader: Btn_touch(11): value=1 when=262974.139562
10-12 17:28:08.853  1624  1996 I InputReader: Touch event's action is 0x0 (id=3, t=0) [pCnt=1, s=0.59037 ] when=262974.139562
10-12 17:28:08.853  1624  2235 D SemNscXgbMsL1: Probability - Real time: [0.2941165]
10-12 17:28:08.854  1624  2235 D SemNscXgbMsL1: Probability - Non real time: [0.8870595]
10-12 17:28:08.854  1624  2235 D SemNscXgbMsL1: 1 sample inference time: 3.003116 msecs
10-12 17:28:08.854  1624  1995 I InputDispatcher: Delivering touch to (2374): action: 0x0, f=0x0, d=0, 'd7accad', t=1 +(0,-2256)
10-12 17:28:08.855  1624  1995 D PowerManagerService: [api] userActivityFromNative :  (event: 2 flags: 0 displayId: 0) eventTime = 262974139
10-12 17:28:08.855  2374  2374 I ViewRootImpl@66558ce[NavigationBar0]: ViewPostIme pointer 0
10-12 17:28:08.855  1624  1765 I GestureDetector: obtain mCurrentDownEvent. id: 62283078 caller: com.android.server.wm.SystemGesturesPointerEventListener.onPointerEvent:203 com.android.server.wm.PointerEventDispatcher.onInputEvent:53 android.view.InputEventReceiver.dispatchInputEvent:285 
10-12 17:28:08.856  1624  1765 I GestureDetector: obtain mCurrentDownEvent. id: 62283078 caller: com.android.server.wm.SystemPerformancePointerEventListener.onPointerEvent:89 com.android.server.wm.PointerEventDispatcher.onInputEvent:53 android.view.InputEventReceiver.dispatchInputEvent:285 
10-12 17:28:08.856  1624  1995 D PowerManagerService: UserActivityStateListenerState: 1
10-12 17:28:08.856  1624  2235 D SemNscXgbL2Rt: L2 RT 1 sample inference time: 2.068346 msecs
10-12 17:28:08.857  2374  2374 V Vibrator: semGetSupportedVibrationType: ret=3
10-12 17:28:08.857  2374  3051 I KeyButtonView: injectInputEvent - 3
10-12 17:28:08.858  1624  2447 D InputDispatcher: Inject key (2374/10040): action=0, f=0x48, d=0, time=262974143000000
10-12 17:28:08.858  1624  2235 D SemNscXgbL2Nrt: L2 NRT 1 sample inference time: 1.791731 msecs
10-12 17:28:08.858  1624  2447 D InputManager-JNI: !@interceptKeyBeforeQueueing(0), action=0, interactive=true
10-12 17:28:08.858  1624  2447 D WindowManager: interceptKeyTq keycode=3 interactive=true keyguardActive=false policyFlags=2b000002
10-12 17:28:08.859  1624  2447 D PhoneWindowManagerExt: interceptKeyTq code=3 down=true repeatCount=0 displayId=0 interactive=true
10-12 17:28:08.859  1624  2447 D WindowManager: interceptKeyTq interceptKeyResult=1
10-12 17:28:08.860  1624  1765 I GestureDetector: obtain mCurrentMotionEventRaw. action: 2 id: 1070799738
10-12 17:28:08.860  1624  1765 I GestureDetector: obtain mCurrentMotionEventRaw. action: 2 id: 1070799738
10-12 17:28:08.860  1624  2447 D PhoneWindowManagerExt: f.b. a=false id=1 he=false ksno=false uid=1000 callingPackage=android reason=Virtual Key - Press Caller=com.android.server.policy.PhoneWindowManager.performHapticFeedback:6534 com.android.server.policy.PhoneWindowManager.performHapticFeedback:6525 com.android.server.policy.PhoneWindowManager.interceptKeyBeforeQueueing:4938 com.android.server.wm.InputManagerCallback.interceptKeyBeforeQueueing:156 com.android.server.input.InputManagerService.interceptKeyBeforeQueueing:4755 
10-12 17:28:08.860  1624  2447 D PhoneWindowManagerExt: haptic disabled by policy
10-12 17:28:08.860  1624  2447 D InputManager-JNI: !@handleInterceptActions(0), action=0, wmActions=1
10-12 17:28:08.861  1624  1995 D WindowManager: interceptKeyTi keyCode=3 down=true repeatCount=0 keyguardOn=false canceled=false
10-12 17:28:08.861  1624  1995 D PhoneWindowManagerExt: interceptKeyTi code=3 down=true repeatCount=0 displayId=0 interactive=true
10-12 17:28:08.868  1530 24567 D BufferPoolAccessor2.0: bufferpool2 0xb40000797f8a5c88 : 6(24576 size) total buffers - 1(4096 size) used buffers - 5384/5390 (recycle/alloc) - 23/5389 (fetch/transfer)
10-12 17:28:08.886  3685  3685 I wpa_supplicant: Heartbeat 13534
10-12 17:28:09.001  1624  1996 D InputReader: Btn_touch(11): value=0 when=262974.288971
10-12 17:28:09.001  1624  1996 I InputReader: Touch event's action is 0x1 (id=3, t=0) [pCnt=1, s=] when=262974.288971
10-12 17:28:09.001  1624  1995 I InputDispatcher: Delivering touch to (2374): action: 0x1, f=0x0, d=0, 'd7accad', t=1 +(0,-2256)
10-12 17:28:09.004  2374  2374 I ViewRootImpl@66558ce[NavigationBar0]: ViewPostIme pointer 1
10-12 17:28:09.005  2374  3051 I KeyButtonView: injectInputEvent - 3
10-12 17:28:09.005  1624  2447 D InputDispatcher: Inject key (2374/10040): action=1, f=0x48, d=0, time=262974292000000
10-12 17:28:09.006  1624  2447 D InputManager-JNI: !@interceptKeyBeforeQueueing(0), action=1, interactive=true
10-12 17:28:09.006  1624  2447 D WindowManager: interceptKeyTq keycode=3 interactive=true keyguardActive=false policyFlags=2b000002
10-12 17:28:09.006  1624  2447 D PhoneWindowManagerExt: interceptKeyTq code=3 down=false repeatCount=0 displayId=0 interactive=true
10-12 17:28:09.006  1624  2447 D WindowManager: interceptKeyTq interceptKeyResult=1
10-12 17:28:09.006  1624  2447 D InputManager-JNI: !@handleInterceptActions(0), action=1, wmActions=1
10-12 17:28:09.006  1624  1995 D WindowManager: interceptKeyTi keyCode=3 down=false repeatCount=0 keyguardOn=false canceled=false
10-12 17:28:09.006  1624  1995 D PhoneWindowManagerExt: interceptKeyTi code=3 down=false repeatCount=0 displayId=0 interactive=true
10-12 17:28:09.009  1624  1775 D BaseRestrictionMgr: Package: com.kakao.talk, userid: 0, hostingType: broadcast is Restricted by policy: 4 caller is: null
10-12 17:28:09.010  1624  1775 W BroadcastQueue: intent:Intent { act=android.intent.action.CLOSE_SYSTEM_DIALOGS flg=0x50000010 (has extras) } is skipped in RestrictedPackage to ProcessRecord{58c36b0 22873:com.kakao.talk/u0a326}
10-12 17:28:09.014  1624  1765 D PowerManagerService: [api] userActivity : event: 0 flags: 0 (uid: 1000 pid: 1624) <- requestAwakenInternal() in com.android.server.dreams.DreamManagerService:240 eventTime = 262974297 displayId = 0
10-12 17:28:09.015  1624  1765 I SemDvfsHyPerManager: acquire hyper - AMS_APP_HOME/1624@30, type = -999
10-12 17:28:09.017  2374  2374 D LocationControllerImpl: onReceive() = android.intent.action.CLOSE_SYSTEM_DIALOGS
10-12 17:28:09.017  2374  2374 V ShadeControllerImpl: NotificationShadeWindow: com.android.systemui.statusbar.phone.NotificationShadeWindowView{8fe0612 I.E...... ......ID 0,0-1080,2400} canPanelBeCollapsed(): false
10-12 17:28:09.017  2374  2374 D QSButtonsContainer: action:android.intent.action.CLOSE_SYSTEM_DIALOGS
10-12 17:28:09.017  2374  2374 D SecQSLayoutDetail: action:android.intent.action.CLOSE_SYSTEM_DIALOGS
10-12 17:28:09.017  1191  1217 I HYPER-HAL: [RequestManager.cpp]acquire(): Acquired ID : 1368715  [1624 / 30]    HINT : AMS_APP_HOME    list : 
10-12 17:28:09.018  4114  4114 I SemDvfsHyPerManager: acquire hyper - APP_START_HOME/4114@15, type = -999
10-12 17:28:09.019  2374  2374 D QSMoreButton: action:android.intent.action.CLOSE_SYSTEM_DIALOGS
10-12 17:28:09.020  2374  2374 D PopupUI.PopupUI: PopupUIReceiver.onReceive() action : android.intent.action.CLOSE_SYSTEM_DIALOGS
10-12 17:28:09.021  2374  2374 D SecVolume.SecVolumeStore: dispatch [ACTION_DISMISS_REQUESTED] with [STATE_NO_DISPATCH]
10-12 17:28:09.021  2374  2374 D SecVolume.SecVolumeStore:   > New State : [STATE_NO_DISPATCH]
10-12 17:28:09.022  1191  1217 I HYPER-HAL: [ResourceManager.cpp]updateResource(): [CPUMinFreq] UpdateResource Request ID : 1368715    Value : 2912000
10-12 17:28:09.024  1624  1765 D ActivityManagerPerformance: AMP_acquire() HOME
10-12 17:28:09.024  1624  1765 D PhoneWindowManagerExt: startDockOrHome
10-12 17:28:09.024  1624  1765 D WindowManager: startDockOrHome: startReason= startDockOrHome
10-12 17:28:09.024  1624  2011 V InputMethodManagerService: hideCurrentInputLocked : canceled, shouldHideSoftInput=false, mInputShown=false, mImeWindowVis=0
10-12 17:28:09.025  1624  2011 I InputMethodBindingController: setCurrentMethodNotVisible: mVisibleBound=false, mHasConnection=true, caller = com.android.server.inputmethod.InputMethodManagerService.hideCurrentInputLocked:4356 com.android.server.inputmethod.InputMethodManagerService.handleMessage:5666 android.os.Handler.dispatchMessage:102 android.os.Looper.loopOnce:226 android.os.Looper.loop:313 android.os.HandlerThread.run:67 com.android.server.ServiceThread.run:44 <bottom of call stack> <bottom of call stack> <bottom of call stack> 
10-12 17:28:09.026  1191  1217 I HYPER-HAL: [RequestManager.cpp]acquire(): Acquired ID : 8526400  [4114 / 15]    HINT : APP_START    list : [KERNEL_APP_START_NOTIFY / 0] [TIMEOUT / 1500] 
10-12 17:28:09.027  1191  1217 I HYPER-HAL: [ResourceManager.cpp]updateResource(): [CPUMaxFreq] UpdateResource Request ID : 8526400    Value : 2912000
10-12 17:28:09.028  1624  1765 D ActivityTaskManager: SafeActivityOptions created, mOriginalCallingPid=1624, mOriginalCallingUid=1000, options=ActivityOptions(118972528), mPackageName=null, mAnimationType=-1, mStartX=0, mStartY=0, mWidth=0, mHeight=0, caller=com.android.server.wm.SafeActivityOptions.fromBundle:82 com.android.server.wm.ActivityStarter.setActivityOptions:4708 com.android.server.wm.ActivityStartController.startHomeActivity:216 com.android.server.wm.RootWindowContainer.startHomeOnTaskDisplayArea:1846 com.android.server.wm.RootWindowContainer.lambda$startHomeOnDisplay$13:1736 com.android.server.wm.RootWindowContainer.$r8$lambda$AJ98l6Vu0VhEpmfv30jgOxfPyik:0 com.android.server.wm.RootWindowContainer$$ExternalSyntheticLambda45.apply:18 
10-12 17:28:09.028  1624  1765 I ActivityTaskManager: START u0 {act=android.intent.action.MAIN cat=[android.intent.category.HOME] flg=0x10000100 cmp=com.sec.android.app.launcher/.activities.LauncherActivity (has extras)} from uid 0
10-12 17:28:09.031  1624  1765 D ActivityTaskManager: TaskLaunchParamsModifier:task=null activity=ActivityRecord{d96952b u0 com.sec.android.app.launcher/.activities.LauncherActivity} display-area-from-option=DefaultTaskDisplayArea@38009258 display-id=0 display-windowing-mode=1 suggested-display-area=DefaultTaskDisplayArea@38009258
10-12 17:28:09.031  1624  1765 D ActivityTaskManager: TaskLaunchParamsModifier:task=Task{9b8199e #7725 type=home A=10139:com.sec.android.app.launcher.activities.LauncherActivity U=0 rootTaskId=1 visible=false visibleRequested=false mode=fullscreen translucent=true sz=1} activity=ActivityRecord{d96952b u0 com.sec.android.app.launcher/.activities.LauncherActivity} t-1} display-area-from-option=DefaultTaskDisplayArea@38009258 display-id=0 display-windowing-mode=1 suggested-display-area=DefaultTaskDisplayArea@38009258 activity-options-fullscreen=Rect(0, 0 - 0, 0) non-freeform-display display-area=DefaultTaskDisplayArea@38009258 maximized-bounds
10-12 17:28:09.031  1624  1765 I Pageboost: moveTaskToFront : 10139:com.sec.android.app.launcher.activities.LauncherActivity
10-12 17:28:09.031  1624  1765 D ActivityTaskManager: scheduleTopResumedActivityChanged, onTop=false r=ActivityRecord{8f57a5e u0 com.android.settings/.applications.InstalledAppDetails} t9053} caller=com.android.server.wm.ActivityTaskSupervisor.updateTopResumedActivityIfNeeded:2510 com.android.server.wm.TaskDisplayArea.positionChildTaskAt:602 com.android.server.wm.TaskDisplayArea.positionChildAt:537 com.android.server.wm.WindowContainer.positionChildAt:970 com.android.server.wm.Task.positionChildAt:3354 com.android.server.wm.Task.moveToFrontInner:6053 
10-12 17:28:09.031  3374  3374 E pageboostd: Received HALT command code 2
10-12 17:28:09.032  1624  1765 D InputDispatcher: Focused application(0): ActivityRecord{93c89a1 u0 com.sec.android.app.launcher/.activities.LauncherActivity} t7725}
10-12 17:28:09.032  1624  1765 V WindowManager: Changing focus from Window{c2110c0 u0 com.android.settings/com.android.settings.applications.InstalledAppDetails} to null displayId=0 Callers=com.android.server.wm.RootWindowContainer.updateFocusedWindowLocked:595 com.android.server.wm.WindowManagerService.updateFocusedWindowLocked:6803 com.android.server.wm.ActivityTaskManagerService.setResumedActivityUncheckLocked:5755 com.android.server.wm.ActivityRecord.moveFocusableActivityToTop:3874 
10-12 17:28:09.032  1624  1765 D MARsPolicyManager: onPackageResumedFG pkgName = com.android.settings, userId = 0
10-12 17:28:09.032  1624  1765 D StatusBarManagerService: notifyRequestedSystemKey recent=false home=false
10-12 17:28:09.032  1624  1765 D SGM:FgCheckThread: TaskStackListener.onTaskFocusChanged(), taskId=9053, focused=false
10-12 17:28:09.032  1624  1765 D SGM:FgCheckThread: TaskStackListener.onTaskFocusChanged(), taskId=7725, focused=true
10-12 17:28:09.033  1624  1765 D SGM:FgCheckThread:   sendRunningComponentFocus(), pkgName: com.sec.android.app.launcher, userId: 0
10-12 17:28:09.033  1624  2014 D SGM:FgCheckThread: onLooperPrepared(), msg: MSG_TASK_FOCUSED, pkgName: com.sec.android.app.launcher, userId: 0
10-12 17:28:09.033  1624  2014 D SGM:FgCheckThread: handleTaskFocused().
10-12 17:28:09.033  1624  2014 D SGM:FgCheckThread: sendFocusOutConditionally() - mPrevNotiPkg: KILL_YOURSELF, userId: 0
10-12 17:28:09.033  1624  2195 D AS.MultiSoundManager: mForegroundUid = 10139
10-12 17:28:09.033  1624  2014 D SGM:FgCheckThread:   handleTaskFocused(), pkgName: com.sec.android.app.launcher, userID:0 mResumedPkgMap does not containsKey.
10-12 17:28:09.033  1624  1765 W WindowManager: Prepare app transition: mNextAppTransitionRequests=[TRANSIT_TO_FRONT], mNextAppTransitionFlags=, displayId: 0 Callers=com.android.server.wm.DisplayContent.prepareAppTransition:6493 com.android.server.wm.DisplayContent.prepareAppTransition:6484 com.android.server.wm.Task.updateTransitLocked:7050 com.android.server.wm.Task.moveTaskToFront:7148 com.android.server.wm.ActivityStarter.setTargetRootTaskIfNeeded:4216 
10-12 17:28:09.033  1624  1765 V WindowManager: Checking theme of starting window: 0x7f130015
10-12 17:28:09.033  1624  1765 V WindowManager: Translucent=false Floating=false ShowWallpaper=true Disable=false
10-12 17:28:09.034  1624  1765 D WindowManagerServiceExt: notifyOccludeChangeNotice: reset caller=com.android.server.wm.WindowManagerServiceExt.updateOccludeTargetIfNeeded:1402 com.android.server.wm.DisplayContent.ensureActivitiesVisible:7532 com.android.server.wm.RootWindowContainer.ensureActivitiesVisible:2248 com.android.server.wm.RootWindowContainer.ensureActivitiesVisible:2229 com.android.server.wm.TaskFragment.completePause:2076 
10-12 17:28:09.034  1624  1765 V MARsPolicyManager: Current Home Package com.sec.android.app.launcher Resumed
10-12 17:28:09.034  1624  1765 D MARsPolicyManager: onPackageResumedFG pkgName = com.sec.android.app.launcher, userId = 0
10-12 17:28:09.034  1624  1765 W WindowManager: Prepare app transition: mNextAppTransitionRequests=[TRANSIT_TO_FRONT, TRANSIT_OPEN], mNextAppTransitionFlags=, displayId: 0 Callers=com.android.server.wm.DisplayContent.prepareAppTransition:6493 com.android.server.wm.DisplayContent.prepareAppTransition:6484 com.android.server.wm.TaskFragment.resumeTopActivity:1583 com.android.server.wm.TaskFragment.resumeTopActivity:1307 com.android.server.wm.Task.resumeTopActivityInnerLocked:6451 
10-12 17:28:09.034  1624  1765 V WindowManager: Setting visibility of Window{13c170a u0 com.sec.android.app.launcher/com.sec.android.app.launcher.activities.LauncherActivity}: true, caller=com.android.server.wm.WindowContainer.sendAppVisibilityToClients:1246 com.android.server.wm.WindowToken.setClientVisible:431 com.android.server.wm.ActivityRecord.setClientVisible:7691 com.android.server.wm.ActivityRecord.setVisibility:6091 com.android.server.wm.ActivityRecord.setVisibility:5984 
10-12 17:28:09.035  1624  1765 V WindowManager: Setting visibility of Window{1c5cc3 u0 com.sec.android.app.launcher/com.sec.android.app.launcher.activities.LauncherActivity}: true, caller=com.android.server.wm.WindowContainer.sendAppVisibilityToClients:1246 com.android.server.wm.WindowToken.setClientVisible:431 com.android.server.wm.ActivityRecord.setClientVisible:7691 com.android.server.wm.ActivityRecord.setVisibility:6091 com.android.server.wm.ActivityRecord.setVisibility:5984 
10-12 17:28:09.035  2918  2918 I ViewRootImpl@1b999d5[LauncherActivity]: handleAppVisibility mAppVisible = false visible = true
10-12 17:28:09.035 22202 22202 I ViewRootImpl@4730bac[LauncherActivity]: handleAppVisibility mAppVisible = false visible = true
10-12 17:28:09.035  1624  1765 V WindowManager: rotationForOrientation(orient=SCREEN_ORIENTATION_NOSENSOR (5), last=ROTATION_0 (0)); user=ROTATION_0 (0) USER_ROTATION_LOCKED
10-12 17:28:09.035  1624  1765 D WindowManager: rotationForOrientation, orientationSource=ActivityRecord{93c89a1 u0 com.sec.android.app.launcher/.activities.LauncherActivity} t7725}
10-12 17:28:09.035  1624  1765 V WindowManager: Computed rotation=ROTATION_0 (0) for display id=0 based on lastOrientation=SCREEN_ORIENTATION_NOSENSOR (5) and oldRotation=ROTATION_0 (0), caller=com.android.server.wm.DisplayRotation.updateOrientation:414 com.android.server.wm.DisplayContent.updateOrientation:1990 com.android.server.wm.DisplayContent.updateOrientation:1891 com.android.server.wm.RootWindowContainer.ensureVisibilityAndConfig:2139 com.android.server.wm.TaskFragment.resumeTopActivity:1652 com.android.server.wm.TaskFragment.resumeTopActivity:1307 
10-12 17:28:09.036  1624  1765 D TspStateManager: updateCustomValue customSetting=
10-12 17:28:09.037  1624  1765 D TspStateManager: updateCustomValue customSetting=
10-12 17:28:09.037  2918  2918 I ViewRootImpl@1b999d5[LauncherActivity]: stopped(false) old = true
10-12 17:28:09.037  2918  2918 I ViewRootImpl@1b999d5[LauncherActivity]: WindowStopped on com.sec.android.app.launcher/com.sec.android.app.launcher.activities.LauncherActivity set to false
