10-12 17:28:26.520  1624  2014 D SGM:FgCheckThread: notifyFocusInOut(). of pkg: com.snapmealapp, type: 4, isTunableApp: false, userId: 0
10-12 17:28:26.520  1624  2014 D SGM:FgCheckThread:   notifyFocusInOut(). do nothing. mKillNotiCount: 1
10-12 17:28:26.520  1624  2014 D SGM:SystemHelper: callReleaseBlock needReleaseBlock:false
10-12 17:28:26.521  1624  2530 W WindowManager: Execute app transition: mNextAppTransitionRequests=[TRANSIT_OPEN, TRANSIT_OPEN], mNextAppTransitionFlags=, displayId: 0 Callers=com.android.server.wm.RootWindowContainer.executeAppTransitionForAllDisplay:2580 com.android.server.wm.ActivityTaskSupervisor.reportResumedActivityLocked:2287 com.android.server.wm.ActivityRecord.completeResumeLocked:6987 com.android.server.wm.Task.minimalResumeActivityLocked:6156 com.android.server.wm.ActivityTaskSupervisor.realStartActivityLocked:1137 
10-12 17:28:26.522  2918  2918 I TopTaskTracker: onTaskMovedToFront : taskId = 9054
10-12 17:28:26.523 25638 25638 D nativeloader: Load /data/app/~~qZrTtw95TNLfaxjZ_MUVLw==/com.snapmealapp-QQX2FvonRTldVxZBpDUWpA==/base.apk!/lib/arm64-v8a/libreact_codegen_rnscreens.so using class loader ns clns-4 (caller=/data/app/~~qZrTtw95TNLfaxjZ_MUVLw==/com.snapmealapp-QQX2FvonRTldVxZBpDUWpA==/base.apk): ok
10-12 17:28:26.523 25638 25638 D jni_lib_merge: Entering merged library JNI_OnLoad.
10-12 17:28:26.523 25638 25638 D jni_lib_merge: Preparing 12 pre-merged libs (including stub)
10-12 17:28:26.523 25638 25638 D jni_lib_merge: Preparing to register libfabricjni_so.  onload_func: 0x719140a68c
10-12 17:28:26.523 25638 25638 D jni_lib_merge: Preparing to register libmapbufferjni_so.  onload_func: 0x719145dee0
10-12 17:28:26.523 25638 25638 D jni_lib_merge: Preparing to register libreact_devsupportjni_so.  onload_func: 0x71914d53a0
10-12 17:28:26.523 25638 25638 D jni_lib_merge: Preparing to register libreact_featureflagsjni_so.  onload_func: 0x71914dd8c4
10-12 17:28:26.523 25638 25638 D jni_lib_merge: Preparing to register libreact_newarchdefaults_so.  onload_func: 0x7191500ae8
10-12 17:28:26.523 25638 25638 D jni_lib_merge: Preparing to register libreactnativeblob_so.  onload_func: 0x7191584aa8
10-12 17:28:26.523 25638 25638 D jni_lib_merge: Preparing to register libreactnativejni_so.  onload_func: 0x71915a2a90
10-12 17:28:26.523 25638 25638 D jni_lib_merge: Preparing to register librninstance_so.  onload_func: 0x71915bda98
10-12 17:28:26.523 25638 25638 D jni_lib_merge: Preparing to register libturbomodulejsijni_so.  onload_func: 0x7191623198
10-12 17:28:26.523 25638 25638 D jni_lib_merge: Preparing to register libuimanagerjni_so.  onload_func: 0x719162a6b0
10-12 17:28:26.523 25638 25638 D jni_lib_merge: Preparing to register libyoga_so.  onload_func: 0x719162fb04
10-12 17:28:26.523 25638 25638 D jni_lib_merge: About to register 11 actual methods.
10-12 17:28:26.523  1624  1767 I ActivityManager: Changes in 10432 19 to 2, 0 to 15
10-12 17:28:26.523  1624  1767 I AppOps  : updateUidProcState uid: 10432 procState: 2 capability:15
10-12 17:28:26.523  1624  1767 I AppOps  : commitUidPendingStateLocked() :: UID - 10432, 700 > 200, 0 > 15
10-12 17:28:26.523  1624  1767 I ActivityManager: updateOomAdj start time is before than pendingPid added, don't delete it
10-12 17:28:26.525  1624  3093 D CoreBackPreview: Window{f111280 u0 Splash Screen com.snapmealapp}: Setting back callback OnBackInvokedCallbackInfo{mCallback=android.window.IOnBackInvokedCallback$Stub$Proxy@27825e, mPriority=0}
10-12 17:28:26.526 25638 25638 D nativeloader: Load /data/app/~~qZrTtw95TNLfaxjZ_MUVLw==/com.snapmealapp-QQX2FvonRTldVxZBpDUWpA==/base.apk!/lib/arm64-v8a/libreact_codegen_rnsvg.so using class loader ns clns-4 (caller=/data/app/~~qZrTtw95TNLfaxjZ_MUVLw==/com.snapmealapp-QQX2FvonRTldVxZBpDUWpA==/base.apk): ok
10-12 17:28:26.526 25638 25638 D jni_lib_merge: Entering merged library JNI_OnLoad.
10-12 17:28:26.526 25638 25638 D jni_lib_merge: Preparing 12 pre-merged libs (including stub)
10-12 17:28:26.526 25638 25638 D jni_lib_merge: Preparing to register libfabricjni_so.  onload_func: 0x719140a68c
10-12 17:28:26.526 25638 25638 D jni_lib_merge: Preparing to register libmapbufferjni_so.  onload_func: 0x719145dee0
10-12 17:28:26.526 25638 25638 D jni_lib_merge: Preparing to register libreact_devsupportjni_so.  onload_func: 0x71914d53a0
10-12 17:28:26.526 25638 25638 D jni_lib_merge: Preparing to register libreact_featureflagsjni_so.  onload_func: 0x71914dd8c4
10-12 17:28:26.526 25638 25638 D jni_lib_merge: Preparing to register libreact_newarchdefaults_so.  onload_func: 0x7191500ae8
10-12 17:28:26.526 25638 25638 D jni_lib_merge: Preparing to register libreactnativeblob_so.  onload_func: 0x7191584aa8
10-12 17:28:26.526 25638 25638 D jni_lib_merge: Preparing to register libreactnativejni_so.  onload_func: 0x71915a2a90
10-12 17:28:26.526 25638 25638 D jni_lib_merge: Preparing to register librninstance_so.  onload_func: 0x71915bda98
10-12 17:28:26.526 25638 25638 D jni_lib_merge: Preparing to register libturbomodulejsijni_so.  onload_func: 0x7191623198
10-12 17:28:26.526 25638 25638 D jni_lib_merge: Preparing to register libuimanagerjni_so.  onload_func: 0x719162a6b0
10-12 17:28:26.526 25638 25638 D jni_lib_merge: Preparing to register libyoga_so.  onload_func: 0x719162fb04
10-12 17:28:26.526 25638 25638 D jni_lib_merge: About to register 11 actual methods.
10-12 17:28:26.527  1624  2195 D AS.MultiSoundManager: mForegroundUid = 10432
10-12 17:28:26.528 25638 25638 D nativeloader: Load /data/app/~~qZrTtw95TNLfaxjZ_MUVLw==/com.snapmealapp-QQX2FvonRTldVxZBpDUWpA==/base.apk!/lib/arm64-v8a/libreact_codegen_safeareacontext.so using class loader ns clns-4 (caller=/data/app/~~qZrTtw95TNLfaxjZ_MUVLw==/com.snapmealapp-QQX2FvonRTldVxZBpDUWpA==/base.apk): ok
10-12 17:28:26.528  1624  2280 D NetdEventListenerService: DNS Requested by : 178, 1000
10-12 17:28:26.528  1624  2829 V WindowManager: Relayout Window{f111280 u0 Splash Screen com.snapmealapp}: viewVisibility=0 req=1080x2400 d0
10-12 17:28:26.528  1624  2829 D RestrictionPolicy: isScreenCaptureEnabled : ret=true userId=0
10-12 17:28:26.528  1281  2047 I SurfaceFlinger: id=155194 createSurf flag=40004, Splash Screen com.snapmealapp$_2374#155194
10-12 17:28:26.529  1624  2829 D WindowManager: makeSurface duration=0 name=Splash Screen com.snapmealapp$_2374
10-12 17:28:26.530 25638 25638 D nativeloader: Load /data/app/~~qZrTtw95TNLfaxjZ_MUVLw==/com.snapmealapp-QQX2FvonRTldVxZBpDUWpA==/base.apk!/lib/arm64-v8a/libappmodules.so using class loader ns clns-4 (caller=/data/app/~~qZrTtw95TNLfaxjZ_MUVLw==/com.snapmealapp-QQX2FvonRTldVxZBpDUWpA==/base.apk): ok
10-12 17:28:26.530  1281  1281 I SurfaceFlinger: [1c5cc3 com.sec.android.app.launcher/com.sec.android.app.launcher.activities.LauncherActivity#108] FrameRatePriority: -1
10-12 17:28:26.530  1281  1281 D SurfaceFlinger: [input] inputWindowCommands.focusRequests size is 1
10-12 17:28:26.531  1624  2829 V WindowManager: Relayout hash=f111280, pid=2374, syncId=-1: mAttrs={(0,0)(fillxfill) sim={adjust=pan} ty=APPLICATION_STARTING fmt=TRANSLUCENT wanim=0x1030309
10-12 17:28:26.531  1624  2829 V WindowManager:   fl=81030118
10-12 17:28:26.531  1624  2829 V WindowManager:   pfl=16000010
10-12 17:28:26.531  1624  2829 V WindowManager:   apr=LIGHT_STATUS_BARS LIGHT_NAVIGATION_BARS
10-12 17:28:26.531  1624  2829 V WindowManager:   bhv=DEFAULT
10-12 17:28:26.531  1624  2829 V WindowManager:   fitSides= naviIconColor=0}
10-12 17:28:26.532  1281  1394 D SurfaceFlinger: [input] setFocusedWindow: <null>
10-12 17:28:26.532  1624  1624 I CocktailBarManagerServiceContainer: handleMessage: entry what = 5
10-12 17:28:26.532  1624  2829 D InputDispatcher: Focus left window (0): 1c5cc3 com.sec.android.app.launcher/com.sec.android.app.launcher.activities.LauncherActivity
10-12 17:28:26.532  2374  2448 D InsetsController: onStateChanged: InsetsState: {mDisplayFrame=Rect(0, 0 - 1080, 2400), mDisplayCutout=DisplayCutout{insets=Rect(0, 80 - 0, 0) waterfall=Insets{left=0, top=0, right=0, bottom=0} boundingRect={Bounds=[Rect(0, 0 - 0, 0), Rect(510, 0 - 570, 80), Rect(0, 0 - 0, 0), Rect(0, 0 - 0, 0)]} cutoutPathParserInfo={CutoutPathParserInfo{displayWidth=1080 displayHeight=2400 physicalDisplayWidth=1080 physicalDisplayHeight=2400 density={3.0} cutoutSpec={M 0,0 H -10 V 26.66666666666667 H 10 V 0 H 0 Z @dp} rotation={0} scale={1.0} physicalPixelDisplaySizeRatio={1.0}}}}, mRoundedCorners=RoundedCorners{[RoundedCorner{position=TopLeft, radius=96, center=Point(96, 96)}, RoundedCorner{position=TopRight, radius=96, center=Point(984, 96)}, RoundedCorner{position=BottomRight, radius=96, center=Point(984, 2304)}, RoundedCorner{position=BottomLeft, radius=96, center=Point(96, 2304)}]}  mRoundedCornerFrame=Rect(0, 0 - 1080, 2400), mPrivacyIndicatorBounds=PrivacyIndicatorBounds {static bounds=Rect(948, 0 - 1080, 80) rotation=0}, mSources= { InsetsSource: {mType=ITYPE_STATUS_BAR, mFrame=[0,0][1080,80], mVisible=true, mInsetsRoundedCornerFrame=false}, InsetsSource: {mType=ITYPE_NAVIGATION_BAR, mFrame=[0,2256][1080,2400], mVisible=true, mInsetsRoundedCornerFrame=false}, InsetsSource: {mType=ITYPE_LEFT_GESTURES, mFrame=[0,0][0,2400], mVisible=true, mInsetsRoundedCornerFrame=false}, InsetsSource: {mType=ITYPE_RIGHT_GESTURES, mFrame=[1080,0][1080,2400], mVisible=true, mInsetsRoundedCornerFrame=false}, InsetsSource: {mType=ITYPE_TOP_MANDATORY_GESTURES, mFrame=[0,0][1080,116], mVisible=true, mInsetsRoundedCornerFrame=false}, InsetsSource: {mType=ITYPE_BOTTOM_MANDATORY_GESTURES, mFrame=[0,2256][1080,2400], mVisible=true, mInsetsRoundedCornerFrame=false}, InsetsSource: {mType=ITYPE_LEFT_DISPLAY_CUTOUT, mFrame=[0,0][-100000,2400], mVisible=true, mInsetsRoundedCornerFrame=false}, InsetsSource: {mType=ITYPE_TOP_DISPLAY_CUTOUT, mFrame=[0,0][1080,80], mVisible=true, mInsetsRoundedCornerFrame=false}, InsetsSource: {mType=ITYPE_RIGHT_DISPLAY_CUTOUT, mFrame=[100000,0][1080,2400], mVisible=true, mInsetsRoundedCornerFrame=false}, InsetsSource: {mType=ITYPE_BOTTOM_DISPLAY_CUTOUT, mFrame=[0,100000][1080,2400], mVisible=true, mInsetsRoundedCornerFrame=false}, InsetsSource: {mType=ITYPE_TOP_TAPPABLE_ELEMENT, mFrame=[0,0][1080,80], mVisible=true, mInsetsRoundedCornerFrame=false}, InsetsSource: {mType=ITYPE_BOTTOM_TAPPABLE_ELEMENT, mFrame=[0,2256][1080,2400], mVisible=true, mInsetsRoundedCornerFrame=false}, InsetsSource: {mType=ITYPE_IME, mFrame=[0,0][0,0], mVisibleFrame=[0,1364][1080,2400], mVisible=false, mInsetsRoundedCornerFrame=false} } host=Splash Screen com.snapmealapp from=android.view.ViewRootImpl.relayoutWindow:9802
10-12 17:28:26.532  1624  1624 I CocktailBarManagerServiceImpl: noteResumeComponent : no active host
10-12 17:28:26.533  2918  2918 I ViewRootImpl@1b999d5[LauncherActivity]: MSG_WINDOW_FOCUS_CHANGED 0 0
10-12 17:28:26.533  2918  2918 I BaseActivity: removeActivityFlags, flags : 8
10-12 17:28:26.533  1624  2154 V NetworkPolicy: getFirewallRuleWifi UID:10432 policy:0
10-12 17:28:26.533  2374  2448 I ViewRootImpl@f261a0[snapmealapp]: updateBlastSurfaceIfNeeded mBlastBufferQueue=null isSameSurfaceControl=false
10-12 17:28:26.533  2374  2448 I BLASTBufferQueue: new BLASTBufferQueue, mName= ViewRootImpl@f261a0[snapmealapp] mNativeObject= 0xb40000730d8fa310 sc.mNativeObject= 0xb40000729d9f6730 caller= android.view.ViewRootImpl.updateBlastSurfaceIfNeeded:2909 android.view.ViewRootImpl.relayoutWindow:9847 android.view.ViewRootImpl.performTraversals:3884 android.view.ViewRootImpl.doTraversal:3116 android.view.ViewRootImpl$TraversalRunnable.run:10885 android.view.Choreographer$CallbackRecord.run:1301 android.view.Choreographer$CallbackRecord.run:1309 android.view.Choreographer.doCallbacks:923 android.view.Choreographer.doFrame:852 android.view.Choreographer$FrameDisplayEventReceiver.run:1283 
10-12 17:28:26.533  2374  2448 I BLASTBufferQueue: update, w= 1080 h= 2400 mName = ViewRootImpl@f261a0[snapmealapp] mNativeObject= 0xb40000730d8fa310 sc.mNativeObject= 0xb40000729d9f6730 format= -3 caller= android.graphics.BLASTBufferQueue.<init>:84 android.view.ViewRootImpl.updateBlastSurfaceIfNeeded:2909 android.view.ViewRootImpl.relayoutWindow:9847 android.view.ViewRootImpl.performTraversals:3884 android.view.ViewRootImpl.doTraversal:3116 android.view.ViewRootImpl$TraversalRunnable.run:10885 
10-12 17:28:26.534  2374  2448 I ViewRootImpl@f261a0[snapmealapp]: Relayout returned: old=(0,0,1080,2400) new=(0,0,1080,2400) req=(1080,2400)0 dur=18 res=0x3 s={true 0xb40000739d9c4870} ch=true seqId=0
10-12 17:28:26.534  2374  2448 I ViewRootImpl@f261a0[snapmealapp]: mThreadedRenderer.initialize() mSurface={isValid=true 0xb40000739d9c4870} hwInitialized=true
10-12 17:28:26.534  2374  2456 D OpenGLRenderer: eglCreateWindowSurface
10-12 17:28:26.534  2374  2448 I ViewRootImpl@f261a0[snapmealapp]: reportNextDraw android.view.ViewRootImpl.performTraversals:4438 android.view.ViewRootImpl.doTraversal:3116 android.view.ViewRootImpl$TraversalRunnable.run:10885 android.view.Choreographer$CallbackRecord.run:1301 android.view.Choreographer$CallbackRecord.run:1309 
10-12 17:28:26.534  2374  2448 I ViewRootImpl@f261a0[snapmealapp]: Setup new sync id=0
10-12 17:28:26.534  2374  2448 I ViewRootImpl@f261a0[snapmealapp]: Setting syncFrameCallback
10-12 17:28:26.534  2374  2448 I ViewRootImpl@f261a0[snapmealapp]: registerCallbacksForSync syncBuffer=false
10-12 17:28:26.535 25638 25660 D OpenGLRenderer: RenderThread::requireGlContext()
10-12 17:28:26.535  2374  2504 I ViewRootImpl@f261a0[snapmealapp]: Received frameDrawingCallback syncResult=0 frameNum=1.
10-12 17:28:26.535  2374  2504 I ViewRootImpl@f261a0[snapmealapp]: Setting up sync and frameCommitCallback
10-12 17:28:26.535  1624  1767 D SGM:GameManager: identifyGamePackage. com.snapmealapp, mCurrentUserId: 0, callerUserId: 0, callingMethodInfo: com.samsung.android.game.SemGameManager.isGamePackage(SemGameManager.java:104)
10-12 17:28:26.536  1624  1767 D SGM:PkgDataHelper: getGamePkgData(). com.snapmealapp
10-12 17:28:26.536  1624  1767 D SGM:SemGameManager: isGamePackage(), pkgName=com.snapmealapp, ret=false
10-12 17:28:26.536  1624  1767 D SGM:FgCheckThread: noteResumeComponent(), received pkgName: com.snapmealapp, userId: 0
10-12 17:28:26.536  1624  2014 D SGM:FgCheckThread: onLooperPrepared(), msg: MSG_APP_RESUME, pkgName: com.snapmealapp, userid: 0
10-12 17:28:26.537  1624  2014 D SGM:FgCheckThread: handleResume().
10-12 17:28:26.537  1624  2014 D SGM:FgCheckThread:   handleResume(). same package with Prev KILL_YOURSELF. ignore
10-12 17:28:26.537  1624  1767 I GameSDK@LifeCycle: noteResumeComponent(): package name  : com.snapmealapp
10-12 17:28:26.539  1624  1767 D SGM:GameManager: identifyGamePackage. com.snapmealapp, mCurrentUserId: 0, callerUserId: 0, callingMethodInfo: com.android.server.ssrm.SortingMachine.isGame(SortingMachine.java:162)
10-12 17:28:26.539  1624  1767 D SGM:PkgDataHelper: getGamePkgData(). com.snapmealapp
10-12 17:28:26.539  1624  3399 I MediaSessionMonitor: Media session stopped : diffrent pkg
10-12 17:28:26.540  2374  2456 I BLASTBufferQueue: [ViewRootImpl@f261a0[snapmealapp]#2959](f:0,a:0) onFrameAvailable the first frame is available
10-12 17:28:26.541  2374  2456 I ViewRootImpl@f261a0[snapmealapp]: Received frameCommittedCallback lastAttemptedDrawFrameNum=1 didProduceBuffer=true
10-12 17:28:26.541  1624  1767 I ActivityManager: updateOomAdj start time is before than pendingPid added, don't delete it
10-12 17:28:26.541  2374  2456 D OpenGLRenderer: CFMS:: SetUp Pid : 2374    Tid : 2456
10-12 17:28:26.541  2374  2456 W Parcel  : Expecting binder but got null!
10-12 17:28:26.541  2374  2448 I ViewRootImpl@f261a0[snapmealapp]: onSyncComplete
10-12 17:28:26.542  2374  2448 I ViewRootImpl@f261a0[snapmealapp]: setupSync seqId=0 mSyncId=0 fn=1 caller=android.view.ViewRootImpl$$ExternalSyntheticLambda11.accept:6 android.window.SurfaceSyncer.lambda$setupSync$1$android-window-SurfaceSyncer:128 android.window.SurfaceSyncer$$ExternalSyntheticLambda1.accept:8 android.window.SurfaceSyncer$SyncSet.checkIfSyncIsComplete:382 android.window.SurfaceSyncer$SyncSet.markSyncReady:359 android.window.SurfaceSyncer.markSyncReady:151 android.view.ViewRootImpl.performTraversals:4503 
10-12 17:28:26.542 25638 25638 D AppCompatDelegate: Checking for metadata for AppLocalesMetadataHolderService : Service not found
10-12 17:28:26.542  2374  2448 I ViewRootImpl@f261a0[snapmealapp]: reportDrawFinished seqId=0 mSyncId=-1 fn=1 mSurfaceChangedTransaction=0xb4000072cd99b930
10-12 17:28:26.544  1624  2829 D WindowManager: finishDrawingWindow: Window{f111280 u0 Splash Screen com.snapmealapp} mDrawState=DRAW_PENDING seqId=0
10-12 17:28:26.544  1624  2829 V WindowManager: Finishing drawing window Window{f111280 u0 Splash Screen com.snapmealapp}: mDrawState=DRAW_PENDING
10-12 17:28:26.544  1624  2829 V WindowManager: Draw state now committed in Window{f111280 u0 Splash Screen com.snapmealapp}
10-12 17:28:26.544  1624  1768 D WindowManager: performShow logReadyForDisplay win=Window{f111280 u0 Splash Screen com.snapmealapp} mToken.waitingToShow:true isTransitionSet:true
10-12 17:28:26.544  1624  3093 I GenerationRegistry: mBackingStore.isClosed() : false
10-12 17:28:26.545 25638 25660 D OpenGLRenderer: RenderThread::setGrContext()
10-12 17:28:26.545  1624  1768 D WindowManager: createAnimationAdapter(): container=Task{be243dc #1 type=home ?? U=0 visible=false visibleRequested=false mode=fullscreen translucent=true sz=1}
10-12 17:28:26.545  1624  1768 I WindowManager: Reparenting to leash, surface=Surface(name=Task=1)/@0xd1bef2d, leashParent=Surface(name=DefaultTaskDisplayArea)/@0x192bc62
10-12 17:28:26.545  1281  1318 I SurfaceFlinger: id=155195 createSurf flag=24000, Surface(name=Task=1)/@0xd1bef2d - animation-leash of app_transition#155195
10-12 17:28:26.546  1624  1768 D WindowManager: makeSurface duration=1 leash=Surface(name=Surface(name=Task=1)/@0xd1bef2d - animation-leash of app_transition)/@0x26858c2
10-12 17:28:26.546  1624  1768 D WindowManager: startAnimation
10-12 17:28:26.546  1624  1768 D WindowManager: createAnimationAdapter(): container=Task{b33df26 #9054 type=standard A=10432:com.snapmealapp U=0 visible=true visibleRequested=true mode=fullscreen translucent=false sz=1}
10-12 17:28:26.546  1624  1768 I WindowManager: Reparenting to leash, surface=Surface(name=Task=9054)/@0x98516d3, leashParent=Surface(name=DefaultTaskDisplayArea)/@0x192bc62
10-12 17:28:26.547  1281  2047 I SurfaceFlinger: id=155196 createSurf flag=24004, Surface(name=Task=9054)/@0x98516d3 - animation-leash of app_transition#155196
10-12 17:28:26.547  2918  2918 I BadgeRenderer: Invalid count : 0
10-12 17:28:26.547  2918  2918 I BadgeRenderer: Invalid count : 0
10-12 17:28:26.547  2918  2918 I BadgeRenderer: Invalid count : 0
10-12 17:28:26.547  1624  1768 D WindowManager: makeSurface duration=1 leash=Surface(name=Surface(name=Task=9054)/@0x98516d3 - animation-leash of app_transition)/@0x4d13210
10-12 17:28:26.548  1624  1768 D WindowManager: startAnimation
10-12 17:28:26.548  1624  1768 V WindowManager: performShowLocked: mDrawState=HAS_DRAWN in Window{f111280 u0 Splash Screen com.snapmealapp}
10-12 17:28:26.548  1624  1768 D WindowManager: goodToGo(RemoteAnimationController@2b36109)
10-12 17:28:26.548  1624  1768 D WindowManager: createAppAnimations()
10-12 17:28:26.548  1624  1768 D WindowManager: 	Add container=Task{b33df26 #9054 type=standard A=10432:com.snapmealapp U=0 visible=true visibleRequested=true mode=fullscreen translucent=false sz=1}
10-12 17:28:26.548  1624  1768 D WindowManager: 	Add container=Task{be243dc #1 type=home ?? U=0 visible=false visibleRequested=false mode=fullscreen translucent=true sz=1}
10-12 17:28:26.548  1624  1768 D WindowManager: createWallpaperAnimations()
10-12 17:28:26.548  1624  1768 I WindowManager: Reparenting to leash, surface=Surface(name=WallpaperWindowToken{811af3f token=android.os.Binder@14977e3})/@0xfe8d6e5, leashParent=Surface(name=Leaf:0:1)/@0x1bb75ba
10-12 17:28:26.548  2918  2918 I BadgeRenderer: Invalid count : 0
10-12 17:28:26.548  2918  2918 I BadgeRenderer: Invalid count : 0
10-12 17:28:26.548  1281  2047 I SurfaceFlinger: id=155197 createSurf flag=24000, Surface(name=WallpaperWindowToken{811af3f token=android.os.Binder@14977e3})/@0xfe8d6e5 - animation-leash of window_animation#155197
10-12 17:28:26.548  2918  2918 I BadgeRenderer: Invalid count : 0
10-12 17:28:26.549  1624  1768 D WindowManager: makeSurface duration=0 leash=Surface(name=Surface(name=WallpaperWindowToken{811af3f token=android.os.Binder@14977e3})/@0xfe8d6e5 - animation-leash of window_animation)/@0x3e73f0e
10-12 17:28:26.549  1624  1768 D WindowManager: startAnimation
10-12 17:28:26.549  1624  1768 D WindowManager: createNonAppWindowAnimations()
10-12 17:28:26.549  1281  2047 I SurfaceFlinger: id=155198 createSurf flag=80000, 812de68 ActivityRecordInputSink com.snapmealapp/.MainActivity#155198
10-12 17:28:26.551  1624  1768 D WindowManager: goodToGo(RemoteAnimationController@2b36109): onAnimationStart, transit=TRANSIT_OLD_WALLPAPER_CLOSE, apps=2, wallpapers=1, nonApps=0
10-12 17:28:26.551  1624  1768 D WindowManager: startAnimation(): Notify animation start:
10-12 17:28:26.551  1624  1768 I WindowManager: Starting remote animation
10-12 17:28:26.551  2374  2431 D Bubbles : onLocusVisibilityChanged: LocusId[17_chars] visible=false
10-12 17:28:26.551  1624  1768 I WindowManager: container=Task{b33df26 #9054 type=standard A=10432:com.snapmealapp U=0 visible=true visibleRequested=true mode=fullscreen translucent=false sz=1}
10-12 17:28:26.551  1624  1768 I WindowManager: Target:
10-12 17:28:26.551  1624  1768 I WindowManager:   mode=0 taskId=9054 isTranslucent=false clipRect=[0,0][0,0] contentInsets=[0,80][0,144] prefixOrderIndex=20 position=[0,0] sourceContainerBounds=[0,0][1080,2400] screenSpaceBounds=[0,0][1080,2400] localBounds=[0,0][1080,2400]
10-12 17:28:26.551  1624  1768 I WindowManager:   windowConfiguration={ mBounds=Rect(0, 0 - 1080, 2400) mAppBounds=Rect(0, 80 - 1080, 2256) mMaxBounds=Rect(0, 0 - 1080, 2400) mDisplayRotation=ROTATION_0 mWindowingMode=fullscreen mDisplayWindowingMode=fullscreen mActivityType=standard mAlwaysOnTop=undefined mRotation=ROTATION_0 mPopOver=undefined mStageConfig=undefined mFreeformTaskPinningState=unpinned mFreeformStashState=undefined mDexTaskDockingState=undefined}
10-12 17:28:26.551  1624  1768 I WindowManager:   leash=Surface(name=Surface(name=Task=9054)/@0x98516d3 - animation-leash of app_transition)/@0x4d13210
10-12 17:28:26.551  1624  1768 I WindowManager:   taskInfo=TaskInfo{userId=0 taskId=9054 displayId=0 isRunning=true baseIntent=Intent { act=android.intent.action.MAIN cat=[android.intent.category.LAUNCHER] flg=0x10200000 cmp=com.snapmealapp/.MainActivity } baseActivity=ComponentInfo{com.snapmealapp/com.snapmealapp.MainActivity} topActivity=ComponentInfo{com.snapmealapp/com.snapmealapp.MainActivity} origActivity=null realActivity=ComponentInfo{com.snapmealapp/com.snapmealapp.MainActivity} numActivities=1 lastActiveTime=445234588 supportsSplitScreenMultiWindow=true supportsMultiWindow=true resizeMode=1 isResizeable=true minWidth=-1 minHeight=-1 defaultMinSize=220 token=WCT{RemoteToken{1804d2f Task{b33df26 #9054 type=standard A=10432:com.snapmealapp U=0 visible=true visibleRequested=true mode=fullscreen translucent=false sz=1}}} topActivityType=1 pictureInPictureParams=null shouldDockBigOverlays=false launchIntoPipHostTaskId=0 displayCutoutSafeInsets=Rect(0, 80 - 0, 0) topActivityInfo=ActivityInfo{c7f5f3c com.snapmealapp.MainActivity} launchCookies=[android.os.BinderProxy@5a804c5] positionInParent=Point(0, 0) parentTaskId=-1 isFocused=true isVisible=true isSleeping=false topActivityInSizeCompat=false topActivityEligibleForLetterboxEducation= false locusId=null displayAreaFeatureId=1 cameraCompatControlState=hidden originallySupportedSplitScreen=true hasWallpaper=false isTopTransparentActivity=false topActivityInFixedAspectRatio=false topActivityInDisplayCompat=false topActivityInBoundsCompat=false topActivityBounds=null}
10-12 17:28:26.551  1624  1768 I WindowManager:   allowEnterPip=true
10-12 17:28:26.551  1624  1768 I WindowManager:   windowType=-1  hasAnimatingParent=false  backgroundColor=0container=Task{be243dc #1 type=home ?? U=0 visible=false visibleRequested=false mode=fullscreen translucent=true sz=1}
10-12 17:28:26.551  1624  1768 I WindowManager: Target:
10-12 17:28:26.551  1624  1768 I WindowManager:   mode=1 taskId=7725 isTranslucent=false clipRect=[0,0][0,0] contentInsets=[0,80][0,144] prefixOrderIndex=16 position=[0,0] sourceContainerBounds=[0,0][1080,2400] screenSpaceBounds=[0,0][1080,2400] localBounds=[0,0][1080,2400]
10-12 17:28:26.551  1624  1768 I WindowManager:   windowConfiguration={ mBounds=Rect(0, 0 - 1080, 2400) mAppBounds=Rect(0, 80 - 1080, 2256) mMaxBounds=Rect(0, 0 - 1080, 2400) mDisplayRotation=ROTATION_0 mWindowingMode=fullscreen mDisplayWindowingMode=fullscreen mActivityType=home mAlwaysOnTop=undefined mRotation=ROTATION_0 mPopOver=undefined mStageConfig=undefined mFreeformTaskPinningState=unpinned mFreeformStashState=undefined mDexTaskDockingState=undefined}
10-12 17:28:26.551  1624  1768 I WindowManager:   leash=Surface(name=Surface(name=Task=1)/@0xd1bef2d - animation-leash of app_transition)/@0x26858c2
10-12 17:28:26.551  1624  1768 I WindowManager:   taskInfo=TaskInfo{userId=0 taskId=7725 displayId=0 isRunning=true baseIntent=Intent { act=android.intent.action.MAIN cat=[android.intent.category.HOME] flg=0x10000100 cmp=com.sec.android.app.launcher/.activities.LauncherActivity } baseActivity=ComponentInfo{com.sec.android.app.launcher/com.sec.android.app.launcher.activities.LauncherActivity} topActivity=ComponentInfo{com.sec.android.app.launcher/com.android.launcher3.uioverrides.QuickstepLauncher} origActivity=ComponentInfo{com.sec.android.app.launcher/com.sec.android.app.launcher.activities.LauncherActivity} realActivity=ComponentInfo{com.sec.android.app.launcher/com.android.launcher3.uioverrides.QuickstepLauncher} numActivities=1 lastActiveTime=445234587 supportsSplitScreenMultiWindow=true supportsMultiWindow=true resizeMode=2 isResizeable=true minWidth=-1 minHeight=-1 defaultMinSize=220 token=WCT{RemoteToken{f698de3 Task{9b8199e #7725 type=home A=10139:com.sec.android.app.launcher.activities.LauncherActivity U=0 rootTaskId=1 visible=false visibleRequested=false mode=fullscreen translucent=true sz=1}}} topActivityType=2 pictureInPictureParams=null shouldDockBigOverlays=false launchIntoPipHostTaskId=0 displayCutoutSafeInsets=Rect(0, 80 - 0, 0) topActivityInfo=ActivityInfo{9bec3e0 com.sec.android.app.launcher.activities.LauncherActivity} launchCookies=[] positionInParent=Point(0, 0) parentTaskId=-1 isFocused=false isVisible=false isSleeping=false topActivityInSizeCompat=false topActivityEligibleForLetterboxEducation= false locusId=LocusId[17_chars] displayAreaFeatureId=1 cameraCompatControlState=hidden originallySupportedSplitScreen=true hasWallpaper=false isTopTransparentActivity=false topActivityInFixedAspectRatio=false topActivityInDisplayCompat=false topActivityInBoundsCompat=false topActivityBounds=null}
10-12 17:28:26.551  1624  1768 I WindowManager:   allowEnterPip=true
10-12 17:28:26.551  1624  1768 I WindowManager:   windowType=-1  hasAnimatingParent=false  backgroundColor=0
10-12 17:28:26.551  2918  4565 I LauncherAnimationRunner: onAnimationStart, appTargets : [Lcom.android.systemui.shared.system.RemoteAnimationTargetCompat;@ebc49b0 mStartAtFrontOfQueue : true
10-12 17:28:26.551  2918  2918 W AppTransitionAnimatorImpl: animation with floating icon
10-12 17:28:26.552  2918  2918 I FloatingIconView: drawable is not adaptive icon: true
10-12 17:28:26.553  2918  2918 I RemoteAnimationTargets: RemoteAnimationTargets : 9054 - 0, 0
10-12 17:28:26.553  2918  2918 I RemoteAnimationTargets: RemoteAnimationTargets : 7725 - 1, 0
10-12 17:28:26.553  2918  2918 I QuickstepTransition: onCreateAnimation : com.android.launcher3.util.RunnableList@d1bbb61 - com.android.launcher3.g@5ec8686
10-12 17:28:26.553  2918  2918 I AnimationResult: setAnimation : com.android.launcher3.g@5ec8686
10-12 17:28:26.557 25638 25638 D nativeloader: Load /data/app/~~qZrTtw95TNLfaxjZ_MUVLw==/com.snapmealapp-QQX2FvonRTldVxZBpDUWpA==/base.apk!/lib/arm64-v8a/libhermestooling.so using class loader ns clns-4 (caller=/data/app/~~qZrTtw95TNLfaxjZ_MUVLw==/com.snapmealapp-QQX2FvonRTldVxZBpDUWpA==/base.apk): dlopen failed: library "libhermes.so" not found: needed by /data/app/~~qZrTtw95TNLfaxjZ_MUVLw==/com.snapmealapp-QQX2FvonRTldVxZBpDUWpA==/base.apk!/lib/arm64-v8a/libhermestooling.so in namespace clns-4
10-12 17:28:26.558 25638 25638 W SoLoader: libhermestooling.so not found on /data/app/~~qZrTtw95TNLfaxjZ_MUVLw==/com.snapmealapp-QQX2FvonRTldVxZBpDUWpA==/base.apk!/lib/arm64-v8a flag: 4
10-12 17:28:26.558 25638 25638 W SoLoader: java.lang.UnsatisfiedLinkError: dlopen failed: library "libhermes.so" not found: needed by /data/app/~~qZrTtw95TNLfaxjZ_MUVLw==/com.snapmealapp-QQX2FvonRTldVxZBpDUWpA==/base.apk!/lib/arm64-v8a/libhermestooling.so in namespace clns-4
10-12 17:28:26.558 25638 25638 W SoLoader: 	at java.lang.Runtime.load0(Runtime.java:941)
10-12 17:28:26.558 25638 25638 W SoLoader: 	at java.lang.System.load(System.java:1729)
10-12 17:28:26.558 25638 25638 W SoLoader: 	at com.facebook.soloader.SoFileLoaderImpl.load(SoFileLoaderImpl.java:64)
10-12 17:28:26.558 25638 25638 W SoLoader: 	at com.facebook.soloader.InstrumentedSoFileLoader.load(InstrumentedSoFileLoader.java:36)
10-12 17:28:26.558 25638 25638 W SoLoader: 	at com.facebook.soloader.DirectApkSoSource.loadLibrary(DirectApkSoSource.java:81)
10-12 17:28:26.558 25638 25638 W SoLoader: 	at com.facebook.soloader.SoLoader.loadLibraryFromSoSource(SoLoader.java:1246)
10-12 17:28:26.558 25638 25638 W SoLoader: 	at com.facebook.soloader.SoLoader.doLoadLibraryBySoName(SoLoader.java:1210)
10-12 17:28:26.558 25638 25638 W SoLoader: 	at com.facebook.soloader.SoLoader.loadLibraryBySoNameImpl(SoLoader.java:1078)
10-12 17:28:26.558 25638 25638 W SoLoader: 	at com.facebook.soloader.SoLoader.loadLibraryBySoName(SoLoader.java:943)
10-12 17:28:26.558 25638 25638 W SoLoader: 	at com.facebook.soloader.SoLoader.loadLibraryOnAndroid(SoLoader.java:859)
10-12 17:28:26.558 25638 25638 W SoLoader: 	at com.facebook.soloader.SoLoader.loadLibrary(SoLoader.java:842)
10-12 17:28:26.558 25638 25638 W SoLoader: 	at com.facebook.soloader.SoLoader.loadLibrary(SoLoader.java:812)
10-12 17:28:26.558 25638 25638 W SoLoader: 	at com.facebook.react.runtime.hermes.HermesInstance.<clinit>(HermesInstance.kt:26)
10-12 17:28:26.558 25638 25638 W SoLoader: 	at com.facebook.react.defaults.DefaultReactHost.getDefaultReactHost(DefaultReactHost.kt:127)
10-12 17:28:26.558 25638 25638 W SoLoader: 	at com.facebook.react.defaults.DefaultReactHost.getDefaultReactHost(DefaultReactHost.kt:67)
10-12 17:28:26.558 25638 25638 W SoLoader: 	at com.facebook.react.defaults.DefaultReactHost.getDefaultReactHost$default(DefaultReactHost.kt:55)
10-12 17:28:26.558 25638 25638 W SoLoader: 	at com.facebook.react.defaults.DefaultReactNativeHost.toReactHost$ReactAndroid_release(DefaultReactNativeHost.kt:107)
10-12 17:28:26.558 25638 25638 W SoLoader: 	at com.facebook.react.defaults.DefaultReactHost.getDefaultReactHost(DefaultReactHost.kt:176)
10-12 17:28:26.558 25638 25638 W SoLoader: 	at com.snapmealapp.MainApplication.getReactHost(MainApplication.kt:34)
10-12 17:28:26.558 25638 25638 W SoLoader: 	at com.facebook.react.ReactActivityDelegate.getReactHost(ReactActivityDelegate.java:100)
10-12 17:28:26.558 25638 25638 W SoLoader: 	at com.facebook.react.ReactActivityDelegate.lambda$onCreate$0(ReactActivityDelegate.java:129)
10-12 17:28:26.558 25638 25638 W SoLoader: 	at com.facebook.react.ReactActivityDelegate.$r8$lambda$HPdXfLmAU1y4Wc1XbwAHziPP2WA(Unknown Source:0)
10-12 17:28:26.558 25638 25638 W SoLoader: 	at com.facebook.react.ReactActivityDelegate$$ExternalSyntheticLambda0.run(D8$$SyntheticClass:0)
10-12 17:28:26.558 25638 25638 W SoLoader: 	at com.facebook.systrace.Systrace.traceSection(Systrace.kt:39)
10-12 17:28:26.558 25638 25638 W SoLoader: 	at com.facebook.react.ReactActivityDelegate.onCreate(ReactActivityDelegate.java:117)
10-12 17:28:26.558 25638 25638 W SoLoader: 	at com.facebook.react.ReactActivity.onCreate(ReactActivity.java:47)
10-12 17:28:26.558 25638 25638 W SoLoader: 	at android.app.Activity.performCreate(Activity.java:8591)
10-12 17:28:26.558 25638 25638 W SoLoader: 	at android.app.Activity.performCreate(Activity.java:8570)
10-12 17:28:26.558 25638 25638 W SoLoader: 	at android.app.Instrumentation.callActivityOnCreate(Instrumentation.java:1384)
10-12 17:28:26.558 25638 25638 W SoLoader: 	at android.app.ActivityThread.performLaunchActivity(ActivityThread.java:4150)
10-12 17:28:26.558 25638 25638 W SoLoader: 	at android.app.ActivityThread.handleLaunchActivity(ActivityThread.java:4325)
10-12 17:28:26.558 25638 25638 W SoLoader: 	at android.app.servertransaction.LaunchActivityItem.execute(LaunchActivityItem.java:101)
10-12 17:28:26.558 25638 25638 W SoLoader: 	at android.app.servertransaction.TransactionExecutor.executeCallbacks(TransactionExecutor.java:135)
10-12 17:28:26.558 25638 25638 W SoLoader: 	at android.app.servertransaction.TransactionExecutor.execute(TransactionExecutor.java:95)
10-12 17:28:26.558 25638 25638 W SoLoader: 	at android.app.ActivityThread$H.handleMessage(ActivityThread.java:2574)
10-12 17:28:26.558 25638 25638 W SoLoader: 	at android.os.Handler.dispatchMessage(Handler.java:106)
10-12 17:28:26.558 25638 25638 W SoLoader: 	at android.os.Looper.loopOnce(Looper.java:226)
10-12 17:28:26.558 25638 25638 W SoLoader: 	at android.os.Looper.loop(Looper.java:313)
10-12 17:28:26.558 25638 25638 W SoLoader: 	at android.app.ActivityThread.main(ActivityThread.java:8762)
10-12 17:28:26.558 25638 25638 W SoLoader: 	at java.lang.reflect.Method.invoke(Native Method)
10-12 17:28:26.558 25638 25638 W SoLoader: 	at com.android.internal.os.RuntimeInit$MethodAndArgsCaller.run(RuntimeInit.java:604)
10-12 17:28:26.558 25638 25638 W SoLoader: 	at com.android.internal.os.ZygoteInit.main(ZygoteInit.java:1067)
10-12 17:28:26.558 25638 25638 W SoLoader: Running a recovery step for libhermestooling.so due to com.facebook.soloader.SoLoaderDSONotFoundError: couldn't find DSO to load: libhermestooling.so
10-12 17:28:26.558 25638 25638 W SoLoader: 	existing SO sources: 
10-12 17:28:26.558 25638 25638 W SoLoader: 		SoSource 0: ApplicationSoSource[DirectorySoSource[root = /data/app/~~qZrTtw95TNLfaxjZ_MUVLw==/com.snapmealapp-QQX2FvonRTldVxZBpDUWpA==/lib/arm64 flags = 0]]
10-12 17:28:26.558 25638 25638 W SoLoader: 		SoSource 1: DirectApkSoSource[root = [/data/app/~~qZrTtw95TNLfaxjZ_MUVLw==/com.snapmealapp-QQX2FvonRTldVxZBpDUWpA==/base.apk!/lib/arm64-v8a]]
10-12 17:28:26.558 25638 25638 W SoLoader: 		SoSource 2: DirectorySoSource[root = /system/lib64 flags = 2]
10-12 17:28:26.558 25638 25638 W SoLoader: 		SoSource 3: DirectorySoSource[root = /vendor/lib64 flags = 2]
10-12 17:28:26.558 25638 25638 W SoLoader: 	Native lib dir: /data/app/~~qZrTtw95TNLfaxjZ_MUVLw==/com.snapmealapp-QQX2FvonRTldVxZBpDUWpA==/lib/arm64
10-12 17:28:26.558 25638 25638 W soloader.recovery.CheckBaseApkExists: Base apk exists: /data/app/~~qZrTtw95TNLfaxjZ_MUVLw==/com.snapmealapp-QQX2FvonRTldVxZBpDUWpA==/base.apk
10-12 17:28:26.559 25638 25638 D nativeloader: Load /data/app/~~qZrTtw95TNLfaxjZ_MUVLw==/com.snapmealapp-QQX2FvonRTldVxZBpDUWpA==/base.apk!/lib/arm64-v8a/libhermestooling.so using class loader ns clns-4 (caller=/data/app/~~qZrTtw95TNLfaxjZ_MUVLw==/com.snapmealapp-QQX2FvonRTldVxZBpDUWpA==/base.apk): dlopen failed: library "libhermes.so" not found: needed by /data/app/~~qZrTtw95TNLfaxjZ_MUVLw==/com.snapmealapp-QQX2FvonRTldVxZBpDUWpA==/base.apk!/lib/arm64-v8a/libhermestooling.so in namespace clns-4
10-12 17:28:26.559 25638 25638 W SoLoader: libhermestooling.so not found on /data/app/~~qZrTtw95TNLfaxjZ_MUVLw==/com.snapmealapp-QQX2FvonRTldVxZBpDUWpA==/base.apk!/lib/arm64-v8a flag: 4
10-12 17:28:26.559 25638 25638 W SoLoader: java.lang.UnsatisfiedLinkError: dlopen failed: library "libhermes.so" not found: needed by /data/app/~~qZrTtw95TNLfaxjZ_MUVLw==/com.snapmealapp-QQX2FvonRTldVxZBpDUWpA==/base.apk!/lib/arm64-v8a/libhermestooling.so in namespace clns-4
10-12 17:28:26.559 25638 25638 W SoLoader: 	at java.lang.Runtime.load0(Runtime.java:941)
10-12 17:28:26.559 25638 25638 W SoLoader: 	at java.lang.System.load(System.java:1729)
10-12 17:28:26.559 25638 25638 W SoLoader: 	at com.facebook.soloader.SoFileLoaderImpl.load(SoFileLoaderImpl.java:64)
10-12 17:28:26.559 25638 25638 W SoLoader: 	at com.facebook.soloader.InstrumentedSoFileLoader.load(InstrumentedSoFileLoader.java:36)
10-12 17:28:26.559 25638 25638 W SoLoader: 	at com.facebook.soloader.DirectApkSoSource.loadLibrary(DirectApkSoSource.java:81)
10-12 17:28:26.559 25638 25638 W SoLoader: 	at com.facebook.soloader.SoLoader.loadLibraryFromSoSource(SoLoader.java:1246)
10-12 17:28:26.559 25638 25638 W SoLoader: 	at com.facebook.soloader.SoLoader.doLoadLibraryBySoName(SoLoader.java:1210)
10-12 17:28:26.559 25638 25638 W SoLoader: 	at com.facebook.soloader.SoLoader.loadLibraryBySoNameImpl(SoLoader.java:1078)
10-12 17:28:26.559 25638 25638 W SoLoader: 	at com.facebook.soloader.SoLoader.loadLibraryBySoName(SoLoader.java:943)
10-12 17:28:26.559 25638 25638 W SoLoader: 	at com.facebook.soloader.SoLoader.loadLibraryOnAndroid(SoLoader.java:859)
10-12 17:28:26.559 25638 25638 W SoLoader: 	at com.facebook.soloader.SoLoader.loadLibrary(SoLoader.java:842)
10-12 17:28:26.559 25638 25638 W SoLoader: 	at com.facebook.soloader.SoLoader.loadLibrary(SoLoader.java:812)
10-12 17:28:26.559 25638 25638 W SoLoader: 	at com.facebook.react.runtime.hermes.HermesInstance.<clinit>(HermesInstance.kt:26)
10-12 17:28:26.559 25638 25638 W SoLoader: 	at com.facebook.react.defaults.DefaultReactHost.getDefaultReactHost(DefaultReactHost.kt:127)
10-12 17:28:26.559 25638 25638 W SoLoader: 	at com.facebook.react.defaults.DefaultReactHost.getDefaultReactHost(DefaultReactHost.kt:67)
10-12 17:28:26.559 25638 25638 W SoLoader: 	at com.facebook.react.defaults.DefaultReactHost.getDefaultReactHost$default(DefaultReactHost.kt:55)
10-12 17:28:26.559 25638 25638 W SoLoader: 	at com.facebook.react.defaults.DefaultReactNativeHost.toReactHost$ReactAndroid_release(DefaultReactNativeHost.kt:107)
10-12 17:28:26.559 25638 25638 W SoLoader: 	at com.facebook.react.defaults.DefaultReactHost.getDefaultReactHost(DefaultReactHost.kt:176)
10-12 17:28:26.559 25638 25638 W SoLoader: 	at com.snapmealapp.MainApplication.getReactHost(MainApplication.kt:34)
10-12 17:28:26.559 25638 25638 W SoLoader: 	at com.facebook.react.ReactActivityDelegate.getReactHost(ReactActivityDelegate.java:100)
10-12 17:28:26.559 25638 25638 W SoLoader: 	at com.facebook.react.ReactActivityDelegate.lambda$onCreate$0(ReactActivityDelegate.java:129)
10-12 17:28:26.559 25638 25638 W SoLoader: 	at com.facebook.react.ReactActivityDelegate.$r8$lambda$HPdXfLmAU1y4Wc1XbwAHziPP2WA(Unknown Source:0)
10-12 17:28:26.559 25638 25638 W SoLoader: 	at com.facebook.react.ReactActivityDelegate$$ExternalSyntheticLambda0.run(D8$$SyntheticClass:0)
10-12 17:28:26.559 25638 25638 W SoLoader: 	at com.facebook.systrace.Systrace.traceSection(Systrace.kt:39)
10-12 17:28:26.559 25638 25638 W SoLoader: 	at com.facebook.react.ReactActivityDelegate.onCreate(ReactActivityDelegate.java:117)
10-12 17:28:26.559 25638 25638 W SoLoader: 	at com.facebook.react.ReactActivity.onCreate(ReactActivity.java:47)
10-12 17:28:26.559 25638 25638 W SoLoader: 	at android.app.Activity.performCreate(Activity.java:8591)
10-12 17:28:26.559 25638 25638 W SoLoader: 	at android.app.Activity.performCreate(Activity.java:8570)
10-12 17:28:26.559 25638 25638 W SoLoader: 	at android.app.Instrumentation.callActivityOnCreate(Instrumentation.java:1384)
10-12 17:28:26.559 25638 25638 W SoLoader: 	at android.app.ActivityThread.performLaunchActivity(ActivityThread.java:4150)
10-12 17:28:26.559 25638 25638 W SoLoader: 	at android.app.ActivityThread.handleLaunchActivity(ActivityThread.java:4325)
10-12 17:28:26.559 25638 25638 W SoLoader: 	at android.app.servertransaction.LaunchActivityItem.execute(LaunchActivityItem.java:101)
10-12 17:28:26.559 25638 25638 W SoLoader: 	at android.app.servertransaction.TransactionExecutor.executeCallbacks(TransactionExecutor.java:135)
10-12 17:28:26.559 25638 25638 W SoLoader: 	at android.app.servertransaction.TransactionExecutor.execute(TransactionExecutor.java:95)
10-12 17:28:26.559 25638 25638 W SoLoader: 	at android.app.ActivityThread$H.handleMessage(ActivityThread.java:2574)
10-12 17:28:26.559 25638 25638 W SoLoader: 	at android.os.Handler.dispatchMessage(Handler.java:106)
10-12 17:28:26.559 25638 25638 W SoLoader: 	at android.os.Looper.loopOnce(Looper.java:226)
10-12 17:28:26.559 25638 25638 W SoLoader: 	at android.os.Looper.loop(Looper.java:313)
10-12 17:28:26.559 25638 25638 W SoLoader: 	at android.app.ActivityThread.main(ActivityThread.java:8762)
10-12 17:28:26.559 25638 25638 W SoLoader: 	at java.lang.reflect.Method.invoke(Native Method)
10-12 17:28:26.559 25638 25638 W SoLoader: 	at com.android.internal.os.RuntimeInit$MethodAndArgsCaller.run(RuntimeInit.java:604)
10-12 17:28:26.559 25638 25638 W SoLoader: 	at com.android.internal.os.ZygoteInit.main(ZygoteInit.java:1067)
10-12 17:28:26.559 25638 25638 W SoLoader: Running a recovery step for libhermestooling.so due to com.facebook.soloader.SoLoaderDSONotFoundError: couldn't find DSO to load: libhermestooling.so
10-12 17:28:26.559 25638 25638 W SoLoader: 	existing SO sources: 
10-12 17:28:26.559 25638 25638 W SoLoader: 		SoSource 0: ApplicationSoSource[DirectorySoSource[root = /data/app/~~qZrTtw95TNLfaxjZ_MUVLw==/com.snapmealapp-QQX2FvonRTldVxZBpDUWpA==/lib/arm64 flags = 0]]
10-12 17:28:26.559 25638 25638 W SoLoader: 		SoSource 1: DirectApkSoSource[root = [/data/app/~~qZrTtw95TNLfaxjZ_MUVLw==/com.snapmealapp-QQX2FvonRTldVxZBpDUWpA==/base.apk!/lib/arm64-v8a]]
10-12 17:28:26.559 25638 25638 W SoLoader: 		SoSource 2: DirectorySoSource[root = /system/lib64 flags = 2]
10-12 17:28:26.559 25638 25638 W SoLoader: 		SoSource 3: DirectorySoSource[root = /vendor/lib64 flags = 2]
10-12 17:28:26.559 25638 25638 W SoLoader: 	Native lib dir: /data/app/~~qZrTtw95TNLfaxjZ_MUVLw==/com.snapmealapp-QQX2FvonRTldVxZBpDUWpA==/lib/arm64
10-12 17:28:26.559 25638 25638 E SoLoader: Checking /data/app missing libraries.
10-12 17:28:26.559 25638 25638 E SoLoader: Successfully recovered from /data/app disk failure.
10-12 17:28:26.559 25638 25638 D nativeloader: Load /data/app/~~qZrTtw95TNLfaxjZ_MUVLw==/com.snapmealapp-QQX2FvonRTldVxZBpDUWpA==/base.apk!/lib/arm64-v8a/libhermestooling.so using class loader ns clns-4 (caller=/data/app/~~qZrTtw95TNLfaxjZ_MUVLw==/com.snapmealapp-QQX2FvonRTldVxZBpDUWpA==/base.apk): dlopen failed: library "libhermes.so" not found: needed by /data/app/~~qZrTtw95TNLfaxjZ_MUVLw==/com.snapmealapp-QQX2FvonRTldVxZBpDUWpA==/base.apk!/lib/arm64-v8a/libhermestooling.so in namespace clns-4
10-12 17:28:26.559 25638 25638 W SoLoader: libhermestooling.so not found on /data/app/~~qZrTtw95TNLfaxjZ_MUVLw==/com.snapmealapp-QQX2FvonRTldVxZBpDUWpA==/base.apk!/lib/arm64-v8a flag: 4
10-12 17:28:26.559 25638 25638 W SoLoader: java.lang.UnsatisfiedLinkError: dlopen failed: library "libhermes.so" not found: needed by /data/app/~~qZrTtw95TNLfaxjZ_MUVLw==/com.snapmealapp-QQX2FvonRTldVxZBpDUWpA==/base.apk!/lib/arm64-v8a/libhermestooling.so in namespace clns-4
10-12 17:28:26.559 25638 25638 W SoLoader: 	at java.lang.Runtime.load0(Runtime.java:941)
10-12 17:28:26.559 25638 25638 W SoLoader: 	at java.lang.System.load(System.java:1729)
10-12 17:28:26.559 25638 25638 W SoLoader: 	at com.facebook.soloader.SoFileLoaderImpl.load(SoFileLoaderImpl.java:64)
10-12 17:28:26.559 25638 25638 W SoLoader: 	at com.facebook.soloader.InstrumentedSoFileLoader.load(InstrumentedSoFileLoader.java:36)
10-12 17:28:26.559 25638 25638 W SoLoader: 	at com.facebook.soloader.DirectApkSoSource.loadLibrary(DirectApkSoSource.java:81)
10-12 17:28:26.559 25638 25638 W SoLoader: 	at com.facebook.soloader.SoLoader.loadLibraryFromSoSource(SoLoader.java:1246)
10-12 17:28:26.559 25638 25638 W SoLoader: 	at com.facebook.soloader.SoLoader.doLoadLibraryBySoName(SoLoader.java:1210)
10-12 17:28:26.559 25638 25638 W SoLoader: 	at com.facebook.soloader.SoLoader.loadLibraryBySoNameImpl(SoLoader.java:1078)
10-12 17:28:26.559 25638 25638 W SoLoader: 	at com.facebook.soloader.SoLoader.loadLibraryBySoName(SoLoader.java:943)
10-12 17:28:26.559 25638 25638 W SoLoader: 	at com.facebook.soloader.SoLoader.loadLibraryOnAndroid(SoLoader.java:859)
10-12 17:28:26.559 25638 25638 W SoLoader: 	at com.facebook.soloader.SoLoader.loadLibrary(SoLoader.java:842)
10-12 17:28:26.559 25638 25638 W SoLoader: 	at com.facebook.soloader.SoLoader.loadLibrary(SoLoader.java:812)
10-12 17:28:26.559 25638 25638 W SoLoader: 	at com.facebook.react.runtime.hermes.HermesInstance.<clinit>(HermesInstance.kt:26)
10-12 17:28:26.559 25638 25638 W SoLoader: 	at com.facebook.react.defaults.DefaultReactHost.getDefaultReactHost(DefaultReactHost.kt:127)
10-12 17:28:26.559 25638 25638 W SoLoader: 	at com.facebook.react.defaults.DefaultReactHost.getDefaultReactHost(DefaultReactHost.kt:67)
10-12 17:28:26.559 25638 25638 W SoLoader: 	at com.facebook.react.defaults.DefaultReactHost.getDefaultReactHost$default(DefaultReactHost.kt:55)
10-12 17:28:26.559 25638 25638 W SoLoader: 	at com.facebook.react.defaults.DefaultReactNativeHost.toReactHost$ReactAndroid_release(DefaultReactNativeHost.kt:107)
10-12 17:28:26.559 25638 25638 W SoLoader: 	at com.facebook.react.defaults.DefaultReactHost.getDefaultReactHost(DefaultReactHost.kt:176)
10-12 17:28:26.559 25638 25638 W SoLoader: 	at com.snapmealapp.MainApplication.getReactHost(MainApplication.kt:34)
10-12 17:28:26.559 25638 25638 W SoLoader: 	at com.facebook.react.ReactActivityDelegate.getReactHost(ReactActivityDelegate.java:100)
10-12 17:28:26.559 25638 25638 W SoLoader: 	at com.facebook.react.ReactActivityDelegate.lambda$onCreate$0(ReactActivityDelegate.java:129)
10-12 17:28:26.559 25638 25638 W SoLoader: 	at com.facebook.react.ReactActivityDelegate.$r8$lambda$HPdXfLmAU1y4Wc1XbwAHziPP2WA(Unknown Source:0)
10-12 17:28:26.559 25638 25638 W SoLoader: 	at com.facebook.react.ReactActivityDelegate$$ExternalSyntheticLambda0.run(D8$$SyntheticClass:0)
10-12 17:28:26.559 25638 25638 W SoLoader: 	at com.facebook.systrace.Systrace.traceSection(Systrace.kt:39)
10-12 17:28:26.559 25638 25638 W SoLoader: 	at com.facebook.react.ReactActivityDelegate.onCreate(ReactActivityDelegate.java:117)
10-12 17:28:26.559 25638 25638 W SoLoader: 	at com.facebook.react.ReactActivity.onCreate(ReactActivity.java:47)
10-12 17:28:26.559 25638 25638 W SoLoader: 	at android.app.Activity.performCreate(Activity.java:8591)
10-12 17:28:26.559 25638 25638 W SoLoader: 	at android.app.Activity.performCreate(Activity.java:8570)
10-12 17:28:26.559 25638 25638 W SoLoader: 	at android.app.Instrumentation.callActivityOnCreate(Instrumentation.java:1384)
10-12 17:28:26.559 25638 25638 W SoLoader: 	at android.app.ActivityThread.performLaunchActivity(ActivityThread.java:4150)
10-12 17:28:26.559 25638 25638 W SoLoader: 	at android.app.ActivityThread.handleLaunchActivity(ActivityThread.java:4325)
10-12 17:28:26.559 25638 25638 W SoLoader: 	at android.app.servertransaction.LaunchActivityItem.execute(LaunchActivityItem.java:101)
10-12 17:28:26.559 25638 25638 W SoLoader: 	at android.app.servertransaction.TransactionExecutor.executeCallbacks(TransactionExecutor.java:135)
10-12 17:28:26.559 25638 25638 W SoLoader: 	at android.app.servertransaction.TransactionExecutor.execute(TransactionExecutor.java:95)
10-12 17:28:26.559 25638 25638 W SoLoader: 	at android.app.ActivityThread$H.handleMessage(ActivityThread.java:2574)
10-12 17:28:26.559 25638 25638 W SoLoader: 	at android.os.Handler.dispatchMessage(Handler.java:106)
10-12 17:28:26.559 25638 25638 W SoLoader: 	at android.os.Looper.loopOnce(Looper.java:226)
10-12 17:28:26.559 25638 25638 W SoLoader: 	at android.os.Looper.loop(Looper.java:313)
10-12 17:28:26.559 25638 25638 W SoLoader: 	at android.app.ActivityThread.main(ActivityThread.java:8762)
10-12 17:28:26.559 25638 25638 W SoLoader: 	at java.lang.reflect.Method.invoke(Native Method)
10-12 17:28:26.559 25638 25638 W SoLoader: 	at com.android.internal.os.RuntimeInit$MethodAndArgsCaller.run(RuntimeInit.java:604)
10-12 17:28:26.559 25638 25638 W SoLoader: 	at com.android.internal.os.ZygoteInit.main(ZygoteInit.java:1067)
10-12 17:28:26.560 25638 25638 W SoLoader: Running a recovery step for libhermestooling.so due to com.facebook.soloader.SoLoaderDSONotFoundError: couldn't find DSO to load: libhermestooling.so
10-12 17:28:26.560 25638 25638 W SoLoader: 	existing SO sources: 
10-12 17:28:26.560 25638 25638 W SoLoader: 		SoSource 0: ApplicationSoSource[DirectorySoSource[root = /data/app/~~qZrTtw95TNLfaxjZ_MUVLw==/com.snapmealapp-QQX2FvonRTldVxZBpDUWpA==/lib/arm64 flags = 0]]
10-12 17:28:26.560 25638 25638 W SoLoader: 		SoSource 1: DirectApkSoSource[root = [/data/app/~~qZrTtw95TNLfaxjZ_MUVLw==/com.snapmealapp-QQX2FvonRTldVxZBpDUWpA==/base.apk!/lib/arm64-v8a]]
10-12 17:28:26.560 25638 25638 W SoLoader: 		SoSource 2: DirectorySoSource[root = /system/lib64 flags = 3]
10-12 17:28:26.560 25638 25638 W SoLoader: 		SoSource 3: DirectorySoSource[root = /vendor/lib64 flags = 3]
10-12 17:28:26.560 25638 25638 W SoLoader: 	Native lib dir: /data/app/~~qZrTtw95TNLfaxjZ_MUVLw==/com.snapmealapp-QQX2FvonRTldVxZBpDUWpA==/lib/arm64
10-12 17:28:26.560 25638 25638 E SoLoader: Checking /data/data missing libraries.
10-12 17:28:26.560 25638 25638 E SoLoader: No libraries missing from unpacking so paths while recovering /data/data failure
