10-12 17:28:09.768  2918  2918 I ViewRootImpl@1b999d5[LauncherActivity]: performTraversals mFirst=false windowShouldResize=false viewVisibilityChanged=false mForceNextWindowRelayout=false params={(0,0)(fillxfill) sim={adjust=nothing} layoutInDisplayCutoutMode=shortEdges ty=BASE_APPLICATION fmt=TRANSPARENT wanim=0x10302f4
10-12 17:28:09.768  2918  2918 I ViewRootImpl@1b999d5[LauncherActivity]:   fl=81910100
10-12 17:28:09.768  2918  2918 I ViewRootImpl@1b999d5[LauncherActivity]:   pfl=1e020040
10-12 17:28:09.768  2918  2918 I ViewRootImpl@1b999d5[LauncherActivity]:   vsysui=1700
10-12 17:28:09.768  2918  2918 I ViewRootImpl@1b999d5[LauncherActivity]:   bhv=SHOW_TRANSIENT_BARS_BY_SWIPE
10-12 17:28:09.768  2918  2918 I ViewRootImpl@1b999d5[LauncherActivity]:   fitSides= screenDimDuration=200000 naviIconColor=0}
10-12 17:28:09.769  1624  2829 V WindowManager: Relayout Window{1c5cc3 u0 com.sec.android.app.launcher/com.sec.android.app.launcher.activities.LauncherActivity}: viewVisibility=0 req=1080x2400 d0
10-12 17:28:09.769  2918  3101 I LiveIconUpdateEventHandler: setMinuteChangeAlarm Sun Oct 12 17:29:00 GMT+09:00 2025
10-12 17:28:09.769  1624  2829 D WindowManager: updateSystemBarAttributes: displayId=0, win=Window{1c5cc3 u0 com.sec.android.app.launcher/com.sec.android.app.launcher.activities.LauncherActivity}, navColorWin=Window{1c5cc3 u0 com.sec.android.app.launcher/com.sec.android.app.launcher.activities.LauncherActivity}, focusedCanBeNavColorWin=false, behavior=2, appearance=0, statusBarAppearanceRegions=[AppearanceRegion{ bounds=[0,0][1080,2400]}], requestedVisibilities=ITYPE_STATUS_BAR: visible, ITYPE_NAVIGATION_BAR: visible, ITYPE_CLIMATE_BAR: visible, ITYPE_EXTRA_NAVIGATION_BAR: visible, ITYPE_LOCAL_NAVIGATION_BAR_1: visible, ITYPE_LOCAL_NAVIGATION_BAR_2: visible, from=com.android.server.wm.DisplayPolicy.finishPostLayoutPolicyLw:2527 com.android.server.wm.DisplayContent.applySurfaceChangesTransaction:5713 com.android.server.wm.RootWindowContainer.applySurfaceChangesTransaction:1234 
10-12 17:28:09.769  2918  3101 I LiveIconViewUpdater: onUpdateLiveIcon - id : 143, itemType : 0
10-12 17:28:09.769  2374  2374 D SamsungLightBarControlHelper: onStatusBarAppearanceChanged() -  sbModeChanged:false, statusBarMode:MODE_TRANSPARENT, barState:SHADE, isKeyguardShowing:false, navbarColorManagedByIme:false, stackAppearancesChanged:true, (AppearanceRegion{ bounds=[0,0][1080,2400]}, ), packageName:com.sec.android.app.launcher
10-12 17:28:09.769  2374  2374 D NavigationBar: onSystemBarAttributesChanged() -  displayId:0, appearance:0, packageName: com.sec.android.app.launcher, navbarColorManagedByIme:false
10-12 17:28:09.770  2374  2374 D SamsungLightBarControlHelper: updateNavigation(White button) isLightBar:false, hasLightBarNavigationBarFlag:false, packageName:com.sec.android.app.launcher, DirectReplying:false, NavBarColorManagerdByIme:false, ForceDarkForScrim:false, QsCustomizing:false, PanelHasWhiteBg:true
10-12 17:28:09.770  2374  2374 D SamsungLightBarControlHelper: updateStatus(WHITE icon) NumStacks:1, StatusBarMode:MODE_TRANSPARENT, lightBarBounds:[], StatusBarState:SHADE, packageName:com.sec.android.app.launcher, isWhiteKeyguardStatusBarBySettings:false
10-12 17:28:09.770  1624  2829 V WindowManager: Relayout hash=1c5cc3, pid=2918, syncId=-1: mAttrs={(0,0)(fillxfill) sim={adjust=nothing} layoutInDisplayCutoutMode=shortEdges ty=BASE_APPLICATION fmt=TRANSPARENT wanim=0x10302f4
10-12 17:28:09.770  1624  2829 V WindowManager:   fl=81910100
10-12 17:28:09.770  1624  2829 V WindowManager:   pfl=1e020040
10-12 17:28:09.770  1624  2829 V WindowManager:   vsysui=1700
10-12 17:28:09.770  1624  2829 V WindowManager:   bhv=SHOW_TRANSIENT_BARS_BY_SWIPE
10-12 17:28:09.770  1624  2829 V WindowManager:   fitSides= screenDimDuration=200000 naviIconColor=0}
10-12 17:28:09.770  2918  2918 I ViewRootImpl@1b999d5[LauncherActivity]: updateBlastSurfaceIfNeeded mBlastBufferQueue=0xb40000730d8d7d10 isSameSurfaceControl=true
10-12 17:28:09.770  2918  2918 I BLASTBufferQueue: update, w= 1080 h= 2400 mName = ViewRootImpl@1b999d5[LauncherActivity] mNativeObject= 0xb40000730d8d7d10 sc.mNativeObject= 0xb40000729d8da2b0 format= -2 caller= android.view.ViewRootImpl.updateBlastSurfaceIfNeeded:2898 android.view.ViewRootImpl.relayoutWindow:9847 android.view.ViewRootImpl.performTraversals:3884 android.view.ViewRootImpl.doTraversal:3116 android.view.ViewRootImpl$TraversalRunnable.run:10885 android.view.Choreographer$CallbackRecord.run:1301 
10-12 17:28:09.770  2918  2918 I ViewRootImpl@1b999d5[LauncherActivity]: Relayout returned: old=(0,0,1080,2400) new=(0,0,1080,2400) req=(1080,2400)0 dur=2 res=0x0 s={true 0xb40000739da62110} ch=false seqId=0
10-12 17:28:09.771  2918  2918 I BadgeRenderer: Invalid count : 0
10-12 17:28:09.771  2918  2918 I BadgeRenderer: Invalid count : 0
10-12 17:28:09.771  2918  2918 I BadgeRenderer: Invalid count : 0
10-12 17:28:09.772  2918  3101 I SPayUpdater: updateSpayHandler, show = false, defaultPage = false
10-12 17:28:09.772  2918  3100 I LauncherActivityInfo: Trying to load live icon for com.sec.android.app.clockpackage
10-12 17:28:09.773  2918  3100 I LiveIconUtil: getLiveIcon was called in ClockPackage
10-12 17:28:09.773  2918  3100 I LiveIconUtil: getLiveIcon res = com.sec.android.app.clockpackage
10-12 17:28:09.774  2918  3100 I LiveIconUtil: stdIconSize : 144 , targetIconSize : 174
10-12 17:28:09.774  2918  3100 I LiveIconUtil: mIconDpi : 640 , mTargetIconDpi : 480
10-12 17:28:09.782  1281  1281 D Layer   : [SEC_SF_EFFECTS] setBlurRegions ## {radius=5u, cornerRadii=[0.000000, 0.000000, 0.000000, 0.000000], alpha=0.098039, rect=[0, 0, 1080, 2400]
10-12 17:28:09.782  1281  1281 D Layer   : GPIS:: requestGPIS
10-12 17:28:09.782  2918  2918 I WallpaperBlurController: dispatchTransactionSurface: mCurrentBlur = 55
10-12 17:28:09.791  2374  2374 I ViewRootImpl@43d51e6[NotificationShade]: performTraversals mFirst=false windowShouldResize=false viewVisibilityChanged=false mForceNextWindowRelayout=false params={(0,0)(fillxfill) gr=TOP CENTER_VERTICAL sim={adjust=resize} layoutInDisplayCutoutMode=always ty=NOTIFICATION_SHADE fmt=TRANSLUCENT
10-12 17:28:09.791  2374  2374 I ViewRootImpl@43d51e6[NotificationShade]:   fl=81840048
10-12 17:28:09.791  2374  2374 I ViewRootImpl@43d51e6[NotificationShade]:   pfl=1b000000
10-12 17:28:09.791  2374  2374 I ViewRootImpl@43d51e6[NotificationShade]:   bhv=SHOW_TRANSIENT_BARS_BY_SWIPE
10-12 17:28:09.791  2374  2374 I ViewRootImpl@43d51e6[NotificationShade]:  dimAmount=0.0 naviIconColor=0
10-12 17:28:09.791  2374  2374 I ViewRootImpl@43d51e6[NotificationShade]:   sfl=40000}
10-12 17:28:09.791  1624  1668 V WindowManager: Relayout Window{c25a5a0 u0 NotificationShade}: viewVisibility=4 req=1080x2400 d0
10-12 17:28:09.792  1624  1668 V WindowManager: Relayout hash=c25a5a0, pid=2374, syncId=-1: mAttrs={(0,0)(fillxfill) gr=TOP CENTER_VERTICAL sim={adjust=resize} layoutInDisplayCutoutMode=always ty=NOTIFICATION_SHADE fmt=TRANSLUCENT
10-12 17:28:09.792  1624  1668 V WindowManager:   fl=81840048
10-12 17:28:09.792  1624  1668 V WindowManager:   pfl=1b000000
10-12 17:28:09.792  1624  1668 V WindowManager:   bhv=SHOW_TRANSIENT_BARS_BY_SWIPE
10-12 17:28:09.792  1624  1668 V WindowManager:  dimAmount=0.0 naviIconColor=0
10-12 17:28:09.792  1624  1668 V WindowManager:   sfl=40000}
10-12 17:28:09.793  2374  2374 I ViewRootImpl@43d51e6[NotificationShade]: Relayout returned: old=(0,0,1080,2400) new=(0,0,1080,2400) req=(1080,2400)4 dur=2 res=0x0 s={false 0x0} ch=false seqId=44
10-12 17:28:09.794  2374  2374 I FaceWidgetPositionAlgorithm: getClockContainerHeight() supplier = 309, bottom margin = 0, real height = 381
10-12 17:28:09.794  2374  2374 I FaceWidgetPositionAlgorithm: getClockContainerHeight() supplier = 309, bottom margin = 72, real height = 381
10-12 17:28:09.794  2374  2374 I FaceWidgetPositionAlgorithm: getMediaContainerHeight() height = 0 container Visibility = 8, isValid = true, mIsDozing = false, fraction = 1.0, source = 0, target = 0
10-12 17:28:09.794  2374  2374 I FaceWidgetPositionAlgorithm: getMediaContainerHeight() supplier = 0
10-12 17:28:09.796  2918  3100 I AppIconSolution: load= live icon for com.sec.android.app.clockpackage, from overlay = false
10-12 17:28:09.796  2918  3100 I LauncherActivityInfo: packageName: com.sec.android.app.clockpackage, useThemeIcon: false, height: 288, width: 288, density: 640
10-12 17:28:09.798  1281  1281 D Layer   : [SEC_SF_EFFECTS] setBlurRegions ## {radius=55u, cornerRadii=[0.000000, 0.000000, 0.000000, 0.000000], alpha=1.098039, rect=[0, 0, 1080, 2400]
10-12 17:28:09.798  2918  2918 I WallpaperBlurController: dispatchTransactionSurface: mCurrentBlur = 127
10-12 17:28:09.809  1624  1996 D InputReader: Btn_touch(11): value=0 when=262975.097633
10-12 17:28:09.810  1624  1996 I InputReader: Touch event's action is 0x1 (id=3, t=0) [pCnt=1, s=] when=262975.097633
10-12 17:28:09.810  1624  1995 I InputDispatcher: Delivering touch to (2918): action: 0x1, f=0x0, d=0, '1c5cc3 ', t=1 
10-12 17:28:09.810  2918  2918 I WallpaperBlurController: dispatchTransactionSurface: mCurrentBlur = 150
10-12 17:28:09.810  2918  2918 I ViewRootImpl@1b999d5[LauncherActivity]: ViewPostIme pointer 1
10-12 17:28:09.810  2918  2918 W PortraitStatesTouchCtrl: updateSwipeCompleteAnimation, isFling = true, targetState = AllApps
10-12 17:28:09.810  2918  2918 I StateManager: onAnimationStart state : AllApps
10-12 17:28:09.810  2918  2918 I StateManager: onStateTransitionStart mState = AllApps
10-12 17:28:09.810  2918  2918 I Launcher.AppsPagedView: setLayout(), l: 38, r: 38, b: 103, spacing: 39
10-12 17:28:09.810  2918  2918 I CustomPageIndicator: setPageIndicatorSize : 50
10-12 17:28:09.810  2918  2918 W HsDeviceProfile: invIconSizeRatio apps: 6.9
10-12 17:28:09.811  2918  2918 I Launcher: onStateSetEnd for widget host, state : AllApps
10-12 17:28:09.811  2918  2918 W LauncherAppWidgetHost: setShouldListenFlag, mFlags:7 flag:resume on:false isFront:false
10-12 17:28:09.811  2918  2918 I BaseActivity: addActivityFlags, flags : 64
10-12 17:28:09.811  2918  2918 I RecentsView: setOverviewStateEnabled false
10-12 17:28:09.811  2918  2918 I RecentsOrientedState: current RecentsOrientedState: [this=RecentsOrientedState@18444887 mOrientationHandler=PortraitPagedViewHandler@251027780 mDisplayRotation=0 mTouchRotation=0 mRecentsActivityRotation=0 mRecentsRotation=0 isRecentsActivityRotationAllowed=false mSystemRotation=false mStateId=37248 mFlags=291]
10-12 17:28:09.811  2918  2918 I WhiteBgColorNotifier: changeWhiteBgSystemUIColor type = 4 supportWhiteBg : false forced : false mStatusBarColorIsDark true mNavigationBarColorIsDark true
10-12 17:28:09.811  2918  2918 I WhiteBgColorNotifier: changeWhiteBgSystemUIColor type = 5 supportWhiteBg : false forced : false mStatusBarColorIsDark true mNavigationBarColorIsDark true
10-12 17:28:09.812  1624  1624 D SGM:GameManager: identifyGamePackage. com.sec.android.app.launcher, mCurrentUserId: 0, callerUserId: 0, callingMethodInfo: com.android.server.ssrm.fgapps.GameAppUtils.isGame(GameAppUtils.java:84)
10-12 17:28:09.812  1624  1624 D SGM:PkgDataHelper: getGamePkgData(). com.sec.android.app.launcher
10-12 17:28:09.812  1624  1624 I SemDvfsHyPerManager: acquire hyper - GESTURE_DETECTED/1624@31, type = -999
10-12 17:28:09.812  1624  1624 I SemDvfsHyPerManager: acquire hyper - SMOOTH_SCROLL/1624@24, type = -999
10-12 17:28:09.812  1191  1217 I HYPER-HAL: [RequestManager.cpp]acquire(): Acquired ID : 1370371  [1624 / 31]    HINT : GESTURE_DETECTED    list : [TIMEOUT / 2552] 
10-12 17:28:09.812  1624  1624 D SGM:GameManager: identifyGamePackage. com.sec.android.app.launcher, mCurrentUserId: 0, callerUserId: 0, callingMethodInfo: com.android.server.ssrm.fgapps.GameAppUtils.isGame(GameAppUtils.java:84)
10-12 17:28:09.812  1624  1624 D SGM:PkgDataHelper: getGamePkgData(). com.sec.android.app.launcher
10-12 17:28:09.812  1624  1624 I SemDvfsHyPerManager: acquire hyper - GESTURE_DETECTED/1624@31, type = -999
10-12 17:28:09.812  1191  1217 I HYPER-HAL: [ResourceManager.cpp]updateResource(): [CPUMinFreq] UpdateResource Request ID : 1370371    Value : 1248000
10-12 17:28:09.813  1191  1217 I HYPER-HAL: [RequestManager.cpp]acquire(): Acquired ID : 1358800  [1624 / 24]    HINT : SMOOTH_SCROLL    list : 
10-12 17:28:09.813  1191  1217 I HYPER-HAL: [ResourceManager.cpp]updateResource(): [CPUMinFreq] UpdateResource Request ID : 1358800    Value : 1352000
10-12 17:28:09.813  1191  1217 I HYPER-HAL: [RequestManager.cpp]acquire(): Acquired ID : 1370371  [1624 / 31]    HINT : GESTURE_DETECTED    list : [TIMEOUT / 2552] 
10-12 17:28:09.813  1191  1217 I HYPER-HAL: [ResourceManager.cpp]updateResource(): [CPUMinFreq] UpdateResource Request ID : 1370371    Value : 1248000
10-12 17:28:09.813  1191  1217 I HYPER-HAL: [ResourceManager.cpp]removeResource(): [CPUMinFreq] RemoveResource Request ID : 1358800
10-12 17:28:09.813  1191  1217 I HYPER-HAL: [RequestManager.cpp]releaseLocked(): Released ID : 1358800
10-12 17:28:09.815  1281  1281 D Layer   : [SEC_SF_EFFECTS] setBlurRegions ## {radius=127u, cornerRadii=[0.000000, 0.000000, 0.000000, 0.000000], alpha=2.537255, rect=[0, 0, 1080, 2400]
10-12 17:28:09.815  2918  2918 I Launcher.AppsPagedView: setLayout(), l: 38, r: 38, b: 103, spacing: 39
10-12 17:28:09.815  2918  2918 I Launcher.AppsPagedView: setLayout(), l: 38, r: 38, b: 103, spacing: 39
10-12 17:28:09.815  2918  2918 I Launcher.AppsPagedView: setLayout(), l: 38, r: 38, b: 103, spacing: 39
10-12 17:28:09.815  2918  2918 I Launcher.AppsPagedView: setLayout(), l: 38, r: 38, b: 103, spacing: 39
10-12 17:28:09.816  2918  2918 I InputMethodManager: startInputInner - mService.startInputOrWindowGainedFocus
10-12 17:28:09.817  1624  1668 D InputMethodManagerService: DESKTOP MODE! : 2
10-12 17:28:09.817  1624  1668 D InputMethodManagerService: NOT IN KNOX DESKTOP MODE!
10-12 17:28:09.817  1624  1668 V InputMethodManagerService: getDisplayIdOfInputMethodWindowToBeAdded: displayId=0
10-12 17:28:09.817  1624  1668 D InputMethodManagerService: isImeSwitcherDisabledPackage : false
10-12 17:28:09.817  1624  1668 D InputMethodManagerService: shouldShowImeSwitcherLocked : checking vis : 3
10-12 17:28:09.818  1624  1668 D InputMethodManagerService: checkDisplayOfStartInputAndUpdateKeyboard: displayId=0, mFocusedDisplayId=0
10-12 17:28:09.818  1624  1668 D InputTransport: Input channel constructed: 'ClientS', fd=933
10-12 17:28:09.818  1624  1668 D InputTransport: Input channel destroyed: 'ClientS', fd=933
10-12 17:28:09.818  5082  5082 I HBD     : HoneyBoardService onFinishInput 
10-12 17:28:09.819  5082  5082 I HBD     : a IC have been unbinding,  RemoteInputConnection{idHash=#5c86a74}
10-12 17:28:09.819  5082  5082 I HBD     : HoneyBoardService [PF_CL][onFinishInput]  1 ms 
10-12 17:28:09.820  5082  5082 I HBD     : HoneyBoardService [IMI] onStartInput - caller pid : 2918 , caller uid : 10139 
10-12 17:28:09.820  5082  5082 I HBD     : j updateConfigs 
10-12 17:28:09.820  5082  5082 I HBD     : j isEnabledNightMode : false 
10-12 17:28:09.820  5082  5082 I HBD     : a IC have been binding, RemoteInputConnection{idHash=#5c86a74} 
10-12 17:28:09.820  5082  5082 I HBD     : h [EditorInputType]setPrivateImeOptionsToTable privateImeOptions ( null )
10-12 17:28:09.820  5082  5082 I HBD     : b incognitoMode : false 
10-12 17:28:09.820  5082  5082 I HBD     : b needOff = true , isForceOff = false, isNullInputClass : true 
10-12 17:28:09.820  5082  5082 I HBD     : h getDefaultInputRange : UNKNOWN 
10-12 17:28:09.820  5082  5082 I HBD     : h getDefaultInputRange : UNKNOWN 
10-12 17:28:09.820  5082  5082 I HBD     : h getDefaultInputRange : UNKNOWN 
10-12 17:28:09.821  5082  5082 I HBD     : b needOff = true , isForceOff = false, isNullInputClass : true 
10-12 17:28:09.821  5082  5082 I HBD     : b update cached prediction status : false 
10-12 17:28:09.821  5082  5082 I HBD     : h getDefaultInputRange : UNKNOWN 
10-12 17:28:09.821  5082  5082 I HBD     : h getDefaultInputRange : UNKNOWN 
10-12 17:28:09.821  5082  5082 I HBD     : a currentState : 0 
10-12 17:28:09.822  5082  5082 I HBD     : a [UpdatePolicy] [post] a: 0 cl: 4521984 kit: [0/0] vt: 0 ir: 1 
10-12 17:28:09.822  5082  5082 I HBD     : a [NRIC] resetNoResponseState 
10-12 17:28:09.822  5082  5082 I HBD     : b needOff = true , isForceOff = false, isNullInputClass : true 
10-12 17:28:09.822  5082  5082 I HBD     : b update cached prediction status : false 
10-12 17:28:09.822  5082  5082 I HBD     : HoneyBoardService [PF_OP][onStartInput]  2 ms 
10-12 17:28:09.826  1191 25558 I HYPER-HAL: [ResourceManager.cpp]removeResource(): [CPUMinFreq] RemoveResource Request ID : 1368715
10-12 17:28:09.829  1191 25558 I HYPER-HAL: [RequestManager.cpp]releaseLocked(): Released ID : 1368715
10-12 17:28:09.832  1281  1281 D Layer   : [SEC_SF_EFFECTS] setBlurRegions ## {radius=150u, cornerRadii=[0.000000, 0.000000, 0.000000, 0.000000], alpha=3.000000, rect=[0, 0, 1080, 2400]
10-12 17:28:09.848  1281  1281 D Layer   : [SEC_SF_EFFECTS] setBlurRegions ## {radius=150u, cornerRadii=[0.000000, 0.000000, 0.000000, 0.000000], alpha=3.000000, rect=[0, 0, 1080, 2400]
10-12 17:28:09.860  1624  2235 D SemNscXgbMsL1: Probability - Cloud gaming: [0.051276896]
10-12 17:28:09.860  1624  2235 D SemNscXgbMsL1: Probability - Real time: [0.8382959]
10-12 17:28:09.860  1624  2235 D SemNscXgbMsL1: Probability - Non real time: [0.7299912]
10-12 17:28:09.860  1624  2235 D SemNscXgbMsL1: 1 sample inference time: 0.306884 msecs
10-12 17:28:09.860  1624  2235 D SemNscXgbL2Rt: L2 RT 1 sample inference time: 0.562039 msecs
10-12 17:28:09.861  1624  2235 D SemNscXgbL2Nrt: L2 NRT 1 sample inference time: 0.544808 msecs
10-12 17:28:09.915  2918  2918 I RecentsView: resetTaskVisuals
10-12 17:28:09.916  2918  2918 I RecentsView: Skip loading task enabled : false  changeId : -1
10-12 17:28:09.916  2918  2918 I StateManager: onAnimationSuccess state : AllApps
10-12 17:28:09.916  2918  2918 I StateManager: onStateTransitionEnd mState : AllApps
10-12 17:28:09.917  2918  2918 I BaseActivity: removeActivityFlags, flags : 64
10-12 17:28:09.917  2918  2918 I RecentsView: reset
10-12 17:28:09.917  2918  2918 I RecentsView: setCurrentTask, runningTaskId : -1
10-12 17:28:09.917  2918  2918 I RecentsOrientedState: current RecentsOrientedState: [this=RecentsOrientedState@18444887 mOrientationHandler=PortraitPagedViewHandler@251027780 mDisplayRotation=0 mTouchRotation=0 mRecentsActivityRotation=0 mRecentsRotation=0 isRecentsActivityRotationAllowed=false mSystemRotation=false mStateId=37248 mFlags=291]
10-12 17:28:09.917  2918  2918 I StateManager: goToStateAnimated mStateChanged is false
10-12 17:28:09.917  2918  2918 I StateManager: End animation. mStateChanged is changed to False : AllApps
10-12 17:28:09.917  2918  2918 W PortraitStatesTouchCtrl: onSwipeInteractionCompleted, targetState = AllApps
10-12 17:28:09.919  2918  2918 I RecentsView: Skip loading task enabled : false  changeId : -1
10-12 17:28:09.919  2918  2918 I RecentsOrientedState: current RecentsOrientedState: [this=RecentsOrientedState@18444887 mOrientationHandler=PortraitPagedViewHandler@251027780 mDisplayRotation=0 mTouchRotation=0 mRecentsActivityRotation=0 mRecentsRotation=0 isRecentsActivityRotationAllowed=false mSystemRotation=false mStateId=37248 mFlags=291]
10-12 17:28:09.919  1624  1624 I Pageboost: package null
10-12 17:28:09.920  3374  3374 E pageboostd: Received HALT command code 2
10-12 17:28:09.922  2918  3101 I SPayUpdater: updateSpayHandler, show = false, defaultPage = false
10-12 17:28:09.962  1624  2226 I ChimeraAggressivePolicyHandler: executePolicy() - triggerSource: TRIGGER_SOURCE_LMKD
10-12 17:28:09.962  1624  2226 I ChimeraAggressivePolicyHandler: available memory: 2826252, free memory target: 1992704, quit chimera
10-12 17:28:10.050  1624  7140 D SGM:GameManager: identifyGamePackage. com.sec.android.app.launcher, mCurrentUserId: 0, callerUserId: 0, callingMethodInfo: com.android.server.ssrm.SortingMachine.isGame(SortingMachine.java:162)
10-12 17:28:10.050  1624  7140 D SGM:PkgDataHelper: getGamePkgData(). com.sec.android.app.launcher
10-12 17:28:10.061  2918  3101 I QuickstepModelDelegate: Widget predictions updated
10-12 17:28:10.234  2918  2918 I GestureDetector: handleMessage LONG_PRESS
10-12 17:28:10.246  1548  2298 I bauth_FPBAuthService: pcf : 0x1012, 0 ,3 ,0 ,0 ,0 ,0, 7.0.0.0
10-12 17:28:10.246  1548  2298 I bauth_FPBAuthService: thread id : 3, preenroll_flag : 0, nd cnt : 0, cso : 0, et : 0
10-12 17:28:10.246  1548  2298 I bauth_FPBAuthService: FPBAuthService, 11511
10-12 17:28:10.320  1624  2358 I Pageboost: Launcher Page Up
10-12 17:28:10.320  1624  2358 I Pageboost: IO Prefetch for : com.openai.chatgpt
10-12 17:28:10.321  3374 25573 E pageboostd: prefetch start : app comopenaichatgpt
10-12 17:28:10.326  3374 25573 E pageboostd: comopenaichatgpt, amt 52019200 scnt 18 fcnt 33
10-12 17:28:10.326  3374 25573 E pageboostd: prefetch end : app comopenaichatgpt data_amount 52019200
10-12 17:28:10.334   669   669 D io_stats: !@   8,0 r 35318654 894759168 w 11105287 142389268 d 3237959 154847032 f 0 0 iot 18270588 0 th 0 0 0 pt 0 inp 0 0 262975.621
10-12 17:28:10.334   669   669 D io_stats: !@ Read_top(KB): system_server(1624) 2408 chbox:googleapp(22202) 1676 usic.geniemusic(1332) 1192
10-12 17:28:10.334   669   669 D io_stats: !@ Write_top(KB): id.diagmonagent(4082) 76 .adservices.api(22391) 48 sait.sohservice(20678) 16
10-12 17:28:10.529  1191 25559 I HYPER-HAL: [ResourceManager.cpp]removeResource(): [CPUMaxFreq] RemoveResource Request ID : 8526400
10-12 17:28:10.530  1191 25559 I HYPER-HAL: [RequestManager.cpp]releaseLocked(): Released ID : 8526400
10-12 17:28:10.570  1624  1996 D InputReader: Btn_touch(11): value=1 when=262975.857559
10-12 17:28:10.570  1624  1996 I InputReader: Touch event's action is 0x0 (id=3, t=0) [pCnt=1, s=0.59039 ] when=262975.857559
10-12 17:28:10.571  1624  1995 I InputDispatcher: Delivering touch to (2374): action: 0x0, f=0x0, d=0, 'd7accad', t=1 +(0,-2256)
10-12 17:28:10.571  1624  1995 D PowerManagerService: [api] userActivityFromNative :  (event: 2 flags: 0 displayId: 0) eventTime = 262975857
10-12 17:28:10.571  2374  2374 I ViewRootImpl@66558ce[NavigationBar0]: ViewPostIme pointer 0
10-12 17:28:10.572  1624  1765 I GestureDetector: obtain mCurrentDownEvent. id: 644289288 caller: com.android.server.wm.SystemGesturesPointerEventListener.onPointerEvent:203 com.android.server.wm.PointerEventDispatcher.onInputEvent:53 android.view.InputEventReceiver.dispatchInputEvent:285 
10-12 17:28:10.572  1624  1765 I GestureDetector: obtain mCurrentDownEvent. id: 644289288 caller: com.android.server.wm.SystemPerformancePointerEventListener.onPointerEvent:89 com.android.server.wm.PointerEventDispatcher.onInputEvent:53 android.view.InputEventReceiver.dispatchInputEvent:285 
10-12 17:28:10.572  2374  3051 I KeyButtonView: injectInputEvent - 187
10-12 17:28:10.573  1624  2829 D InputDispatcher: Inject key (2374/10040): action=0, f=0x48, d=0, time=262975859000000
10-12 17:28:10.573  1624  2829 D WindowManager: interceptKeyTq keycode=187 interactive=true keyguardActive=false policyFlags=2b000002
10-12 17:28:10.573  1624  2829 D PhoneWindowManagerExt: interceptKeyTq code=187 down=true repeatCount=0 displayId=0 interactive=true
10-12 17:28:10.573  1624  2829 D WindowManager: interceptKeyTq interceptKeyResult=1
10-12 17:28:10.573  2374  2374 V Vibrator: semGetSupportedVibrationType: ret=3
10-12 17:28:10.573  1624  2829 D PhoneWindowManagerExt: f.b. a=false id=1 he=false ksno=false uid=1000 callingPackage=android reason=Virtual Key - Press Caller=com.android.server.policy.PhoneWindowManager.performHapticFeedback:6534 com.android.server.policy.PhoneWindowManager.performHapticFeedback:6525 com.android.server.policy.PhoneWindowManager.interceptKeyBeforeQueueing:4938 com.android.server.wm.InputManagerCallback.interceptKeyBeforeQueueing:156 com.android.server.input.InputManagerService.interceptKeyBeforeQueueing:4755 
10-12 17:28:10.573  1624  2829 D PhoneWindowManagerExt: haptic disabled by policy
10-12 17:28:10.574  1624  1995 D WindowManager: interceptKeyTi keyCode=187 down=true repeatCount=0 keyguardOn=false canceled=false
10-12 17:28:10.574  1624  1995 D PhoneWindowManagerExt: interceptKeyTi code=187 down=true repeatCount=0 displayId=0 interactive=true
10-12 17:28:10.587  1624  1765 I GestureDetector: obtain mCurrentMotionEventRaw. action: 2 id: 87229034
10-12 17:28:10.587  1624  1765 I GestureDetector: obtain mCurrentMotionEventRaw. action: 2 id: 87229034
10-12 17:28:10.599  1281  1281 D SurfaceFlinger: GPIS:: requestGPIS
10-12 17:28:10.605  1281  2051 D NativeSemDvfsManager: acquire:: timeout = 2000 mIsAcquired = 1  mTagName : SurfaceFlinger 
10-12 17:28:10.606  1281  2051 E NativeCustomFrequencyManager: [NativeCFMS] BpCustomFrequencyManager::acquire()
10-12 17:28:10.606  1191  1217 I HYPER-HAL: [RequestManager.cpp]acquire(): Acquired ID : 2603621  [1281 / 1000]    HINT : SF_GPU_MINLOCK    list : [TIMEOUT / 2000] 
10-12 17:28:10.669  1624  1996 D InputReader: Btn_touch(11): value=0 when=262975.956855
10-12 17:28:10.669  1624  1996 I InputReader: Touch event's action is 0x1 (id=3, t=0) [pCnt=1, s=] when=262975.956855
10-12 17:28:10.669  1624  1995 I InputDispatcher: Delivering touch to (2374): action: 0x1, f=0x0, d=0, 'd7accad', t=1 +(0,-2256)
10-12 17:28:10.670  2374  2374 I ViewRootImpl@66558ce[NavigationBar0]: ViewPostIme pointer 1
10-12 17:28:10.670  2374  3051 I KeyButtonView: injectInputEvent - 187
10-12 17:28:10.671  1624  2829 D InputDispatcher: Inject key (2374/10040): action=1, f=0x48, d=0, time=262975958000000
10-12 17:28:10.671  1624  2829 D WindowManager: interceptKeyTq keycode=187 interactive=true keyguardActive=false policyFlags=2b000002
10-12 17:28:10.671  1624  2829 D PhoneWindowManagerExt: interceptKeyTq code=187 down=false repeatCount=0 displayId=0 interactive=true
10-12 17:28:10.671  1624  2829 D WindowManager: interceptKeyTq interceptKeyResult=1
10-12 17:28:10.671  1624  1995 D WindowManager: interceptKeyTi keyCode=187 down=false repeatCount=0 keyguardOn=false canceled=false
10-12 17:28:10.671  1624  1995 D PhoneWindowManagerExt: interceptKeyTi code=187 down=false repeatCount=0 displayId=0 interactive=true
10-12 17:28:10.671  1624  1995 D WindowManager: toggleRecentApps displayId=0
10-12 17:28:10.675  2918 16826 I TouchInteractionService: onOverviewToggle
10-12 17:28:10.675  2918 16826 I OverviewCommandHelper: addCommand, type : 4, size : 0
10-12 17:28:10.675  2918  2918 I HsTaskBooster: boost TASK_BOOST: 2918
10-12 17:28:10.675  2918  2918 I OverviewCommandHelper: addCommand, CommandInfo@445218725 (type=4, activeCallbacks=null)
10-12 17:28:10.675  2918  2918 I OverviewCommandHelper: executeNext - size : 1
10-12 17:28:10.675  2918  2918 I OverviewCommandHelper: executeCommand, CommandInfo@445218725 (type=4, activeCallbacks=null), visible recents : false
10-12 17:28:10.676  2918  2918 I DecorView: notifyKeepScreenOnChanged: keepScreenOn=false
10-12 17:28:10.676  2918  2918 I StateManager: goToState Overview delay : 0
10-12 17:28:10.676  2918  2918 I StateManager: goToStateAnimated mStateChanged is True
10-12 17:28:10.676  2918  2918 I StateManager: createAnimationToNewWorkspaceInternal : Overview
10-12 17:28:10.676  2918  2918 I AppsTransitionController: setStateWithAnimation - toState : Overview
10-12 17:28:10.677  2918  2918 I HomeStateTransitionController: workspace child count: 2
10-12 17:28:10.677  2918  2918 I PartialBlurUtils: finishExitingPageEdit
10-12 17:28:10.677  2918  2918 I PartialBlurUtils: finishExitingPageEdit
10-12 17:28:10.677  2918  2918 I SuggestedAppsManager: updateItems, filterHotseat : true
10-12 17:28:10.677  2918  3100 W SuggestedItemsFacade: Waiting start.
10-12 17:28:10.678  2918  2918 I RecentsView: Skip loading task enabled : false  changeId : -1
10-12 17:28:10.678  2918  2918 I FolderTransitionController: setStateWithAnimation : Overview
10-12 17:28:10.678  2918  2918 I FolderTransitionController: setFolderProperty : Overview,AllApps,Normal
10-12 17:28:10.678  2918  2918 I PageEditTransitionController: setStateWithAnimation - from : AllApps to : Overview
10-12 17:28:10.678  2918  2918 I StateManager: goToStateAnimated to Overview
10-12 17:28:10.678  2918  2918 I OverviewCommandHelper: executeCommand, If successfully switched, wait until animation finishes
10-12 17:28:10.680  1624  1775 D BaseRestrictionMgr: Package: com.kakao.talk, userid: 0, hostingType: broadcast is Restricted by policy: 4 caller is: null
10-12 17:28:10.680  1624  1775 W BroadcastQueue: intent:Intent { act=android.intent.action.CLOSE_SYSTEM_DIALOGS flg=0x50000010 (has extras) } is skipped in RestrictedPackage to ProcessRecord{58c36b0 22873:com.kakao.talk/u0a326}
10-12 17:28:10.684  2918  2918 I ViewRootImpl@1b999d5[LauncherActivity]: performTraversals params={(0,0)(fillxfill) sim={adjust=nothing} layoutInDisplayCutoutMode=shortEdges ty=BASE_APPLICATION fmt=TRANSPARENT wanim=0x10302f4
10-12 17:28:10.684  2918  2918 I ViewRootImpl@1b999d5[LauncherActivity]:   fl=81910100
10-12 17:28:10.684  2918  2918 I ViewRootImpl@1b999d5[LauncherActivity]:   pfl=1e020040
10-12 17:28:10.684  2918  2918 I ViewRootImpl@1b999d5[LauncherActivity]:   vsysui=1700
10-12 17:28:10.684  2918  2918 I ViewRootImpl@1b999d5[LauncherActivity]:   bhv=SHOW_TRANSIENT_BARS_BY_SWIPE
10-12 17:28:10.684  2918  2918 I ViewRootImpl@1b999d5[LauncherActivity]:   fitSides= naviIconColor=0}
10-12 17:28:10.684  2918  2918 I ViewRootImpl@1b999d5[LauncherActivity]: performTraversals mFirst=false windowShouldResize=false viewVisibilityChanged=false mForceNextWindowRelayout=false params={(0,0)(fillxfill) sim={adjust=nothing} layoutInDisplayCutoutMode=shortEdges ty=BASE_APPLICATION fmt=TRANSPARENT wanim=0x10302f4
10-12 17:28:10.684  2918  2918 I ViewRootImpl@1b999d5[LauncherActivity]:   fl=81910100
10-12 17:28:10.684  2918  2918 I ViewRootImpl@1b999d5[LauncherActivity]:   pfl=1e020040
10-12 17:28:10.684  2918  2918 I ViewRootImpl@1b999d5[LauncherActivity]:   vsysui=1700
10-12 17:28:10.684  2918  2918 I ViewRootImpl@1b999d5[LauncherActivity]:   bhv=SHOW_TRANSIENT_BARS_BY_SWIPE
10-12 17:28:10.684  2918  2918 I ViewRootImpl@1b999d5[LauncherActivity]:   fitSides= naviIconColor=0}
10-12 17:28:10.685  2374  2374 D LocationControllerImpl: onReceive() = android.intent.action.CLOSE_SYSTEM_DIALOGS
10-12 17:28:10.685  2374  2374 V ShadeControllerImpl: NotificationShadeWindow: com.android.systemui.statusbar.phone.NotificationShadeWindowView{8fe0612 I.E...... ......ID 0,0-1080,2400} canPanelBeCollapsed(): false
10-12 17:28:10.685  2374  2374 D QSButtonsContainer: action:android.intent.action.CLOSE_SYSTEM_DIALOGS
10-12 17:28:10.685  2374  2374 D SecQSLayoutDetail: action:android.intent.action.CLOSE_SYSTEM_DIALOGS
10-12 17:28:10.686  1624  2829 V WindowManager: Relayout Window{1c5cc3 u0 com.sec.android.app.launcher/com.sec.android.app.launcher.activities.LauncherActivity}: viewVisibility=0 req=1080x2400 d0
10-12 17:28:10.686  2374  2374 D QSMoreButton: action:android.intent.action.CLOSE_SYSTEM_DIALOGS
10-12 17:28:10.686  2374  2374 D PopupUI.PopupUI: PopupUIReceiver.onReceive() action : android.intent.action.CLOSE_SYSTEM_DIALOGS
10-12 17:28:10.686  2374  2374 D SecVolume.SecVolumeStore: dispatch [ACTION_DISMISS_REQUESTED] with [STATE_NO_DISPATCH]
10-12 17:28:10.686  2374  2374 D SecVolume.SecVolumeStore:   > New State : [STATE_NO_DISPATCH]
10-12 17:28:10.688  1624  2829 V WindowManager: Relayout hash=1c5cc3, pid=2918, syncId=-1: mAttrs={(0,0)(fillxfill) sim={adjust=nothing} layoutInDisplayCutoutMode=shortEdges ty=BASE_APPLICATION fmt=TRANSPARENT wanim=0x10302f4
10-12 17:28:10.688  1624  2829 V WindowManager:   fl=81910100
10-12 17:28:10.688  1624  2829 V WindowManager:   pfl=1e020040
10-12 17:28:10.688  1624  2829 V WindowManager:   vsysui=1700
10-12 17:28:10.688  1624  2829 V WindowManager:   bhv=SHOW_TRANSIENT_BARS_BY_SWIPE
10-12 17:28:10.688  1624  2829 V WindowManager:   fitSides= naviIconColor=0}
10-12 17:28:10.690  2918  2918 I ViewRootImpl@1b999d5[LauncherActivity]: updateBlastSurfaceIfNeeded mBlastBufferQueue=0xb40000730d8d7d10 isSameSurfaceControl=true
10-12 17:28:10.690  2918  2918 I BLASTBufferQueue: update, w= 1080 h= 2400 mName = ViewRootImpl@1b999d5[LauncherActivity] mNativeObject= 0xb40000730d8d7d10 sc.mNativeObject= 0xb40000729d862a10 format= -2 caller= android.view.ViewRootImpl.updateBlastSurfaceIfNeeded:2898 android.view.ViewRootImpl.relayoutWindow:9847 android.view.ViewRootImpl.performTraversals:3884 android.view.ViewRootImpl.doTraversal:3116 android.view.ViewRootImpl$TraversalRunnable.run:10885 android.view.Choreographer$CallbackRecord.run:1301 
10-12 17:28:10.690  2918  2918 I ViewRootImpl@1b999d5[LauncherActivity]: Relayout returned: old=(0,0,1080,2400) new=(0,0,1080,2400) req=(1080,2400)0 dur=6 res=0x0 s={true 0xb40000739da62110} ch=false seqId=0
10-12 17:28:10.692  2918  2918 I RecentsView: Skip loading task enabled : false  changeId : -1
10-12 17:28:10.692  2918  2918 I RecentsView: Skip loading task enabled : false  changeId : -1
10-12 17:28:10.692  2918  2918 I StateManager: onAnimationStart state : Overview
10-12 17:28:10.692  2918  2918 I StateManager: onStateTransitionStart mState = Overview
10-12 17:28:10.692  2918  2918 I Launcher: onStateSetEnd for widget host, state : Overview
10-12 17:28:10.692  2918  2918 W LauncherAppWidgetHost: setShouldListenFlag, mFlags:7 flag:resume on:false isFront:false
10-12 17:28:10.692  2918  2918 I BaseActivity: addActivityFlags, flags : 64
10-12 17:28:10.692  2918  2918 I RecentsView: setOverviewStateEnabled true
10-12 17:28:10.692  2918  2918 I RecentsOrientedStateCallbacksImpl: setRotationWatcherEnabled
10-12 17:28:10.692  2918  2918 I RecentsOrientedState: current RecentsOrientedState: [this=RecentsOrientedState@18444887 mOrientationHandler=PortraitPagedViewHandler@251027780 mDisplayRotation=0 mTouchRotation=0 mRecentsActivityRotation=0 mRecentsRotation=0 isRecentsActivityRotationAllowed=false mSystemRotation=false mStateId=37248 mFlags=355]
10-12 17:28:10.692  2918  2918 I TaskUtils: minimizePopupWindows
10-12 17:28:10.692  2918  2918 I WhiteBgColorNotifier: changeWhiteBgSystemUIColor type = 4 supportWhiteBg : false forced : false mStatusBarColorIsDark true mNavigationBarColorIsDark true
10-12 17:28:10.692  2918  2918 I WhiteBgColorNotifier: changeWhiteBgSystemUIColor type = 5 supportWhiteBg : false forced : false mStatusBarColorIsDark true mNavigationBarColorIsDark true
10-12 17:28:10.694  2918  3101 I SPayUpdater: updateSpayHandler, show = false, defaultPage = false
10-12 17:28:10.696  2918  3099 I RecentTasksList: loadTasksInBackground : groupTask = GroupTask{task1=[id=9040 windowingMode=1 user=0 lastActiveTime=444863858] null, task2=null, task3=null, mStagedSplitBounds=null}
10-12 17:28:10.696  2918  3099 I RecentTasksList: loadTasksInBackground : groupTask = GroupTask{task1=[id=9041 windowingMode=1 user=0 lastActiveTime=445016471] null, task2=null, task3=null, mStagedSplitBounds=null}
10-12 17:28:10.696  2918  3099 I RecentTasksList: loadTasksInBackground : groupTask = GroupTask{task1=[id=9043 windowingMode=1 user=0 lastActiveTime=445029622] null, task2=null, task3=null, mStagedSplitBounds=null}
10-12 17:28:10.696  2918  3099 I RecentTasksList: loadTasksInBackground : groupTask = GroupTask{task1=[id=9052 windowingMode=1 user=0 lastActiveTime=445175004] null, task2=null, task3=null, mStagedSplitBounds=null}
10-12 17:28:10.696  2918  3099 I RecentTasksList: loadTasksInBackground : groupTask = GroupTask{task1=[id=9053 windowingMode=1 user=0 lastActiveTime=445217101] null, task2=null, task3=null, mStagedSplitBounds=null}
10-12 17:28:10.706  2918  2918 I SuggestedItemsFacade: updateTaskList : 5
10-12 17:28:10.706  2918  3100 I SuggestedItemsFacade: filteredItem : com.samsung.android.messaging/com.android.mms.ui.ConversationComposer#0
10-12 17:28:10.706  2918  3100 I SuggestedItemsFacade: filteredItem : com.kakao.talk/com.kakao.talk.activity.browser.InAppBrowserActivity#0
10-12 17:28:10.706  2918  3100 I SuggestedItemsFacade: item removed by filter - com.kakao.talk
10-12 17:28:10.706  2918  3100 I SuggestedItemsFacade: filteredItem : com.android.settings/com.android.settings.applications.InstalledAppDetailsTop#0
10-12 17:28:10.706  2918  3100 I SuggestedItemsFacade: filteredItem : com.samsung.android.dialer/com.samsung.android.dialer.DialtactsActivity#0
10-12 17:28:10.706  2918  3100 I SuggestedItemsFacade: filteredItem : com.sec.android.app.myfiles/com.sec.android.app.myfiles.external.ui.MainActivity#0
10-12 17:28:10.706  2918  3100 I SuggestedItemsFacade: item removed by filter - com.sec.android.app.myfiles
10-12 17:28:10.706  2918  3100 I SuggestedItemsFacade: filteredItem : com.samsung.android.appseparation/com.samsung.android.appseparation.view.launcher.LauncherActivity#0
10-12 17:28:10.706  2918  3100 I SuggestedItemsFacade: filteredItem : com.samsung.android.app.contacts/com.samsung.android.contacts.contactslist.PeopleActivity#0
10-12 17:28:10.707  2918  3100 I SuggestedItemsFacade: bindItems() : 4/4, 4
10-12 17:28:10.707  2918  3100 I SuggestedItemsFacade: bindItem : snapmealApp,ComponentInfo{com.snapmealapp/com.snapmealapp.MainActivity}
10-12 17:28:10.707  2918  3100 I SuggestedItemsFacade: bindItem :  ,ComponentInfo{com.nhn.android.nmap/com.naver.map.LaunchActivity}
10-12 17:28:10.707  2918  3100 I SuggestedItemsFacade: bindItem : Instagram,ComponentInfo{com.instagram.android/com.instagram.android.activity.MainTabActivity}
10-12 17:28:10.707  2918  3100 I SuggestedItemsFacade: bindItem : ,ComponentInfo{com.ktmusic.geniemusic/com.ktmusic.geniemusic.DummyActivity}
10-12 17:28:10.707  2918  2918 I ApplyLoadPlanOperationImpl: load [
10-12 17:28:10.707  2918  2918 I ApplyLoadPlanOperationImpl: taskId = 9040, ComponentInfo{com.ktmusic.geniemusic/com.ktmusic.geniemusic.DummyActivity}
10-12 17:28:10.707  2918  2918 I ApplyLoadPlanOperationImpl: taskId = 9041, ComponentInfo{com.kakao.talk/com.kakao.talk.activity.SplashActivity}
10-12 17:28:10.707  2918  2918 I ApplyLoadPlanOperationImpl: taskId = 9043, ComponentInfo{com.sec.android.app.myfiles/com.sec.android.app.myfiles.external.ui.MainActivity}
10-12 17:28:10.707  2918  2918 I ApplyLoadPlanOperationImpl: taskId = 9052, ComponentInfo{com.snapmealapp/com.snapmealapp.MainActivity}
10-12 17:28:10.707  2918  2918 I ApplyLoadPlanOperationImpl: taskId = 9053, ComponentInfo{com.android.settings/com.android.settings.applications.InstalledAppDetails} ]
10-12 17:28:10.707  2918  2918 I HsClearAllManager: alpha value: [1.0, 0.0, 1.0, 0.0, 1.0]
10-12 17:28:10.708  2918  2918 I RecentsView: runOnPageScrollsInitialized() called with: callback = [com.android.launcher3.j5@7073e99]
10-12 17:28:10.708  2918  2918 I RecentsView: pageScrollsInitialized: false
10-12 17:28:10.708  2918  2918 I RecentsView: runOnPageScrollsInitialized() called with: callback = [com.android.launcher3.j5@67e755e]
10-12 17:28:10.708  2918  2918 I RecentsView: pageScrollsInitialized: false
10-12 17:28:10.709  2918  2918 I RecentsViewCallbacksImpl: updateGridProperties
10-12 17:28:10.709  2918  2918 I RecentsView: resetTaskVisuals
10-12 17:28:10.710  2918  2918 I RecentsViewCallbacksImpl: onTaskStackUpdated
10-12 17:28:10.710  2918  2918 I HsClearAllManager: alpha value: [1.0, 0.0, 1.0, 1.0, 1.0]
10-12 17:28:10.710  2918  2918 I RecentsView: applyLoadPlan taskGroups : 5
10-12 17:28:10.710  2918  2918 I SuggestedAppsManager: updateItemsInternal animate : true, touchRotation = 0, needToUpdateItems = true, overview: true, mPrevRotationForUpdateItems = 0, mPrevRotation = 0
10-12 17:28:10.710  2918  2918 I SuggestedAppsViewImpl: calculate 246-259 layout : 1004
10-12 17:28:10.710  2918  2918 W SuggestedAppsViewImpl: setGridSize 4x1
10-12 17:28:10.710  2918  2918 W SuggestedAppsBinder: bindItems 4
10-12 17:28:10.710  2918  7225 I TaskIconCache: getCacheEntry: taskId = 9053, icon null
10-12 17:28:10.711  2918  2918 I SuggestedAppsAnimationCreator: createAnimator: show = true
10-12 17:28:10.711  2918  2918 I SuggestedAppsAnimationCreator: initProperties: alpha = 0.0
10-12 17:28:10.711  2918  2918 I SuggestedAppsAnimationCreator: cancelAnimator
10-12 17:28:10.718  2918  2918 I RecentsView: pageScrollsInitialized: false
10-12 17:28:10.718  2918  2918 I RecentsViewCallbacksImpl: computeMinScroll
10-12 17:28:10.721  2918  2918 I TaskThumbnailCache: handleResult: taskId = 9053, taskThumbnail = android.graphics.Bitmap@80009
10-12 17:28:10.724  2918  7225 I AppIconSolution: getThemeIconWithBG called with public API, pkg = com.android.settings, mode = 48
10-12 17:28:10.725  2918  7225 I AppIconSolution: return adaptive icon for com.android.settings, isNight = false
10-12 17:28:10.726  2918  7225 I LauncherActivityInfo: packageName: com.android.settings, useThemeIcon: false, height: 216, width: 216, density: 480
10-12 17:28:10.726  2918  7225 I Launcher.BaseIconFactory: mIconBitmapSize = 162, fillResIconDpi: 640
10-12 17:28:10.726  2918  7225 I GetBitmapInfoOperationImpl: getBitmapInfo: userId = [0], primaryColor = [-16547330 -> #0381FE], isInstantApp = [false], isSecureFolderApp = [false]
10-12 17:28:10.765  2918  7225 I TaskIconCache: getCacheEntry: taskId = 9052, icon null
10-12 17:28:10.765  2918  2918 I TaskThumbnailCache: handleResult: taskId = 9052, taskThumbnail = android.graphics.Bitmap@501767d
10-12 17:28:10.766  2918  2934 W System  : A resource failed to call release. 
10-12 17:28:10.766  2918  2934 W System  : A resource failed to call release. 
10-12 17:28:10.766  2918  2934 W System  : A resource failed to call release. 
10-12 17:28:10.766  1281  1318 I SurfaceFlinger: id=155184 Removed Surface(name=WallpaperWindowToken{811af3f token=android.os.Binder@14977e3})/@0xfe8d6e5 - animation-leash of window_animation#155184 (133)
10-12 17:28:10.766  1281  1320 I SurfaceFlinger: id=155182 Removed Surface(name=Task=9053)/@0xc6f71ff - animation-leash of app_transition#155182 (133)
10-12 17:28:10.766  1281  1318 I SurfaceFlinger: id=155183 Removed Surface(name=Task=1)/@0xd1bef2d - animation-leash of app_transition#155183 (133)
10-12 17:28:10.772  2918  7225 I AppIconSolution: getThemeIconWithBG called with public API, pkg = com.snapmealapp, mode = 48
10-12 17:28:10.773  2918  7225 I AppIconSolution: start to load, pkg=com.snapmealapp, bg=192-192, dr=144-144, forDefault=true, density=480
10-12 17:28:10.773  2918  7225 I AppIconSolution: getIconScale, pkg=com.snapmealapp, size=144, iconScale=IconScale[alpha=15, scale=1.0, isCrop=true]
10-12 17:28:10.774  2918  7225 I AppIconSolution: default container[CROP], pkg=com.snapmealapp, bg=114-114, dr=144-144, isNight = false
10-12 17:28:10.774  2918  7225 I LauncherActivityInfo: packageName: com.snapmealapp, useThemeIcon: false, height: 114, width: 114, density: 480
10-12 17:28:10.774  2918  7225 I GetBitmapInfoOperationImpl: getBitmapInfo: userId = [0], primaryColor = [-657931 -> #F5F5F5], isInstantApp = [false], isSecureFolderApp = [false]
10-12 17:28:10.775  2918  7225 I TaskIconCache: getCacheEntry: taskId = 9043, icon null
10-12 17:28:10.781  2918  7225 I AppIconSolution: getThemeIconWithBG called with public API, pkg = com.sec.android.app.myfiles, mode = 48
10-12 17:28:10.782  2918  7225 I AppIconSolution: return adaptive icon for com.sec.android.app.myfiles, isNight = false
10-12 17:28:10.782  2918  7225 I LauncherActivityInfo: packageName: com.sec.android.app.myfiles, useThemeIcon: false, height: 216, width: 216, density: 480
10-12 17:28:10.782  2918  7225 I GetBitmapInfoOperationImpl: getBitmapInfo: userId = [0], primaryColor = [-16547330 -> #0381FE], isInstantApp = [false], isSecureFolderApp = [false]
10-12 17:28:10.783  1281  1281 I Layer   : id=155183 Destroyed Surface(name=Task=1)/@0xd1bef2d - animation-leash of app_transition#155183
10-12 17:28:10.783  1281  1281 I Layer   : id=155182 Destroyed Surface(name=Task=9053)/@0xc6f71ff - animation-leash of app_transition#155182
10-12 17:28:10.783  1281  1281 I Layer   : id=155184 Destroyed Surface(name=WallpaperWindowToken{811af3f token=android.os.Binder@14977e3})/@0xfe8d6e5 - animation-leash of window_animation#155184
10-12 17:28:10.842  1624  2235 D SemNscXgbMsL1: Probability - Cloud gaming: [0.16463768]
10-12 17:28:10.843  1624  2235 D SemNscXgbMsL1: Probability - Real time: [0.6091931]
10-12 17:28:10.843  1624  2235 D SemNscXgbMsL1: Probability - Non real time: [0.4909526]
10-12 17:28:10.843  1624  2235 D SemNscXgbMsL1: 1 sample inference time: 0.290307 msecs
10-12 17:28:10.843  1624  2235 D SemNscXgbL2Rt: L2 RT 1 sample inference time: 0.553 msecs
10-12 17:28:10.844  1624  2235 D SemNscXgbL2Nrt: L2 NRT 1 sample inference time: 0.622 msecs
10-12 17:28:10.844  1624  2235 I SemWifiServiceDetector: NSD results: [1, 0, 1, 0, 1, 1, 1, 2, 1] Traff. type 2 Thr 33
10-12 17:28:10.845  1624  2238 D SemWifiOptimizer: enable=1 state=0x10 prev=0x10 new=0x10 force=0 mode=0
10-12 17:28:10.872  1624  1624 I GestureDetector: handleMessage TAP
10-12 17:28:10.872  1624  1765 I GestureDetector: handleMessage TAP
10-12 17:28:10.934  2918  2918 I SearchBarManager: alpha value: [1.0, 1.0, 1.0, 1.0, 1.0]
10-12 17:28:10.934  2918  2918 I HsClearAllManager: alpha value: [1.0, 1.0, 1.0, 1.0, 1.0]
10-12 17:28:10.934  2918  2918 I FgsManager: alpha value: [1.0, 1.0, 1.0, 1.0, 1.0]
10-12 17:28:10.934  2918  2918 I StateManager: onAnimationSuccess state : Overview
10-12 17:28:10.934  2918  2918 I StateManager: onStateTransitionEnd mState : Overview
10-12 17:28:10.934  2918  2918 I BaseActivity: removeActivityFlags, flags : 64
10-12 17:28:10.934  2918  2918 I HandOffManager: updateButtonVisibility, idx = 1
10-12 17:28:10.935  2918  2918 I HandOffManager: isOverviewState = true
10-12 17:28:10.935  2918  2918 I HandOffManager: needAnimateButton: idx = 1, isEnabled = true, needAnimate = true
10-12 17:28:10.935  2918  2918 I HandOffManager: animateButton, show = true, idx = 1
10-12 17:28:10.935  2918  2918 I HandOffManager: isOverviewState = true
10-12 17:28:10.935  2918  2918 I StateManager: goToStateAnimated mStateChanged is false
10-12 17:28:10.935  2918 16730 I EventInserter: showedHandoffApp
10-12 17:28:10.935  2918 16730 I EventInserter: sendLoggingOfHandoffApp
10-12 17:28:10.935  2918  3101 I LiveIconUpdateEventHandler: cancelMinuteChangeAlarm
10-12 17:28:10.936  2918  2918 I StateManager: End animation. mStateChanged is changed to False : Overview
10-12 17:28:10.936  2918  2918 I OverviewCommandHelper: scheduleNextTask, CommandInfo@445218725 (type=4, activeCallbacks=null), CommandInfo@445218725 (type=4, activeCallbacks=null)
10-12 17:28:10.936  2918  2918 I OverviewCommandHelper: executeNext - size : 0
10-12 17:28:10.940  2918  3101 I SPayUpdater: updateSpayHandler, show = false, defaultPage = false
10-12 17:28:10.941  4913  4913 I [MCF_SALOG]: onReceive - ignored event, 11111101
10-12 17:28:11.017  2918  2918 I SuggestedAppsManager: alpha value: [1.0, 1.0, 1.0, 1.0, 1.0]
10-12 17:28:11.048  1624  2226 I ChimeraAggressivePolicyHandler: executePolicy() - triggerSource: TRIGGER_SOURCE_HOME_IDLE
10-12 17:28:11.049  1624  2226 I ChimeraAggressivePolicyHandler: available memory: 2800624, free memory target: 1992704, quit chimera
10-12 17:28:11.060 15149 21442 I AlarmManager: setExactAndAllowWhileIdle [name: EQMon type: 2 triggerAtMillis: 1]
10-12 17:28:11.061  1624  2878 D CompatibilityChangeReporter: Compat change id reported: 171306433; UID 10230; state: ENABLED
10-12 17:28:11.061  1624  2878 D CompatibilityChangeReporter: Compat change id reported: 218533173; UID 10230; state: ENABLED
10-12 17:28:11.117  1281  1281 D SurfaceFlinger: GPIS:: requestGPIS
10-12 17:28:11.200  2918  2918 I HandOffManager: alpha value: [1.0, 1.0, 1.0, 1.0, 1.0, 0.0, 1.0]
10-12 17:28:11.237  1624  1996 D InputReader: Btn_touch(11): value=1 when=262976.524515
10-12 17:28:11.237  1624  1996 I InputReader: Touch event's action is 0x0 (id=3, t=0) [pCnt=1, s=0.59040 ] when=262976.524515
10-12 17:28:11.238  1624  1995 I InputDispatcher: Delivering touch to (2374): action: 0x4, f=0x0, d=0, 'd7accad', t=1 
10-12 17:28:11.238  1624  1995 I InputDispatcher: Delivering touch to (22202): action: 0x4, f=0x0, d=0, '13c170a', t=1 
10-12 17:28:11.238  1624  1995 I InputDispatcher: Delivering touch to (2918): action: 0x0, f=0x0, d=0, '1c5cc3 ', t=1 
10-12 17:28:11.239  1624  1765 I GestureDetector: obtain mCurrentDownEvent. id: 290669974 caller: com.android.server.wm.SystemGesturesPointerEventListener.onPointerEvent:203 com.android.server.wm.PointerEventDispatcher.onInputEvent:53 android.view.InputEventReceiver.dispatchInputEvent:285 
10-12 17:28:11.239  2918  2918 I ViewRootImpl@1b999d5[LauncherActivity]: ViewPostIme pointer 0
10-12 17:28:11.239  1624  1765 I GestureDetector: obtain mCurrentDownEvent. id: 290669974 caller: com.android.server.wm.SystemPerformancePointerEventListener.onPointerEvent:89 com.android.server.wm.PointerEventDispatcher.onInputEvent:53 android.view.InputEventReceiver.dispatchInputEvent:285 
10-12 17:28:11.239  2918  2918 W BaseDragLayer: dispatchTouchEvent, ACTION_DOWN - mTouchDispatchState = 9
10-12 17:28:11.239  2918  2918 W BaseDragLayer: findActiveController return false mTouchDispatchState = 9
10-12 17:28:11.246  1624  1765 I GestureDetector: obtain mCurrentMotionEventRaw. action: 2 id: 376483672
10-12 17:28:11.246  1624  1765 I GestureDetector: obtain mCurrentMotionEventRaw. action: 2 id: 376483672
10-12 17:28:11.246  1548  2298 I bauth_FPBAuthService: pcf : 0x1012, 0 ,3 ,0 ,0 ,0 ,0, 7.0.0.0
10-12 17:28:11.246  1548  2298 I bauth_FPBAuthService: thread id : 3, preenroll_flag : 0, nd cnt : 0, cso : 0, et : 0
10-12 17:28:11.246  1548  2298 I bauth_FPBAuthService: FPBAuthService, 11511
10-12 17:28:11.267  2918  2918 W BaseDragLayer: findActiveController return false mTouchDispatchState = 9
10-12 17:28:11.284  2918  2918 W BaseDragLayer: findActiveController return false mTouchDispatchState = 9
10-12 17:28:11.286  1624  1996 D InputReader: Btn_touch(11): value=0 when=262976.574166
